ARM Linker, 4.1 [Build 567] [Standard]

==============================================================================

Section Cross References

    startup_stm32f10x_hd.o(RESET) refers to startup_stm32f10x_hd.o(.text) for Reset_Handler
    startup_stm32f10x_hd.o(RESET) refers to stm32f10x_it.o(.text) for NMI_Handler
    startup_stm32f10x_hd.o(.text) refers to startup_stm32f10x_hd.o(STACK) for __initial_sp
    startup_stm32f10x_hd.o(.text) refers to entry.o(.ARM.Collect$$$$00000000) for __main
    main.o(.text) refers to misc.o(.text) for NVIC_PriorityGroupConfig
    main.o(.text) refers to stm32f10x_rcc.o(.text) for RCC_APB1PeriphClockCmd
    main.o(.text) refers to stm32f10x_tim.o(.text) for TIM_DeInit
    main.o(.text) refers to printfa.o(i.__0printf) for __2printf
    main.o(.text) refers to stm32f10x_gpio.o(.text) for GPIO_Init
    main.o(.text) refers to stm32f10x_exti.o(.text) for EXTI_ClearITPendingBit
    main.o(.text) refers to system_stm32f10x.o(.text) for SystemInit
    main.o(.text) refers to usart.o(.text) for USART1_init
    main.o(.text) refers to spi.o(.text) for SPI1_init
    main.o(.text) refers to dw1000.o(.text) for DW1000_init
    stm32f10x_it.o(.text) refers to stm32f10x_tim.o(.text) for TIM_ITConfig
    stm32f10x_it.o(.text) refers to stm32f10x_exti.o(.text) for EXTI_ClearITPendingBit
    stm32f10x_it.o(.text) refers to spi.o(.text) for Read_DW1000
    stm32f10x_it.o(.text) refers to dw1000.o(.text) for to_IDLE
    stm32f10x_it.o(.text) refers to printfa.o(i.__0printf) for __2printf
    stm32f10x_it.o(.text) refers to dflti.o(.text) for __aeabi_i2d
    stm32f10x_it.o(.text) refers to dmul.o(.text) for __aeabi_dmul
    stm32f10x_it.o(.text) refers to dadd.o(.text) for __aeabi_dadd
    stm32f10x_it.o(.text) refers to stm32f10x_gpio.o(.text) for GPIO_ReadInputDataBit
    stm32f10x_it.o(.text) refers to usart.o(.text) for usart_handle
    stm32f10x_it.o(.text) refers to stm32f10x_usart.o(.text) for USART_GetITStatus
    stm32f10x_it.o(.text) refers to stm32f10x_it.o(.data) for tx_power_flag
    stm32f10x_it.o(.text) refers to dw1000.o(.data) for Tx_stp_L
    stm32f10x_it.o(.text) refers to stm32f10x_it.o(.bss) for Receive_buffer
    spi.o(.text) refers to stm32f10x_rcc.o(.text) for RCC_APB2PeriphClockCmd
    spi.o(.text) refers to stm32f10x_gpio.o(.text) for GPIO_Init
    spi.o(.text) refers to stm32f10x_spi.o(.text) for SPI_Init
    spi.o(.text) refers to printfa.o(i.__0printf) for __2printf
    usart.o(.text) refers to misc.o(.text) for NVIC_PriorityGroupConfig
    usart.o(.text) refers to stm32f10x_rcc.o(.text) for RCC_APB2PeriphClockCmd
    usart.o(.text) refers to stm32f10x_gpio.o(.text) for GPIO_Init
    usart.o(.text) refers to stm32f10x_usart.o(.text) for USART_Init
    usart.o(.text) refers to printfa.o(i.__0printf) for __2printf
    usart.o(.text) refers to spi.o(.text) for Read_DW1000
    usart.o(.text) refers to stm32f10x_it.o(.data) for usart_status
    usart.o(.text) refers to stm32f10x_it.o(.bss) for usart_buffer
    usart.o(.text) refers to dw1000.o(.data) for window_length
    dw1000.o(.text) refers to spi.o(.text) for Write_DW1000
    dw1000.o(.text) refers to stm32f10x_spi.o(.text) for SPI_Init
    dw1000.o(.text) refers to stm32f10x_gpio.o(.text) for GPIO_ReadInputDataBit
    dw1000.o(.text) refers to printfa.o(i.__0printf) for __2printf
    dw1000.o(.text) refers to stm32f10x_it.o(.text) for TIMx_work
    dw1000.o(.text) refers to dfltui.o(.text) for __aeabi_ui2d
    dw1000.o(.text) refers to dmul.o(.text) for __aeabi_dmul
    dw1000.o(.text) refers to dadd.o(.text) for __aeabi_drsub
    dw1000.o(.text) refers to ddiv.o(.text) for __aeabi_ddiv
    dw1000.o(.text) refers to stm32f10x_it.o(.data) for distance_flag
    dw1000.o(.text) refers to dw1000.o(.bss) for Tx_Buff
    dw1000.o(.text) refers to dw1000.o(.data) for Location_Number
    dw1000.o(.text) refers to cdcmple.o(.text) for __aeabi_cdcmple
    dw1000.o(.text) refers to cdrcmple.o(.text) for __aeabi_cdrcmple
    dw1000.o(.text) refers to dflti.o(.text) for __aeabi_i2d
    dw1000.o(.text) refers to log.o(i.log) for log
    stm32f10x_gpio.o(.text) refers to stm32f10x_rcc.o(.text) for RCC_APB2PeriphResetCmd
    stm32f10x_spi.o(.text) refers to stm32f10x_rcc.o(.text) for RCC_APB2PeriphResetCmd
    stm32f10x_usart.o(.text) refers to stm32f10x_rcc.o(.text) for RCC_APB2PeriphResetCmd
    stm32f10x_rcc.o(.text) refers to stm32f10x_rcc.o(.data) for APBAHBPrescTable
    stm32f10x_tim.o(.text) refers to stm32f10x_rcc.o(.text) for RCC_APB2PeriphResetCmd
    log.o(i.__softfp_log) refers (Special) to iusefp.o(.text) for __I$use$fp
    log.o(i.__softfp_log) refers to log.o(i.log) for log
    log.o(i.log) refers (Special) to iusefp.o(.text) for __I$use$fp
    log.o(i.log) refers to dscalb.o(.text) for scalbn
    log.o(i.log) refers to errno.o(i.__set_errno) for __set_errno
    log.o(i.log) refers to ddiv.o(.text) for __aeabi_ddiv
    log.o(i.log) refers to dadd.o(.text) for __aeabi_dsub
    log.o(i.log) refers to cdcmple.o(.text) for __aeabi_cdcmpeq
    log.o(i.log) refers to dflti.o(.text) for __aeabi_i2d
    log.o(i.log) refers to dmul.o(.text) for __aeabi_dmul
    log.o(i.log) refers to poly.o(i.__kernel_poly) for __kernel_poly
    log.o(i.log) refers to qnan.o(.constdata) for __mathlib_zero
    log.o(i.log) refers to log.o(.constdata) for .constdata
    log.o(.constdata) refers (Special) to iusefp.o(.text) for __I$use$fp
    log_x.o(i.____softfp_log$lsc) refers (Special) to iusefp.o(.text) for __I$use$fp
    log_x.o(i.____softfp_log$lsc) refers to log_x.o(i.__log$lsc) for __log$lsc
    log_x.o(i.__log$lsc) refers (Special) to iusefp.o(.text) for __I$use$fp
    log_x.o(i.__log$lsc) refers to dscalb.o(.text) for scalbn
    log_x.o(i.__log$lsc) refers to errno.o(i.__set_errno) for __set_errno
    log_x.o(i.__log$lsc) refers to dadd.o(.text) for __aeabi_dsub
    log_x.o(i.__log$lsc) refers to cdcmple.o(.text) for __aeabi_cdcmpeq
    log_x.o(i.__log$lsc) refers to dflti.o(.text) for __aeabi_i2d
    log_x.o(i.__log$lsc) refers to dmul.o(.text) for __aeabi_dmul
    log_x.o(i.__log$lsc) refers to ddiv.o(.text) for __aeabi_ddiv
    log_x.o(i.__log$lsc) refers to poly.o(i.__kernel_poly) for __kernel_poly
    log_x.o(i.__log$lsc) refers to qnan.o(.constdata) for __mathlib_zero
    log_x.o(i.__log$lsc) refers to log_x.o(.constdata) for .constdata
    log_x.o(.constdata) refers (Special) to iusefp.o(.text) for __I$use$fp
    entry.o(.ARM.Collect$$$$00000000) refers (Special) to entry7.o(.ARM.Collect$$$$00000007) for _main_init
    entry.o(.ARM.Collect$$$$00000000) refers (Special) to entry5.o(.ARM.Collect$$$$00000004) for _main_scatterload
    entry.o(.ARM.Collect$$$$00000000) refers (Special) to entry2.o(.ARM.Collect$$$$00000001) for _main_stk
    printfb.o(i.__0fprintf$bare) refers to printfb.o(i._printf_core) for _printf_core
    printfb.o(i.__0fprintf$bare) refers to usart.o(.text) for fputc
    printfb.o(i.__0printf$bare) refers to printfb.o(i._printf_core) for _printf_core
    printfb.o(i.__0printf$bare) refers to usart.o(.text) for fputc
    printfb.o(i.__0printf$bare) refers to stdout.o(.data) for __stdout
    printfb.o(i.__0snprintf$bare) refers to printfb.o(i._printf_core) for _printf_core
    printfb.o(i.__0snprintf$bare) refers to printfb.o(i._snputc) for _snputc
    printfb.o(i.__0sprintf$bare) refers to printfb.o(i._printf_core) for _printf_core
    printfb.o(i.__0sprintf$bare) refers to printfb.o(i._sputc) for _sputc
    printfb.o(i.__0vfprintf$bare) refers to printfb.o(i._printf_core) for _printf_core
    printfb.o(i.__0vfprintf$bare) refers to usart.o(.text) for fputc
    printfb.o(i.__0vprintf$bare) refers to printfb.o(i._printf_core) for _printf_core
    printfb.o(i.__0vprintf$bare) refers to usart.o(.text) for fputc
    printfb.o(i.__0vprintf$bare) refers to stdout.o(.data) for __stdout
    printfb.o(i.__0vsnprintf$bare) refers to printfb.o(i._printf_core) for _printf_core
    printfb.o(i.__0vsnprintf$bare) refers to printfb.o(i._snputc) for _snputc
    printfb.o(i.__0vsprintf$bare) refers to printfb.o(i._printf_core) for _printf_core
    printfb.o(i.__0vsprintf$bare) refers to printfb.o(i._sputc) for _sputc
    printf0.o(i.__0fprintf$0) refers to printf0.o(i._printf_core) for _printf_core
    printf0.o(i.__0fprintf$0) refers to usart.o(.text) for fputc
    printf0.o(i.__0printf$0) refers to printf0.o(i._printf_core) for _printf_core
    printf0.o(i.__0printf$0) refers to usart.o(.text) for fputc
    printf0.o(i.__0printf$0) refers to stdout.o(.data) for __stdout
    printf0.o(i.__0snprintf$0) refers to printf0.o(i._printf_core) for _printf_core
    printf0.o(i.__0snprintf$0) refers to printf0.o(i._snputc) for _snputc
    printf0.o(i.__0sprintf$0) refers to printf0.o(i._printf_core) for _printf_core
    printf0.o(i.__0sprintf$0) refers to printf0.o(i._sputc) for _sputc
    printf0.o(i.__0vfprintf$0) refers to printf0.o(i._printf_core) for _printf_core
    printf0.o(i.__0vfprintf$0) refers to usart.o(.text) for fputc
    printf0.o(i.__0vprintf$0) refers to printf0.o(i._printf_core) for _printf_core
    printf0.o(i.__0vprintf$0) refers to usart.o(.text) for fputc
    printf0.o(i.__0vprintf$0) refers to stdout.o(.data) for __stdout
    printf0.o(i.__0vsnprintf$0) refers to printf0.o(i._printf_core) for _printf_core
    printf0.o(i.__0vsnprintf$0) refers to printf0.o(i._snputc) for _snputc
    printf0.o(i.__0vsprintf$0) refers to printf0.o(i._printf_core) for _printf_core
    printf0.o(i.__0vsprintf$0) refers to printf0.o(i._sputc) for _sputc
    printf1.o(i.__0fprintf$1) refers to printf1.o(i._printf_core) for _printf_core
    printf1.o(i.__0fprintf$1) refers to usart.o(.text) for fputc
    printf1.o(i.__0printf$1) refers to printf1.o(i._printf_core) for _printf_core
    printf1.o(i.__0printf$1) refers to usart.o(.text) for fputc
    printf1.o(i.__0printf$1) refers to stdout.o(.data) for __stdout
    printf1.o(i.__0snprintf$1) refers to printf1.o(i._printf_core) for _printf_core
    printf1.o(i.__0snprintf$1) refers to printf1.o(i._snputc) for _snputc
    printf1.o(i.__0sprintf$1) refers to printf1.o(i._printf_core) for _printf_core
    printf1.o(i.__0sprintf$1) refers to printf1.o(i._sputc) for _sputc
    printf1.o(i.__0vfprintf$1) refers to printf1.o(i._printf_core) for _printf_core
    printf1.o(i.__0vfprintf$1) refers to usart.o(.text) for fputc
    printf1.o(i.__0vprintf$1) refers to printf1.o(i._printf_core) for _printf_core
    printf1.o(i.__0vprintf$1) refers to usart.o(.text) for fputc
    printf1.o(i.__0vprintf$1) refers to stdout.o(.data) for __stdout
    printf1.o(i.__0vsnprintf$1) refers to printf1.o(i._printf_core) for _printf_core
    printf1.o(i.__0vsnprintf$1) refers to printf1.o(i._snputc) for _snputc
    printf1.o(i.__0vsprintf$1) refers to printf1.o(i._printf_core) for _printf_core
    printf1.o(i.__0vsprintf$1) refers to printf1.o(i._sputc) for _sputc
    printf1.o(i._printf_core) refers to uidiv.o(.text) for __aeabi_uidivmod
    printf2.o(i.__0fprintf$2) refers to printf2.o(i._printf_core) for _printf_core
    printf2.o(i.__0fprintf$2) refers to usart.o(.text) for fputc
    printf2.o(i.__0printf$2) refers to printf2.o(i._printf_core) for _printf_core
    printf2.o(i.__0printf$2) refers to usart.o(.text) for fputc
    printf2.o(i.__0printf$2) refers to stdout.o(.data) for __stdout
    printf2.o(i.__0snprintf$2) refers to printf2.o(i._printf_core) for _printf_core
    printf2.o(i.__0snprintf$2) refers to printf2.o(i._snputc) for _snputc
    printf2.o(i.__0sprintf$2) refers to printf2.o(i._printf_core) for _printf_core
    printf2.o(i.__0sprintf$2) refers to printf2.o(i._sputc) for _sputc
    printf2.o(i.__0vfprintf$2) refers to printf2.o(i._printf_core) for _printf_core
    printf2.o(i.__0vfprintf$2) refers to usart.o(.text) for fputc
    printf2.o(i.__0vprintf$2) refers to printf2.o(i._printf_core) for _printf_core
    printf2.o(i.__0vprintf$2) refers to usart.o(.text) for fputc
    printf2.o(i.__0vprintf$2) refers to stdout.o(.data) for __stdout
    printf2.o(i.__0vsnprintf$2) refers to printf2.o(i._printf_core) for _printf_core
    printf2.o(i.__0vsnprintf$2) refers to printf2.o(i._snputc) for _snputc
    printf2.o(i.__0vsprintf$2) refers to printf2.o(i._printf_core) for _printf_core
    printf2.o(i.__0vsprintf$2) refers to printf2.o(i._sputc) for _sputc
    printf3.o(i.__0fprintf$3) refers to printf3.o(i._printf_core) for _printf_core
    printf3.o(i.__0fprintf$3) refers to usart.o(.text) for fputc
    printf3.o(i.__0printf$3) refers to printf3.o(i._printf_core) for _printf_core
    printf3.o(i.__0printf$3) refers to usart.o(.text) for fputc
    printf3.o(i.__0printf$3) refers to stdout.o(.data) for __stdout
    printf3.o(i.__0snprintf$3) refers to printf3.o(i._printf_core) for _printf_core
    printf3.o(i.__0snprintf$3) refers to printf3.o(i._snputc) for _snputc
    printf3.o(i.__0sprintf$3) refers to printf3.o(i._printf_core) for _printf_core
    printf3.o(i.__0sprintf$3) refers to printf3.o(i._sputc) for _sputc
    printf3.o(i.__0vfprintf$3) refers to printf3.o(i._printf_core) for _printf_core
    printf3.o(i.__0vfprintf$3) refers to usart.o(.text) for fputc
    printf3.o(i.__0vprintf$3) refers to printf3.o(i._printf_core) for _printf_core
    printf3.o(i.__0vprintf$3) refers to usart.o(.text) for fputc
    printf3.o(i.__0vprintf$3) refers to stdout.o(.data) for __stdout
    printf3.o(i.__0vsnprintf$3) refers to printf3.o(i._printf_core) for _printf_core
    printf3.o(i.__0vsnprintf$3) refers to printf3.o(i._snputc) for _snputc
    printf3.o(i.__0vsprintf$3) refers to printf3.o(i._printf_core) for _printf_core
    printf3.o(i.__0vsprintf$3) refers to printf3.o(i._sputc) for _sputc
    printf3.o(i._printf_core) refers to uidiv.o(.text) for __aeabi_uidivmod
    printf4.o(i.__0fprintf$4) refers to printf4.o(i._printf_core) for _printf_core
    printf4.o(i.__0fprintf$4) refers to usart.o(.text) for fputc
    printf4.o(i.__0printf$4) refers to printf4.o(i._printf_core) for _printf_core
    printf4.o(i.__0printf$4) refers to usart.o(.text) for fputc
    printf4.o(i.__0printf$4) refers to stdout.o(.data) for __stdout
    printf4.o(i.__0snprintf$4) refers to printf4.o(i._printf_core) for _printf_core
    printf4.o(i.__0snprintf$4) refers to printf4.o(i._snputc) for _snputc
    printf4.o(i.__0sprintf$4) refers to printf4.o(i._printf_core) for _printf_core
    printf4.o(i.__0sprintf$4) refers to printf4.o(i._sputc) for _sputc
    printf4.o(i.__0vfprintf$4) refers to printf4.o(i._printf_core) for _printf_core
    printf4.o(i.__0vfprintf$4) refers to usart.o(.text) for fputc
    printf4.o(i.__0vprintf$4) refers to printf4.o(i._printf_core) for _printf_core
    printf4.o(i.__0vprintf$4) refers to usart.o(.text) for fputc
    printf4.o(i.__0vprintf$4) refers to stdout.o(.data) for __stdout
    printf4.o(i.__0vsnprintf$4) refers to printf4.o(i._printf_core) for _printf_core
    printf4.o(i.__0vsnprintf$4) refers to printf4.o(i._snputc) for _snputc
    printf4.o(i.__0vsprintf$4) refers to printf4.o(i._printf_core) for _printf_core
    printf4.o(i.__0vsprintf$4) refers to printf4.o(i._sputc) for _sputc
    printf4.o(i._printf_core) refers to uldiv.o(.text) for __aeabi_uldivmod
    printf5.o(i.__0fprintf$5) refers to printf5.o(i._printf_core) for _printf_core
    printf5.o(i.__0fprintf$5) refers to usart.o(.text) for fputc
    printf5.o(i.__0printf$5) refers to printf5.o(i._printf_core) for _printf_core
    printf5.o(i.__0printf$5) refers to usart.o(.text) for fputc
    printf5.o(i.__0printf$5) refers to stdout.o(.data) for __stdout
    printf5.o(i.__0snprintf$5) refers to printf5.o(i._printf_core) for _printf_core
    printf5.o(i.__0snprintf$5) refers to printf5.o(i._snputc) for _snputc
    printf5.o(i.__0sprintf$5) refers to printf5.o(i._printf_core) for _printf_core
    printf5.o(i.__0sprintf$5) refers to printf5.o(i._sputc) for _sputc
    printf5.o(i.__0vfprintf$5) refers to printf5.o(i._printf_core) for _printf_core
    printf5.o(i.__0vfprintf$5) refers to usart.o(.text) for fputc
    printf5.o(i.__0vprintf$5) refers to printf5.o(i._printf_core) for _printf_core
    printf5.o(i.__0vprintf$5) refers to usart.o(.text) for fputc
    printf5.o(i.__0vprintf$5) refers to stdout.o(.data) for __stdout
    printf5.o(i.__0vsnprintf$5) refers to printf5.o(i._printf_core) for _printf_core
    printf5.o(i.__0vsnprintf$5) refers to printf5.o(i._snputc) for _snputc
    printf5.o(i.__0vsprintf$5) refers to printf5.o(i._printf_core) for _printf_core
    printf5.o(i.__0vsprintf$5) refers to printf5.o(i._sputc) for _sputc
    printf5.o(i._printf_core) refers to uldiv.o(.text) for __aeabi_uldivmod
    printf6.o(i.__0fprintf$6) refers to printf6.o(i._printf_core) for _printf_core
    printf6.o(i.__0fprintf$6) refers to usart.o(.text) for fputc
    printf6.o(i.__0printf$6) refers to printf6.o(i._printf_core) for _printf_core
    printf6.o(i.__0printf$6) refers to usart.o(.text) for fputc
    printf6.o(i.__0printf$6) refers to stdout.o(.data) for __stdout
    printf6.o(i.__0snprintf$6) refers to printf6.o(i._printf_core) for _printf_core
    printf6.o(i.__0snprintf$6) refers to printf6.o(i._snputc) for _snputc
    printf6.o(i.__0sprintf$6) refers to printf6.o(i._printf_core) for _printf_core
    printf6.o(i.__0sprintf$6) refers to printf6.o(i._sputc) for _sputc
    printf6.o(i.__0vfprintf$6) refers to printf6.o(i._printf_core) for _printf_core
    printf6.o(i.__0vfprintf$6) refers to usart.o(.text) for fputc
    printf6.o(i.__0vprintf$6) refers to printf6.o(i._printf_core) for _printf_core
    printf6.o(i.__0vprintf$6) refers to usart.o(.text) for fputc
    printf6.o(i.__0vprintf$6) refers to stdout.o(.data) for __stdout
    printf6.o(i.__0vsnprintf$6) refers to printf6.o(i._printf_core) for _printf_core
    printf6.o(i.__0vsnprintf$6) refers to printf6.o(i._snputc) for _snputc
    printf6.o(i.__0vsprintf$6) refers to printf6.o(i._printf_core) for _printf_core
    printf6.o(i.__0vsprintf$6) refers to printf6.o(i._sputc) for _sputc
    printf6.o(i._printf_core) refers to printf6.o(i._printf_pre_padding) for _printf_pre_padding
    printf6.o(i._printf_core) refers to uidiv.o(.text) for __aeabi_uidivmod
    printf6.o(i._printf_core) refers to printf6.o(i._printf_post_padding) for _printf_post_padding
    printf7.o(i.__0fprintf$7) refers to printf7.o(i._printf_core) for _printf_core
    printf7.o(i.__0fprintf$7) refers to usart.o(.text) for fputc
    printf7.o(i.__0printf$7) refers to printf7.o(i._printf_core) for _printf_core
    printf7.o(i.__0printf$7) refers to usart.o(.text) for fputc
    printf7.o(i.__0printf$7) refers to stdout.o(.data) for __stdout
    printf7.o(i.__0snprintf$7) refers to printf7.o(i._printf_core) for _printf_core
    printf7.o(i.__0snprintf$7) refers to printf7.o(i._snputc) for _snputc
    printf7.o(i.__0sprintf$7) refers to printf7.o(i._printf_core) for _printf_core
    printf7.o(i.__0sprintf$7) refers to printf7.o(i._sputc) for _sputc
    printf7.o(i.__0vfprintf$7) refers to printf7.o(i._printf_core) for _printf_core
    printf7.o(i.__0vfprintf$7) refers to usart.o(.text) for fputc
    printf7.o(i.__0vprintf$7) refers to printf7.o(i._printf_core) for _printf_core
    printf7.o(i.__0vprintf$7) refers to usart.o(.text) for fputc
    printf7.o(i.__0vprintf$7) refers to stdout.o(.data) for __stdout
    printf7.o(i.__0vsnprintf$7) refers to printf7.o(i._printf_core) for _printf_core
    printf7.o(i.__0vsnprintf$7) refers to printf7.o(i._snputc) for _snputc
    printf7.o(i.__0vsprintf$7) refers to printf7.o(i._printf_core) for _printf_core
    printf7.o(i.__0vsprintf$7) refers to printf7.o(i._sputc) for _sputc
    printf7.o(i._printf_core) refers to printf7.o(i._printf_pre_padding) for _printf_pre_padding
    printf7.o(i._printf_core) refers to uldiv.o(.text) for __aeabi_uldivmod
    printf7.o(i._printf_core) refers to printf7.o(i._printf_post_padding) for _printf_post_padding
    printf8.o(i.__0fprintf$8) refers to printf8.o(i._printf_core) for _printf_core
    printf8.o(i.__0fprintf$8) refers to usart.o(.text) for fputc
    printf8.o(i.__0printf$8) refers to printf8.o(i._printf_core) for _printf_core
    printf8.o(i.__0printf$8) refers to usart.o(.text) for fputc
    printf8.o(i.__0printf$8) refers to stdout.o(.data) for __stdout
    printf8.o(i.__0snprintf$8) refers to printf8.o(i._printf_core) for _printf_core
    printf8.o(i.__0snprintf$8) refers to printf8.o(i._snputc) for _snputc
    printf8.o(i.__0sprintf$8) refers to printf8.o(i._printf_core) for _printf_core
    printf8.o(i.__0sprintf$8) refers to printf8.o(i._sputc) for _sputc
    printf8.o(i.__0vfprintf$8) refers to printf8.o(i._printf_core) for _printf_core
    printf8.o(i.__0vfprintf$8) refers to usart.o(.text) for fputc
    printf8.o(i.__0vprintf$8) refers to printf8.o(i._printf_core) for _printf_core
    printf8.o(i.__0vprintf$8) refers to usart.o(.text) for fputc
    printf8.o(i.__0vprintf$8) refers to stdout.o(.data) for __stdout
    printf8.o(i.__0vsnprintf$8) refers to printf8.o(i._printf_core) for _printf_core
    printf8.o(i.__0vsnprintf$8) refers to printf8.o(i._snputc) for _snputc
    printf8.o(i.__0vsprintf$8) refers to printf8.o(i._printf_core) for _printf_core
    printf8.o(i.__0vsprintf$8) refers to printf8.o(i._sputc) for _sputc
    printf8.o(i._printf_core) refers to printf8.o(i._printf_pre_padding) for _printf_pre_padding
    printf8.o(i._printf_core) refers to uldiv.o(.text) for __aeabi_uldivmod
    printf8.o(i._printf_core) refers to printf8.o(i._printf_post_padding) for _printf_post_padding
    printfa.o(i.__0fprintf) refers (Special) to iusefp.o(.text) for __I$use$fp
    printfa.o(i.__0fprintf) refers to printfa.o(i._printf_core) for _printf_core
    printfa.o(i.__0fprintf) refers to usart.o(.text) for fputc
    printfa.o(i.__0printf) refers (Special) to iusefp.o(.text) for __I$use$fp
    printfa.o(i.__0printf) refers to printfa.o(i._printf_core) for _printf_core
    printfa.o(i.__0printf) refers to usart.o(.text) for fputc
    printfa.o(i.__0printf) refers to stdout.o(.data) for __stdout
    printfa.o(i.__0snprintf) refers (Special) to iusefp.o(.text) for __I$use$fp
    printfa.o(i.__0snprintf) refers to printfa.o(i._printf_core) for _printf_core
    printfa.o(i.__0snprintf) refers to printfa.o(i._snputc) for _snputc
    printfa.o(i.__0sprintf) refers (Special) to iusefp.o(.text) for __I$use$fp
    printfa.o(i.__0sprintf) refers to printfa.o(i._printf_core) for _printf_core
    printfa.o(i.__0sprintf) refers to printfa.o(i._sputc) for _sputc
    printfa.o(i.__0vfprintf) refers (Special) to iusefp.o(.text) for __I$use$fp
    printfa.o(i.__0vfprintf) refers to printfa.o(i._printf_core) for _printf_core
    printfa.o(i.__0vfprintf) refers to usart.o(.text) for fputc
    printfa.o(i.__0vprintf) refers (Special) to iusefp.o(.text) for __I$use$fp
    printfa.o(i.__0vprintf) refers to printfa.o(i._printf_core) for _printf_core
    printfa.o(i.__0vprintf) refers to usart.o(.text) for fputc
    printfa.o(i.__0vprintf) refers to stdout.o(.data) for __stdout
    printfa.o(i.__0vsnprintf) refers (Special) to iusefp.o(.text) for __I$use$fp
    printfa.o(i.__0vsnprintf) refers to printfa.o(i._printf_core) for _printf_core
    printfa.o(i.__0vsnprintf) refers to printfa.o(i._snputc) for _snputc
    printfa.o(i.__0vsprintf) refers (Special) to iusefp.o(.text) for __I$use$fp
    printfa.o(i.__0vsprintf) refers to printfa.o(i._printf_core) for _printf_core
    printfa.o(i.__0vsprintf) refers to printfa.o(i._sputc) for _sputc
    printfa.o(i._fp_digits) refers (Special) to iusefp.o(.text) for __I$use$fp
    printfa.o(i._fp_digits) refers to dmul.o(.text) for __aeabi_dmul
    printfa.o(i._fp_digits) refers to ddiv.o(.text) for __aeabi_ddiv
    printfa.o(i._fp_digits) refers to cdrcmple.o(.text) for __aeabi_cdrcmple
    printfa.o(i._fp_digits) refers to dadd.o(.text) for __aeabi_dadd
    printfa.o(i._fp_digits) refers to dfixul.o(.text) for __aeabi_d2ulz
    printfa.o(i._fp_digits) refers to uldiv.o(.text) for __aeabi_uldivmod
    printfa.o(i._printf_core) refers (Special) to iusefp.o(.text) for __I$use$fp
    printfa.o(i._printf_core) refers to printfa.o(i._printf_pre_padding) for _printf_pre_padding
    printfa.o(i._printf_core) refers to uldiv.o(.text) for __aeabi_uldivmod
    printfa.o(i._printf_core) refers to printfa.o(i._printf_post_padding) for _printf_post_padding
    printfa.o(i._printf_core) refers to printfa.o(i._fp_digits) for _fp_digits
    printfa.o(i._printf_core) refers to uidiv.o(.text) for __aeabi_uidivmod
    printfa.o(i._printf_post_padding) refers (Special) to iusefp.o(.text) for __I$use$fp
    printfa.o(i._printf_pre_padding) refers (Special) to iusefp.o(.text) for __I$use$fp
    printfa.o(i._snputc) refers (Special) to iusefp.o(.text) for __I$use$fp
    printfa.o(i._sputc) refers (Special) to iusefp.o(.text) for __I$use$fp
    dadd.o(.text) refers (Special) to iusefp.o(.text) for __I$use$fp
    dadd.o(.text) refers to llshl.o(.text) for __aeabi_llsl
    dadd.o(.text) refers to llsshr.o(.text) for __aeabi_lasr
    dadd.o(.text) refers to depilogue.o(.text) for _double_epilogue
    dmul.o(.text) refers (Special) to iusefp.o(.text) for __I$use$fp
    dmul.o(.text) refers to depilogue.o(.text) for _double_epilogue
    ddiv.o(.text) refers (Special) to iusefp.o(.text) for __I$use$fp
    ddiv.o(.text) refers to depilogue.o(.text) for _double_round
    dflti.o(.text) refers (Special) to iusefp.o(.text) for __I$use$fp
    dflti.o(.text) refers to depilogue.o(.text) for _double_epilogue
    dfltui.o(.text) refers (Special) to iusefp.o(.text) for __I$use$fp
    dfltui.o(.text) refers to depilogue.o(.text) for _double_epilogue
    cdcmple.o(.text) refers (Special) to iusefp.o(.text) for __I$use$fp
    cdrcmple.o(.text) refers (Special) to iusefp.o(.text) for __I$use$fp
    poly.o(i.__kernel_poly) refers (Special) to iusefp.o(.text) for __I$use$fp
    poly.o(i.__kernel_poly) refers to dmul.o(.text) for __aeabi_dmul
    poly.o(i.__kernel_poly) refers to dadd.o(.text) for __aeabi_dadd
    qnan.o(.constdata) refers (Special) to iusefp.o(.text) for __I$use$fp
    entry2.o(.ARM.Collect$$$$00000001) refers to entry2.o(.ARM.Collect$$$$00002712) for __lit__00000000
    entry2.o(.ARM.Collect$$$$00002712) refers to startup_stm32f10x_hd.o(STACK) for __initial_sp
    entry2.o(__vectab_stack_and_reset_area) refers to startup_stm32f10x_hd.o(STACK) for __initial_sp
    entry2.o(__vectab_stack_and_reset_area) refers to entry.o(.ARM.Collect$$$$00000000) for __main
    entry5.o(.ARM.Collect$$$$00000004) refers to init.o(.text) for __scatterload
    entry7.o(.ARM.Collect$$$$00000007) refers to main.o(.text) for main
    uldiv.o(.text) refers to llushr.o(.text) for __aeabi_llsr
    uldiv.o(.text) refers to llshl.o(.text) for __aeabi_llsl
    errno.o(i.__aeabi_errno_addr) refers to errno.o(.data) for .data
    errno.o(i.__read_errno) refers to errno.o(.data) for .data
    errno.o(i.__set_errno) refers to errno.o(.data) for .data
    depilogue.o(.text) refers to llshl.o(.text) for __aeabi_llsl
    depilogue.o(.text) refers to llushr.o(.text) for __aeabi_llsr
    dfixul.o(.text) refers to llushr.o(.text) for __aeabi_llsr
    dfixul.o(.text) refers to llshl.o(.text) for __aeabi_llsl
    init.o(.text) refers to entry5.o(.ARM.Collect$$$$00000004) for __main_after_scatterload


==============================================================================

Removing Unused input sections from the image.

    Removing startup_stm32f10x_hd.o(HEAP), (0 bytes).
    Removing main.o(.data), (4 bytes).
    Removing core_cm3.o(.emb_text), (32 bytes).
    Removing system_stm32f10x.o(.constdata), (20 bytes).

4 unused section(s) (total 56 bytes) removed from the image.

==============================================================================

Image Symbol Table

    Local Symbols

    Symbol Name                              Value     Ov Type        Size  Object(Section)

    ../../log.c                              0x00000000   Number         0  log.o ABSOLUTE
    ../../log.c                              0x00000000   Number         0  log_x.o ABSOLUTE
    ../../microlib/division.c                0x00000000   Number         0  uidiv.o ABSOLUTE
    ../../microlib/division.c                0x00000000   Number         0  uldiv.o ABSOLUTE
    ../../microlib/errno.c                   0x00000000   Number         0  errno.o ABSOLUTE
    ../../microlib/fpadd.c                   0x00000000   Number         0  dadd.o ABSOLUTE
    ../../microlib/fpdiv.c                   0x00000000   Number         0  ddiv.o ABSOLUTE
    ../../microlib/fpepilogue.c              0x00000000   Number         0  depilogue.o ABSOLUTE
    ../../microlib/fpfix.c                   0x00000000   Number         0  dfixul.o ABSOLUTE
    ../../microlib/fpflt.c                   0x00000000   Number         0  dflti.o ABSOLUTE
    ../../microlib/fpflt.c                   0x00000000   Number         0  dfltui.o ABSOLUTE
    ../../microlib/fpmul.c                   0x00000000   Number         0  dmul.o ABSOLUTE
    ../../microlib/fpscalb.c                 0x00000000   Number         0  dscalb.o ABSOLUTE
    ../../microlib/init/entry.s              0x00000000   Number         0  entry.o ABSOLUTE
    ../../microlib/init/entry.s              0x00000000   Number         0  entry7.o ABSOLUTE
    ../../microlib/init/entry.s              0x00000000   Number         0  entry5.o ABSOLUTE
    ../../microlib/init/entry.s              0x00000000   Number         0  entry2.o ABSOLUTE
    ../../microlib/longlong.c                0x00000000   Number         0  llushr.o ABSOLUTE
    ../../microlib/longlong.c                0x00000000   Number         0  llsshr.o ABSOLUTE
    ../../microlib/longlong.c                0x00000000   Number         0  llshl.o ABSOLUTE
    ../../microlib/printf/printf.c           0x00000000   Number         0  printfa.o ABSOLUTE
    ../../microlib/printf/printf.c           0x00000000   Number         0  printf8.o ABSOLUTE
    ../../microlib/printf/printf.c           0x00000000   Number         0  printf6.o ABSOLUTE
    ../../microlib/printf/printf.c           0x00000000   Number         0  printf5.o ABSOLUTE
    ../../microlib/printf/printf.c           0x00000000   Number         0  printf4.o ABSOLUTE
    ../../microlib/printf/printf.c           0x00000000   Number         0  printfb.o ABSOLUTE
    ../../microlib/printf/printf.c           0x00000000   Number         0  printf7.o ABSOLUTE
    ../../microlib/printf/printf.c           0x00000000   Number         0  printf0.o ABSOLUTE
    ../../microlib/printf/printf.c           0x00000000   Number         0  printf1.o ABSOLUTE
    ../../microlib/printf/printf.c           0x00000000   Number         0  printf2.o ABSOLUTE
    ../../microlib/printf/printf.c           0x00000000   Number         0  printf3.o ABSOLUTE
    ../../microlib/printf/stubs.s            0x00000000   Number         0  stubs.o ABSOLUTE
    ../../microlib/stdio/streams.c           0x00000000   Number         0  stdout.o ABSOLUTE
    ../../microlib/stubs.s                   0x00000000   Number         0  iusefp.o ABSOLUTE
    ../../poly.c                             0x00000000   Number         0  poly.o ABSOLUTE
    ../../qnan.c                             0x00000000   Number         0  qnan.o ABSOLUTE
    ..\CMSIS\core_cm3.c                      0x00000000   Number         0  core_cm3.o ABSOLUTE
    ..\CMSIS\startup\startup_stm32f10x_hd.s  0x00000000   Number         0  startup_stm32f10x_hd.o ABSOLUTE
    ..\CMSIS\system_stm32f10x.c              0x00000000   Number         0  system_stm32f10x.o ABSOLUTE
    ..\FWlib\src\misc.c                      0x00000000   Number         0  misc.o ABSOLUTE
    ..\FWlib\src\stm32f10x_exti.c            0x00000000   Number         0  stm32f10x_exti.o ABSOLUTE
    ..\FWlib\src\stm32f10x_gpio.c            0x00000000   Number         0  stm32f10x_gpio.o ABSOLUTE
    ..\FWlib\src\stm32f10x_rcc.c             0x00000000   Number         0  stm32f10x_rcc.o ABSOLUTE
    ..\FWlib\src\stm32f10x_spi.c             0x00000000   Number         0  stm32f10x_spi.o ABSOLUTE
    ..\FWlib\src\stm32f10x_tim.c             0x00000000   Number         0  stm32f10x_tim.o ABSOLUTE
    ..\FWlib\src\stm32f10x_usart.c           0x00000000   Number         0  stm32f10x_usart.o ABSOLUTE
    ..\\CMSIS\\core_cm3.c                    0x00000000   Number         0  core_cm3.o ABSOLUTE
    DW1000.c                                 0x00000000   Number         0  dw1000.o ABSOLUTE
    SPI.c                                    0x00000000   Number         0  spi.o ABSOLUTE
    USART.c                                  0x00000000   Number         0  usart.o ABSOLUTE
    cdcmple.s                                0x00000000   Number         0  cdcmple.o ABSOLUTE
    cdrcmple.s                               0x00000000   Number         0  cdrcmple.o ABSOLUTE
    dc.s                                     0x00000000   Number         0  dc.o ABSOLUTE
    handlers.s                               0x00000000   Number         0  handlers.o ABSOLUTE
    init.s                                   0x00000000   Number         0  init.o ABSOLUTE
    main.c                                   0x00000000   Number         0  main.o ABSOLUTE
    stm32f10x_it.c                           0x00000000   Number         0  stm32f10x_it.o ABSOLUTE
    RESET                                    0x08000000   Section      304  startup_stm32f10x_hd.o(RESET)
    .ARM.Collect$$$$00000000                 0x08000130   Section        0  entry.o(.ARM.Collect$$$$00000000)
    .ARM.Collect$$$$00000001                 0x08000130   Section        4  entry2.o(.ARM.Collect$$$$00000001)
    .ARM.Collect$$$$00000004                 0x08000134   Section        4  entry5.o(.ARM.Collect$$$$00000004)
    .ARM.Collect$$$$00000007                 0x08000138   Section        8  entry7.o(.ARM.Collect$$$$00000007)
    .ARM.Collect$$$$00002712                 0x08000140   Section        4  entry2.o(.ARM.Collect$$$$00002712)
    __lit__00000000                          0x08000140   Data           4  entry2.o(.ARM.Collect$$$$00002712)
    .text                                    0x08000144   Section       48  startup_stm32f10x_hd.o(.text)
    .text                                    0x08000174   Section        0  main.o(.text)
    .text                                    0x08000404   Section        0  stm32f10x_it.o(.text)
    .text                                    0x0800092c   Section        0  spi.o(.text)
    .text                                    0x08000b44   Section        0  usart.o(.text)
    .text                                    0x08000efc   Section        0  dw1000.o(.text)
    .text                                    0x080017c4   Section        0  stm32f10x_gpio.o(.text)
    .text                                    0x08001af0   Section        0  stm32f10x_spi.o(.text)
    .text                                    0x08001df4   Section        0  stm32f10x_usart.o(.text)
    .text                                    0x0800216c   Section        0  misc.o(.text)
    .text                                    0x08002264   Section        0  stm32f10x_rcc.o(.text)
    .text                                    0x08002604   Section        0  stm32f10x_exti.o(.text)
    .text                                    0x08002760   Section        0  stm32f10x_tim.o(.text)
    TI4_Config                               0x08002a63   Thumb Code    70  stm32f10x_tim.o(.text)
    TI3_Config                               0x08002abb   Thumb Code    64  stm32f10x_tim.o(.text)
    TI2_Config                               0x08002b11   Thumb Code    84  stm32f10x_tim.o(.text)
    TI1_Config                               0x08002b77   Thumb Code    54  stm32f10x_tim.o(.text)
    .text                                    0x080032c4   Section        0  system_stm32f10x.o(.text)
    SetSysClockTo72                          0x080032c5   Thumb Code   198  system_stm32f10x.o(.text)
    SetSysClock                              0x0800338b   Thumb Code     8  system_stm32f10x.o(.text)
    .text                                    0x080033e8   Section        0  dadd.o(.text)
    .text                                    0x08003532   Section        0  dmul.o(.text)
    .text                                    0x08003614   Section        0  ddiv.o(.text)
    .text                                    0x080036f2   Section        0  dflti.o(.text)
    .text                                    0x08003714   Section        0  dfltui.o(.text)
    .text                                    0x08003730   Section       40  cdcmple.o(.text)
    .text                                    0x08003758   Section       40  cdrcmple.o(.text)
    .text                                    0x08003780   Section        0  uidiv.o(.text)
    .text                                    0x080037ac   Section        0  uldiv.o(.text)
    .text                                    0x08003812   Section        0  llshl.o(.text)
    .text                                    0x08003830   Section        0  llsshr.o(.text)
    .text                                    0x08003854   Section        0  iusefp.o(.text)
    .text                                    0x08003854   Section        0  depilogue.o(.text)
    .text                                    0x08003916   Section        0  dscalb.o(.text)
    .text                                    0x08003944   Section        0  dfixul.o(.text)
    .text                                    0x08003974   Section       36  init.o(.text)
    .text                                    0x08003998   Section        0  llushr.o(.text)
    i.__0printf                              0x080039b8   Section        0  printfa.o(i.__0printf)
    i.__kernel_poly                          0x080039d8   Section        0  poly.o(i.__kernel_poly)
    i.__scatterload_copy                     0x08003a82   Section       14  handlers.o(i.__scatterload_copy)
    i.__scatterload_null                     0x08003a90   Section        2  handlers.o(i.__scatterload_null)
    i.__scatterload_zeroinit                 0x08003a92   Section       14  handlers.o(i.__scatterload_zeroinit)
    i.__set_errno                            0x08003aa0   Section        0  errno.o(i.__set_errno)
    i._fp_digits                             0x08003aac   Section        0  printfa.o(i._fp_digits)
    _fp_digits                               0x08003aad   Thumb Code   318  printfa.o(i._fp_digits)
    i._printf_core                           0x08003c00   Section        0  printfa.o(i._printf_core)
    _printf_core                             0x08003c01   Thumb Code  1734  printfa.o(i._printf_core)
    i._printf_post_padding                   0x080042d4   Section        0  printfa.o(i._printf_post_padding)
    _printf_post_padding                     0x080042d5   Thumb Code    38  printfa.o(i._printf_post_padding)
    i._printf_pre_padding                    0x080042fa   Section        0  printfa.o(i._printf_pre_padding)
    _printf_pre_padding                      0x080042fb   Thumb Code    46  printfa.o(i._printf_pre_padding)
    i.log                                    0x08004328   Section        0  log.o(i.log)
    .constdata                               0x08004698   Section       56  log.o(.constdata)
    Lg2                                      0x08004698   Data          24  log.o(.constdata)
    Lg                                       0x080046b0   Data          32  log.o(.constdata)
    .constdata                               0x080046d0   Section        8  qnan.o(.constdata)
    .data                                    0x20000000   Section       10  stm32f10x_it.o(.data)
    .data                                    0x20000010   Section       96  dw1000.o(.data)
    .data                                    0x20000070   Section       20  stm32f10x_rcc.o(.data)
    APBAHBPrescTable                         0x20000070   Data          16  stm32f10x_rcc.o(.data)
    ADCPrescTable                            0x20000080   Data           4  stm32f10x_rcc.o(.data)
    .data                                    0x20000084   Section        4  stdout.o(.data)
    .data                                    0x20000088   Section        4  errno.o(.data)
    _errno                                   0x20000088   Data           4  errno.o(.data)
    .bss                                     0x2000008c   Section       78  stm32f10x_it.o(.bss)
    .bss                                     0x200000da   Section       12  dw1000.o(.bss)
    STACK                                    0x200000e8   Section      512  startup_stm32f10x_hd.o(STACK)

    Global Symbols

    Symbol Name                              Value     Ov Type        Size  Object(Section)

    BuildAttributes$$THM_ISAv4$P$D$K$B$S$PE$A:L22UL41UL21$X:L11$S22US41US21$IEEE1$IW$USESV6$~STKCKD$USESV7$~SHL$OTIME$ROPI$IEEEJ$EBA8$MICROLIB$REQ8$PRES8$EABIv2 0x00000000   Number         0  anon$$obj.o ABSOLUTE
    __ARM_use_no_argv                        0x00000000   Number         0  main.o ABSOLUTE
    _printf_a                                0x00000000   Number         0  stubs.o ABSOLUTE
    _printf_c                                0x00000000   Number         0  stubs.o ABSOLUTE
    _printf_charcount                        0x00000000   Number         0  stubs.o ABSOLUTE
    _printf_d                                0x00000000   Number         0  stubs.o ABSOLUTE
    _printf_e                                0x00000000   Number         0  stubs.o ABSOLUTE
    _printf_f                                0x00000000   Number         0  stubs.o ABSOLUTE
    _printf_flags                            0x00000000   Number         0  stubs.o ABSOLUTE
    _printf_fp_dec                           0x00000000   Number         0  stubs.o ABSOLUTE
    _printf_fp_hex                           0x00000000   Number         0  stubs.o ABSOLUTE
    _printf_g                                0x00000000   Number         0  stubs.o ABSOLUTE
    _printf_i                                0x00000000   Number         0  stubs.o ABSOLUTE
    _printf_int_dec                          0x00000000   Number         0  stubs.o ABSOLUTE
    _printf_l                                0x00000000   Number         0  stubs.o ABSOLUTE
    _printf_lc                               0x00000000   Number         0  stubs.o ABSOLUTE
    _printf_ll                               0x00000000   Number         0  stubs.o ABSOLUTE
    _printf_lld                              0x00000000   Number         0  stubs.o ABSOLUTE
    _printf_lli                              0x00000000   Number         0  stubs.o ABSOLUTE
    _printf_llo                              0x00000000   Number         0  stubs.o ABSOLUTE
    _printf_llu                              0x00000000   Number         0  stubs.o ABSOLUTE
    _printf_llx                              0x00000000   Number         0  stubs.o ABSOLUTE
    _printf_longlong_dec                     0x00000000   Number         0  stubs.o ABSOLUTE
    _printf_longlong_hex                     0x00000000   Number         0  stubs.o ABSOLUTE
    _printf_longlong_oct                     0x00000000   Number         0  stubs.o ABSOLUTE
    _printf_ls                               0x00000000   Number         0  stubs.o ABSOLUTE
    _printf_mbtowc                           0x00000000   Number         0  stubs.o ABSOLUTE
    _printf_n                                0x00000000   Number         0  stubs.o ABSOLUTE
    _printf_o                                0x00000000   Number         0  stubs.o ABSOLUTE
    _printf_p                                0x00000000   Number         0  stubs.o ABSOLUTE
    _printf_percent                          0x00000000   Number         0  stubs.o ABSOLUTE
    _printf_pre_padding                      0x00000000   Number         0  stubs.o ABSOLUTE
    _printf_return_value                     0x00000000   Number         0  stubs.o ABSOLUTE
    _printf_s                                0x00000000   Number         0  stubs.o ABSOLUTE
    _printf_sizespec                         0x00000000   Number         0  stubs.o ABSOLUTE
    _printf_str                              0x00000000   Number         0  stubs.o ABSOLUTE
    _printf_truncate_signed                  0x00000000   Number         0  stubs.o ABSOLUTE
    _printf_truncate_unsigned                0x00000000   Number         0  stubs.o ABSOLUTE
    _printf_u                                0x00000000   Number         0  stubs.o ABSOLUTE
    _printf_wc                               0x00000000   Number         0  stubs.o ABSOLUTE
    _printf_wctomb                           0x00000000   Number         0  stubs.o ABSOLUTE
    _printf_widthprec                        0x00000000   Number         0  stubs.o ABSOLUTE
    _printf_x                                0x00000000   Number         0  stubs.o ABSOLUTE
    __decompress                              - Undefined Weak Reference
    __Vectors_Size                           0x00000130   Number         0  startup_stm32f10x_hd.o ABSOLUTE
    __Vectors                                0x08000000   Data           4  startup_stm32f10x_hd.o(RESET)
    __Vectors_End                            0x08000130   Data           0  startup_stm32f10x_hd.o(RESET)
    __main                                   0x08000131   Thumb Code     0  entry.o(.ARM.Collect$$$$00000000)
    _main_stk                                0x08000131   Thumb Code     0  entry2.o(.ARM.Collect$$$$00000001)
    _main_scatterload                        0x08000135   Thumb Code     0  entry5.o(.ARM.Collect$$$$00000004)
    __main_after_scatterload                 0x08000139   Thumb Code     0  entry5.o(.ARM.Collect$$$$00000004)
    _main_init                               0x08000139   Thumb Code     0  entry7.o(.ARM.Collect$$$$00000007)
    SystemInit_ExtMemCtl                     0x08000145   Thumb Code     2  startup_stm32f10x_hd.o(.text)
    Reset_Handler                            0x08000147   Thumb Code    14  startup_stm32f10x_hd.o(.text)
    ADC1_2_IRQHandler                        0x08000167   Thumb Code     0  startup_stm32f10x_hd.o(.text)
    ADC3_IRQHandler                          0x08000167   Thumb Code     0  startup_stm32f10x_hd.o(.text)
    CAN1_RX1_IRQHandler                      0x08000167   Thumb Code     0  startup_stm32f10x_hd.o(.text)
    CAN1_SCE_IRQHandler                      0x08000167   Thumb Code     0  startup_stm32f10x_hd.o(.text)
    DMA1_Channel1_IRQHandler                 0x08000167   Thumb Code     0  startup_stm32f10x_hd.o(.text)
    DMA1_Channel2_IRQHandler                 0x08000167   Thumb Code     0  startup_stm32f10x_hd.o(.text)
    DMA1_Channel3_IRQHandler                 0x08000167   Thumb Code     0  startup_stm32f10x_hd.o(.text)
    DMA1_Channel4_IRQHandler                 0x08000167   Thumb Code     0  startup_stm32f10x_hd.o(.text)
    DMA1_Channel5_IRQHandler                 0x08000167   Thumb Code     0  startup_stm32f10x_hd.o(.text)
    DMA1_Channel6_IRQHandler                 0x08000167   Thumb Code     0  startup_stm32f10x_hd.o(.text)
    DMA1_Channel7_IRQHandler                 0x08000167   Thumb Code     0  startup_stm32f10x_hd.o(.text)
    DMA2_Channel1_IRQHandler                 0x08000167   Thumb Code     0  startup_stm32f10x_hd.o(.text)
    DMA2_Channel2_IRQHandler                 0x08000167   Thumb Code     0  startup_stm32f10x_hd.o(.text)
    DMA2_Channel3_IRQHandler                 0x08000167   Thumb Code     0  startup_stm32f10x_hd.o(.text)
    DMA2_Channel4_5_IRQHandler               0x08000167   Thumb Code     0  startup_stm32f10x_hd.o(.text)
    EXTI0_IRQHandler                         0x08000167   Thumb Code     0  startup_stm32f10x_hd.o(.text)
    EXTI15_10_IRQHandler                     0x08000167   Thumb Code     0  startup_stm32f10x_hd.o(.text)
    EXTI2_IRQHandler                         0x08000167   Thumb Code     0  startup_stm32f10x_hd.o(.text)
    EXTI3_IRQHandler                         0x08000167   Thumb Code     0  startup_stm32f10x_hd.o(.text)
    EXTI4_IRQHandler                         0x08000167   Thumb Code     0  startup_stm32f10x_hd.o(.text)
    EXTI9_5_IRQHandler                       0x08000167   Thumb Code     0  startup_stm32f10x_hd.o(.text)
    FLASH_IRQHandler                         0x08000167   Thumb Code     0  startup_stm32f10x_hd.o(.text)
    FSMC_IRQHandler                          0x08000167   Thumb Code     0  startup_stm32f10x_hd.o(.text)
    I2C1_ER_IRQHandler                       0x08000167   Thumb Code     0  startup_stm32f10x_hd.o(.text)
    I2C1_EV_IRQHandler                       0x08000167   Thumb Code     0  startup_stm32f10x_hd.o(.text)
    I2C2_ER_IRQHandler                       0x08000167   Thumb Code     0  startup_stm32f10x_hd.o(.text)
    I2C2_EV_IRQHandler                       0x08000167   Thumb Code     0  startup_stm32f10x_hd.o(.text)
    PVD_IRQHandler                           0x08000167   Thumb Code     0  startup_stm32f10x_hd.o(.text)
    RCC_IRQHandler                           0x08000167   Thumb Code     0  startup_stm32f10x_hd.o(.text)
    RTCAlarm_IRQHandler                      0x08000167   Thumb Code     0  startup_stm32f10x_hd.o(.text)
    RTC_IRQHandler                           0x08000167   Thumb Code     0  startup_stm32f10x_hd.o(.text)
    SDIO_IRQHandler                          0x08000167   Thumb Code     0  startup_stm32f10x_hd.o(.text)
    SPI1_IRQHandler                          0x08000167   Thumb Code     0  startup_stm32f10x_hd.o(.text)
    SPI2_IRQHandler                          0x08000167   Thumb Code     0  startup_stm32f10x_hd.o(.text)
    SPI3_IRQHandler                          0x08000167   Thumb Code     0  startup_stm32f10x_hd.o(.text)
    TAMPER_IRQHandler                        0x08000167   Thumb Code     0  startup_stm32f10x_hd.o(.text)
    TIM1_BRK_IRQHandler                      0x08000167   Thumb Code     0  startup_stm32f10x_hd.o(.text)
    TIM1_CC_IRQHandler                       0x08000167   Thumb Code     0  startup_stm32f10x_hd.o(.text)
    TIM1_TRG_COM_IRQHandler                  0x08000167   Thumb Code     0  startup_stm32f10x_hd.o(.text)
    TIM1_UP_IRQHandler                       0x08000167   Thumb Code     0  startup_stm32f10x_hd.o(.text)
    TIM5_IRQHandler                          0x08000167   Thumb Code     0  startup_stm32f10x_hd.o(.text)
    TIM6_IRQHandler                          0x08000167   Thumb Code     0  startup_stm32f10x_hd.o(.text)
    TIM7_IRQHandler                          0x08000167   Thumb Code     0  startup_stm32f10x_hd.o(.text)
    TIM8_BRK_IRQHandler                      0x08000167   Thumb Code     0  startup_stm32f10x_hd.o(.text)
    TIM8_CC_IRQHandler                       0x08000167   Thumb Code     0  startup_stm32f10x_hd.o(.text)
    TIM8_TRG_COM_IRQHandler                  0x08000167   Thumb Code     0  startup_stm32f10x_hd.o(.text)
    TIM8_UP_IRQHandler                       0x08000167   Thumb Code     0  startup_stm32f10x_hd.o(.text)
    UART4_IRQHandler                         0x08000167   Thumb Code     0  startup_stm32f10x_hd.o(.text)
    UART5_IRQHandler                         0x08000167   Thumb Code     0  startup_stm32f10x_hd.o(.text)
    USART2_IRQHandler                        0x08000167   Thumb Code     0  startup_stm32f10x_hd.o(.text)
    USART3_IRQHandler                        0x08000167   Thumb Code     0  startup_stm32f10x_hd.o(.text)
    USBWakeUp_IRQHandler                     0x08000167   Thumb Code     0  startup_stm32f10x_hd.o(.text)
    USB_HP_CAN1_TX_IRQHandler                0x08000167   Thumb Code     0  startup_stm32f10x_hd.o(.text)
    USB_LP_CAN1_RX0_IRQHandler               0x08000167   Thumb Code     0  startup_stm32f10x_hd.o(.text)
    WWDG_IRQHandler                          0x08000167   Thumb Code     0  startup_stm32f10x_hd.o(.text)
    TIM2_init                                0x08000175   Thumb Code   122  main.o(.text)
    TIM3_init                                0x080001ef   Thumb Code    98  main.o(.text)
    TIM4_init                                0x08000251   Thumb Code    92  main.o(.text)
    EXTI_init                                0x080002ad   Thumb Code   128  main.o(.text)
    main                                     0x0800032d   Thumb Code    42  main.o(.text)
    NMI_Handler                              0x08000405   Thumb Code     2  stm32f10x_it.o(.text)
    HardFault_Handler                        0x08000407   Thumb Code     4  stm32f10x_it.o(.text)
    MemManage_Handler                        0x0800040b   Thumb Code     4  stm32f10x_it.o(.text)
    BusFault_Handler                         0x0800040f   Thumb Code     4  stm32f10x_it.o(.text)
    UsageFault_Handler                       0x08000413   Thumb Code     4  stm32f10x_it.o(.text)
    SVC_Handler                              0x08000417   Thumb Code     2  stm32f10x_it.o(.text)
    DebugMon_Handler                         0x08000419   Thumb Code     2  stm32f10x_it.o(.text)
    PendSV_Handler                           0x0800041b   Thumb Code     2  stm32f10x_it.o(.text)
    SysTick_Handler                          0x0800041d   Thumb Code     2  stm32f10x_it.o(.text)
    TIMx_stop                                0x0800041f   Thumb Code    50  stm32f10x_it.o(.text)
    TIMx_bezero                              0x08000451   Thumb Code    42  stm32f10x_it.o(.text)
    EXTI1_IRQHandler                         0x0800047b   Thumb Code   598  stm32f10x_it.o(.text)
    TIM2_IRQHandler                          0x080006d1   Thumb Code    26  stm32f10x_it.o(.text)
    TIM3_IRQHandler                          0x080006eb   Thumb Code   126  stm32f10x_it.o(.text)
    TIM4_IRQHandler                          0x08000769   Thumb Code    38  stm32f10x_it.o(.text)
    TIMx_work                                0x0800078f   Thumb Code    42  stm32f10x_it.o(.text)
    USART1_IRQHandler                        0x080007b9   Thumb Code   128  stm32f10x_it.o(.text)
    SPI1_init                                0x0800092d   Thumb Code   176  spi.o(.text)
    SPI_send_and_receive_byte                0x080009dd   Thumb Code    50  spi.o(.text)
    Write_DW1000                             0x08000a0f   Thumb Code   140  spi.o(.text)
    Read_DW1000                              0x08000a9b   Thumb Code   142  spi.o(.text)
    USART1_init                              0x08000b45   Thumb Code   182  usart.o(.text)
    fputc                                    0x08000bfb   Thumb Code    32  usart.o(.text)
    usart_handle                             0x08000c1b   Thumb Code   362  usart.o(.text)
    Tx_init                                  0x08000efd   Thumb Code    72  dw1000.o(.text)
    DW1000_init                              0x08000f45   Thumb Code   498  dw1000.o(.text)
    to_IDLE                                  0x08001137   Thumb Code    20  dw1000.o(.text)
    Location_polling                         0x0800114b   Thumb Code    62  dw1000.o(.text)
    RX_mode_enable                           0x08001189   Thumb Code    20  dw1000.o(.text)
    distance_measurement                     0x0800119d   Thumb Code   852  dw1000.o(.text)
    quality_measurement                      0x080014f1   Thumb Code   194  dw1000.o(.text)
    Read_Voltage_and_Temperature             0x080015b3   Thumb Code   376  dw1000.o(.text)
    GPIO_DeInit                              0x080017c5   Thumb Code   188  stm32f10x_gpio.o(.text)
    GPIO_AFIODeInit                          0x08001881   Thumb Code    20  stm32f10x_gpio.o(.text)
    GPIO_Init                                0x08001895   Thumb Code   274  stm32f10x_gpio.o(.text)
    GPIO_StructInit                          0x080019a7   Thumb Code    16  stm32f10x_gpio.o(.text)
    GPIO_ReadInputDataBit                    0x080019b7   Thumb Code    18  stm32f10x_gpio.o(.text)
    GPIO_ReadInputData                       0x080019c9   Thumb Code     8  stm32f10x_gpio.o(.text)
    GPIO_ReadOutputDataBit                   0x080019d1   Thumb Code    18  stm32f10x_gpio.o(.text)
    GPIO_ReadOutputData                      0x080019e3   Thumb Code     8  stm32f10x_gpio.o(.text)
    GPIO_SetBits                             0x080019eb   Thumb Code     4  stm32f10x_gpio.o(.text)
    GPIO_ResetBits                           0x080019ef   Thumb Code     4  stm32f10x_gpio.o(.text)
    GPIO_WriteBit                            0x080019f3   Thumb Code    10  stm32f10x_gpio.o(.text)
    GPIO_Write                               0x080019fd   Thumb Code     4  stm32f10x_gpio.o(.text)
    GPIO_PinLockConfig                       0x08001a01   Thumb Code    18  stm32f10x_gpio.o(.text)
    GPIO_EventOutputConfig                   0x08001a13   Thumb Code    26  stm32f10x_gpio.o(.text)
    GPIO_EventOutputCmd                      0x08001a2d   Thumb Code     6  stm32f10x_gpio.o(.text)
    GPIO_PinRemapConfig                      0x08001a33   Thumb Code   106  stm32f10x_gpio.o(.text)
    GPIO_EXTILineConfig                      0x08001a9d   Thumb Code    66  stm32f10x_gpio.o(.text)
    SPI_I2S_DeInit                           0x08001af1   Thumb Code    88  stm32f10x_spi.o(.text)
    SPI_Init                                 0x08001b49   Thumb Code    60  stm32f10x_spi.o(.text)
    I2S_Init                                 0x08001b85   Thumb Code   206  stm32f10x_spi.o(.text)
    SPI_StructInit                           0x08001c53   Thumb Code    24  stm32f10x_spi.o(.text)
    I2S_StructInit                           0x08001c6b   Thumb Code    20  stm32f10x_spi.o(.text)
    SPI_Cmd                                  0x08001c7f   Thumb Code    24  stm32f10x_spi.o(.text)
    I2S_Cmd                                  0x08001c97   Thumb Code    24  stm32f10x_spi.o(.text)
    SPI_I2S_ITConfig                         0x08001caf   Thumb Code    36  stm32f10x_spi.o(.text)
    SPI_I2S_DMACmd                           0x08001cd3   Thumb Code    24  stm32f10x_spi.o(.text)
    SPI_I2S_SendData                         0x08001ceb   Thumb Code     4  stm32f10x_spi.o(.text)
    SPI_I2S_ReceiveData                      0x08001cef   Thumb Code     6  stm32f10x_spi.o(.text)
    SPI_NSSInternalSoftwareConfig            0x08001cf5   Thumb Code    30  stm32f10x_spi.o(.text)
    SPI_SSOutputCmd                          0x08001d13   Thumb Code    24  stm32f10x_spi.o(.text)
    SPI_DataSizeConfig                       0x08001d2b   Thumb Code    18  stm32f10x_spi.o(.text)
    SPI_TransmitCRC                          0x08001d3d   Thumb Code    10  stm32f10x_spi.o(.text)
    SPI_CalculateCRC                         0x08001d47   Thumb Code    24  stm32f10x_spi.o(.text)
    SPI_GetCRC                               0x08001d5f   Thumb Code    16  stm32f10x_spi.o(.text)
    SPI_GetCRCPolynomial                     0x08001d6f   Thumb Code     6  stm32f10x_spi.o(.text)
    SPI_BiDirectionalLineConfig              0x08001d75   Thumb Code    28  stm32f10x_spi.o(.text)
    SPI_I2S_GetFlagStatus                    0x08001d91   Thumb Code    18  stm32f10x_spi.o(.text)
    SPI_I2S_ClearFlag                        0x08001da3   Thumb Code     6  stm32f10x_spi.o(.text)
    SPI_I2S_GetITStatus                      0x08001da9   Thumb Code    52  stm32f10x_spi.o(.text)
    SPI_I2S_ClearITPendingBit                0x08001ddd   Thumb Code    20  stm32f10x_spi.o(.text)
    USART_DeInit                             0x08001df5   Thumb Code   146  stm32f10x_usart.o(.text)
    USART_Init                               0x08001e87   Thumb Code   150  stm32f10x_usart.o(.text)
    USART_StructInit                         0x08001f1d   Thumb Code    24  stm32f10x_usart.o(.text)
    USART_ClockInit                          0x08001f35   Thumb Code    34  stm32f10x_usart.o(.text)
    USART_ClockStructInit                    0x08001f57   Thumb Code    12  stm32f10x_usart.o(.text)
    USART_Cmd                                0x08001f63   Thumb Code    24  stm32f10x_usart.o(.text)
    USART_ITConfig                           0x08001f7b   Thumb Code    64  stm32f10x_usart.o(.text)
    USART_DMACmd                             0x08001fbb   Thumb Code    24  stm32f10x_usart.o(.text)
    USART_SetAddress                         0x08001fd3   Thumb Code    18  stm32f10x_usart.o(.text)
    USART_WakeUpConfig                       0x08001fe5   Thumb Code    18  stm32f10x_usart.o(.text)
    USART_ReceiverWakeUpCmd                  0x08001ff7   Thumb Code    24  stm32f10x_usart.o(.text)
    USART_LINBreakDetectLengthConfig         0x0800200f   Thumb Code    18  stm32f10x_usart.o(.text)
    USART_LINCmd                             0x08002021   Thumb Code    24  stm32f10x_usart.o(.text)
    USART_SendData                           0x08002039   Thumb Code     8  stm32f10x_usart.o(.text)
    USART_ReceiveData                        0x08002041   Thumb Code    10  stm32f10x_usart.o(.text)
    USART_SendBreak                          0x0800204b   Thumb Code    10  stm32f10x_usart.o(.text)
    USART_SetGuardTime                       0x08002055   Thumb Code    16  stm32f10x_usart.o(.text)
    USART_SetPrescaler                       0x08002065   Thumb Code    16  stm32f10x_usart.o(.text)
    USART_SmartCardCmd                       0x08002075   Thumb Code    24  stm32f10x_usart.o(.text)
    USART_SmartCardNACKCmd                   0x0800208d   Thumb Code    24  stm32f10x_usart.o(.text)
    USART_HalfDuplexCmd                      0x080020a5   Thumb Code    24  stm32f10x_usart.o(.text)
    USART_IrDAConfig                         0x080020bd   Thumb Code    18  stm32f10x_usart.o(.text)
    USART_IrDACmd                            0x080020cf   Thumb Code    24  stm32f10x_usart.o(.text)
    USART_GetFlagStatus                      0x080020e7   Thumb Code    18  stm32f10x_usart.o(.text)
    USART_ClearFlag                          0x080020f9   Thumb Code     6  stm32f10x_usart.o(.text)
    USART_GetITStatus                        0x080020ff   Thumb Code    76  stm32f10x_usart.o(.text)
    USART_ClearITPendingBit                  0x0800214b   Thumb Code    20  stm32f10x_usart.o(.text)
    NVIC_PriorityGroupConfig                 0x0800216d   Thumb Code    10  misc.o(.text)
    NVIC_Init                                0x08002177   Thumb Code   118  misc.o(.text)
    NVIC_SetVectorTable                      0x080021ed   Thumb Code    12  misc.o(.text)
    NVIC_SystemLPConfig                      0x080021f9   Thumb Code    38  misc.o(.text)
    SysTick_CLKSourceConfig                  0x0800221f   Thumb Code    40  misc.o(.text)
    RCC_DeInit                               0x08002265   Thumb Code    62  stm32f10x_rcc.o(.text)
    RCC_HSEConfig                            0x080022a3   Thumb Code    70  stm32f10x_rcc.o(.text)
    RCC_GetFlagStatus                        0x080022e9   Thumb Code    56  stm32f10x_rcc.o(.text)
    RCC_WaitForHSEStartUp                    0x08002321   Thumb Code    46  stm32f10x_rcc.o(.text)
    RCC_AdjustHSICalibrationValue            0x0800234f   Thumb Code    20  stm32f10x_rcc.o(.text)
    RCC_HSICmd                               0x08002363   Thumb Code     6  stm32f10x_rcc.o(.text)
    RCC_PLLConfig                            0x08002369   Thumb Code    24  stm32f10x_rcc.o(.text)
    RCC_PLLCmd                               0x08002381   Thumb Code     6  stm32f10x_rcc.o(.text)
    RCC_SYSCLKConfig                         0x08002387   Thumb Code    18  stm32f10x_rcc.o(.text)
    RCC_GetSYSCLKSource                      0x08002399   Thumb Code    10  stm32f10x_rcc.o(.text)
    RCC_HCLKConfig                           0x080023a3   Thumb Code    18  stm32f10x_rcc.o(.text)
    RCC_PCLK1Config                          0x080023b5   Thumb Code    18  stm32f10x_rcc.o(.text)
    RCC_PCLK2Config                          0x080023c7   Thumb Code    20  stm32f10x_rcc.o(.text)
    RCC_ITConfig                             0x080023db   Thumb Code    30  stm32f10x_rcc.o(.text)
    RCC_USBCLKConfig                         0x080023f9   Thumb Code     6  stm32f10x_rcc.o(.text)
    RCC_ADCCLKConfig                         0x080023ff   Thumb Code    18  stm32f10x_rcc.o(.text)
    RCC_LSEConfig                            0x08002411   Thumb Code    44  stm32f10x_rcc.o(.text)
    RCC_LSICmd                               0x0800243d   Thumb Code     6  stm32f10x_rcc.o(.text)
    RCC_RTCCLKConfig                         0x08002443   Thumb Code    12  stm32f10x_rcc.o(.text)
    RCC_RTCCLKCmd                            0x0800244f   Thumb Code     6  stm32f10x_rcc.o(.text)
    RCC_GetClocksFreq                        0x08002455   Thumb Code   192  stm32f10x_rcc.o(.text)
    RCC_AHBPeriphClockCmd                    0x08002515   Thumb Code    26  stm32f10x_rcc.o(.text)
    RCC_APB2PeriphClockCmd                   0x0800252f   Thumb Code    26  stm32f10x_rcc.o(.text)
    RCC_APB1PeriphClockCmd                   0x08002549   Thumb Code    26  stm32f10x_rcc.o(.text)
    RCC_APB2PeriphResetCmd                   0x08002563   Thumb Code    26  stm32f10x_rcc.o(.text)
    RCC_APB1PeriphResetCmd                   0x0800257d   Thumb Code    26  stm32f10x_rcc.o(.text)
    RCC_BackupResetCmd                       0x08002597   Thumb Code     6  stm32f10x_rcc.o(.text)
    RCC_ClockSecuritySystemCmd               0x0800259d   Thumb Code     6  stm32f10x_rcc.o(.text)
    RCC_MCOConfig                            0x080025a3   Thumb Code     6  stm32f10x_rcc.o(.text)
    RCC_ClearFlag                            0x080025a9   Thumb Code    14  stm32f10x_rcc.o(.text)
    RCC_GetITStatus                          0x080025b7   Thumb Code    20  stm32f10x_rcc.o(.text)
    RCC_ClearITPendingBit                    0x080025cb   Thumb Code     6  stm32f10x_rcc.o(.text)
    EXTI_DeInit                              0x08002605   Thumb Code    30  stm32f10x_exti.o(.text)
    EXTI_Init                                0x08002623   Thumb Code   188  stm32f10x_exti.o(.text)
    EXTI_StructInit                          0x080026df   Thumb Code    16  stm32f10x_exti.o(.text)
    EXTI_GenerateSWInterrupt                 0x080026ef   Thumb Code    16  stm32f10x_exti.o(.text)
    EXTI_GetFlagStatus                       0x080026ff   Thumb Code    20  stm32f10x_exti.o(.text)
    EXTI_ClearFlag                           0x08002713   Thumb Code     6  stm32f10x_exti.o(.text)
    EXTI_GetITStatus                         0x08002719   Thumb Code    34  stm32f10x_exti.o(.text)
    EXTI_ClearITPendingBit                   0x0800273b   Thumb Code     6  stm32f10x_exti.o(.text)
    TIM_DeInit                               0x08002761   Thumb Code   214  stm32f10x_tim.o(.text)
    TIM_TimeBaseInit                         0x08002837   Thumb Code    50  stm32f10x_tim.o(.text)
    TIM_OC1Init                              0x08002869   Thumb Code   110  stm32f10x_tim.o(.text)
    TIM_OC2Init                              0x080028d7   Thumb Code   140  stm32f10x_tim.o(.text)
    TIM_OC3Init                              0x08002963   Thumb Code   136  stm32f10x_tim.o(.text)
    TIM_OC4Init                              0x080029eb   Thumb Code    98  stm32f10x_tim.o(.text)
    TIM_SetIC4Prescaler                      0x08002a4d   Thumb Code    22  stm32f10x_tim.o(.text)
    TIM_SetIC3Prescaler                      0x08002aa9   Thumb Code    18  stm32f10x_tim.o(.text)
    TIM_SetIC2Prescaler                      0x08002afb   Thumb Code    22  stm32f10x_tim.o(.text)
    TIM_SetIC1Prescaler                      0x08002b65   Thumb Code    18  stm32f10x_tim.o(.text)
    TIM_ICInit                               0x08002bad   Thumb Code   110  stm32f10x_tim.o(.text)
    TIM_PWMIConfig                           0x08002c1b   Thumb Code   124  stm32f10x_tim.o(.text)
    TIM_BDTRConfig                           0x08002c97   Thumb Code    32  stm32f10x_tim.o(.text)
    TIM_TimeBaseStructInit                   0x08002cb7   Thumb Code    18  stm32f10x_tim.o(.text)
    TIM_OCStructInit                         0x08002cc9   Thumb Code    20  stm32f10x_tim.o(.text)
    TIM_ICStructInit                         0x08002cdd   Thumb Code    18  stm32f10x_tim.o(.text)
    TIM_BDTRStructInit                       0x08002cef   Thumb Code    18  stm32f10x_tim.o(.text)
    TIM_Cmd                                  0x08002d01   Thumb Code    24  stm32f10x_tim.o(.text)
    TIM_CtrlPWMOutputs                       0x08002d19   Thumb Code    30  stm32f10x_tim.o(.text)
    TIM_ITConfig                             0x08002d37   Thumb Code    24  stm32f10x_tim.o(.text)
    TIM_GenerateEvent                        0x08002d4f   Thumb Code     4  stm32f10x_tim.o(.text)
    TIM_DMAConfig                            0x08002d53   Thumb Code    10  stm32f10x_tim.o(.text)
    TIM_DMACmd                               0x08002d5d   Thumb Code    24  stm32f10x_tim.o(.text)
    TIM_InternalClockConfig                  0x08002d75   Thumb Code    12  stm32f10x_tim.o(.text)
    TIM_SelectInputTrigger                   0x08002d81   Thumb Code    18  stm32f10x_tim.o(.text)
    TIM_ITRxExternalClockConfig              0x08002d93   Thumb Code    24  stm32f10x_tim.o(.text)
    TIM_TIxExternalClockConfig               0x08002dab   Thumb Code    62  stm32f10x_tim.o(.text)
    TIM_ETRConfig                            0x08002de9   Thumb Code    26  stm32f10x_tim.o(.text)
    TIM_ETRClockMode1Config                  0x08002e03   Thumb Code    54  stm32f10x_tim.o(.text)
    TIM_ETRClockMode2Config                  0x08002e39   Thumb Code    32  stm32f10x_tim.o(.text)
    TIM_PrescalerConfig                      0x08002e59   Thumb Code     6  stm32f10x_tim.o(.text)
    TIM_CounterModeConfig                    0x08002e5f   Thumb Code    18  stm32f10x_tim.o(.text)
    TIM_EncoderInterfaceConfig               0x08002e71   Thumb Code    62  stm32f10x_tim.o(.text)
    TIM_ForcedOC1Config                      0x08002eaf   Thumb Code    18  stm32f10x_tim.o(.text)
    TIM_ForcedOC2Config                      0x08002ec1   Thumb Code    22  stm32f10x_tim.o(.text)
    TIM_ForcedOC3Config                      0x08002ed7   Thumb Code    18  stm32f10x_tim.o(.text)
    TIM_ForcedOC4Config                      0x08002ee9   Thumb Code    22  stm32f10x_tim.o(.text)
    TIM_ARRPreloadConfig                     0x08002eff   Thumb Code    24  stm32f10x_tim.o(.text)
    TIM_SelectCOM                            0x08002f17   Thumb Code    24  stm32f10x_tim.o(.text)
    TIM_SelectCCDMA                          0x08002f2f   Thumb Code    24  stm32f10x_tim.o(.text)
    TIM_CCPreloadControl                     0x08002f47   Thumb Code    24  stm32f10x_tim.o(.text)
    TIM_OC1PreloadConfig                     0x08002f5f   Thumb Code    18  stm32f10x_tim.o(.text)
    TIM_OC2PreloadConfig                     0x08002f71   Thumb Code    22  stm32f10x_tim.o(.text)
    TIM_OC3PreloadConfig                     0x08002f87   Thumb Code    18  stm32f10x_tim.o(.text)
    TIM_OC4PreloadConfig                     0x08002f99   Thumb Code    22  stm32f10x_tim.o(.text)
    TIM_OC1FastConfig                        0x08002faf   Thumb Code    18  stm32f10x_tim.o(.text)
    TIM_OC2FastConfig                        0x08002fc1   Thumb Code    22  stm32f10x_tim.o(.text)
    TIM_OC3FastConfig                        0x08002fd7   Thumb Code    18  stm32f10x_tim.o(.text)
    TIM_OC4FastConfig                        0x08002fe9   Thumb Code    22  stm32f10x_tim.o(.text)
    TIM_ClearOC1Ref                          0x08002fff   Thumb Code    18  stm32f10x_tim.o(.text)
    TIM_ClearOC2Ref                          0x08003011   Thumb Code    20  stm32f10x_tim.o(.text)
    TIM_ClearOC3Ref                          0x08003025   Thumb Code    18  stm32f10x_tim.o(.text)
    TIM_ClearOC4Ref                          0x08003037   Thumb Code    20  stm32f10x_tim.o(.text)
    TIM_OC1PolarityConfig                    0x0800304b   Thumb Code    18  stm32f10x_tim.o(.text)
    TIM_OC1NPolarityConfig                   0x0800305d   Thumb Code    18  stm32f10x_tim.o(.text)
    TIM_OC2PolarityConfig                    0x0800306f   Thumb Code    22  stm32f10x_tim.o(.text)
    TIM_OC2NPolarityConfig                   0x08003085   Thumb Code    22  stm32f10x_tim.o(.text)
    TIM_OC3PolarityConfig                    0x0800309b   Thumb Code    22  stm32f10x_tim.o(.text)
    TIM_OC3NPolarityConfig                   0x080030b1   Thumb Code    22  stm32f10x_tim.o(.text)
    TIM_OC4PolarityConfig                    0x080030c7   Thumb Code    22  stm32f10x_tim.o(.text)
    TIM_CCxCmd                               0x080030dd   Thumb Code    30  stm32f10x_tim.o(.text)
    TIM_CCxNCmd                              0x080030fb   Thumb Code    30  stm32f10x_tim.o(.text)
    TIM_SelectOCxM                           0x08003119   Thumb Code   142  stm32f10x_tim.o(.text)
    TIM_UpdateDisableConfig                  0x080031a7   Thumb Code    24  stm32f10x_tim.o(.text)
    TIM_UpdateRequestConfig                  0x080031bf   Thumb Code    24  stm32f10x_tim.o(.text)
    TIM_SelectHallSensor                     0x080031d7   Thumb Code    24  stm32f10x_tim.o(.text)
    TIM_SelectOnePulseMode                   0x080031ef   Thumb Code    18  stm32f10x_tim.o(.text)
    TIM_SelectOutputTrigger                  0x08003201   Thumb Code    18  stm32f10x_tim.o(.text)
    TIM_SelectSlaveMode                      0x08003213   Thumb Code    18  stm32f10x_tim.o(.text)
    TIM_SelectMasterSlaveMode                0x08003225   Thumb Code    18  stm32f10x_tim.o(.text)
    TIM_SetCounter                           0x08003237   Thumb Code     4  stm32f10x_tim.o(.text)
    TIM_SetAutoreload                        0x0800323b   Thumb Code     4  stm32f10x_tim.o(.text)
    TIM_SetCompare1                          0x0800323f   Thumb Code     4  stm32f10x_tim.o(.text)
    TIM_SetCompare2                          0x08003243   Thumb Code     4  stm32f10x_tim.o(.text)
    TIM_SetCompare3                          0x08003247   Thumb Code     4  stm32f10x_tim.o(.text)
    TIM_SetCompare4                          0x0800324b   Thumb Code     6  stm32f10x_tim.o(.text)
    TIM_SetClockDivision                     0x08003251   Thumb Code    14  stm32f10x_tim.o(.text)
    TIM_GetCapture1                          0x0800325f   Thumb Code     6  stm32f10x_tim.o(.text)
    TIM_GetCapture2                          0x08003265   Thumb Code     6  stm32f10x_tim.o(.text)
    TIM_GetCapture3                          0x0800326b   Thumb Code     6  stm32f10x_tim.o(.text)
    TIM_GetCapture4                          0x08003271   Thumb Code     8  stm32f10x_tim.o(.text)
    TIM_GetCounter                           0x08003279   Thumb Code     6  stm32f10x_tim.o(.text)
    TIM_GetPrescaler                         0x0800327f   Thumb Code     6  stm32f10x_tim.o(.text)
    TIM_GetFlagStatus                        0x08003285   Thumb Code    18  stm32f10x_tim.o(.text)
    TIM_ClearFlag                            0x08003297   Thumb Code     6  stm32f10x_tim.o(.text)
    TIM_GetITStatus                          0x0800329d   Thumb Code    34  stm32f10x_tim.o(.text)
    TIM_ClearITPendingBit                    0x080032bf   Thumb Code     6  stm32f10x_tim.o(.text)
    SystemInit                               0x08003393   Thumb Code    68  system_stm32f10x.o(.text)
    __aeabi_dadd                             0x080033e9   Thumb Code   318  dadd.o(.text)
    __aeabi_dsub                             0x08003527   Thumb Code     6  dadd.o(.text)
    __aeabi_drsub                            0x0800352d   Thumb Code     6  dadd.o(.text)
    __aeabi_dmul                             0x08003533   Thumb Code   226  dmul.o(.text)
    __aeabi_ddiv                             0x08003615   Thumb Code   222  ddiv.o(.text)
    __aeabi_i2d                              0x080036f3   Thumb Code    34  dflti.o(.text)
    __aeabi_ui2d                             0x08003715   Thumb Code    26  dfltui.o(.text)
    __aeabi_cdcmpeq                          0x08003731   Thumb Code     0  cdcmple.o(.text)
    __aeabi_cdcmple                          0x08003731   Thumb Code    38  cdcmple.o(.text)
    __aeabi_cdrcmple                         0x08003759   Thumb Code    38  cdrcmple.o(.text)
    __aeabi_uidiv                            0x08003781   Thumb Code     0  uidiv.o(.text)
    __aeabi_uidivmod                         0x08003781   Thumb Code    44  uidiv.o(.text)
    __aeabi_uldivmod                         0x080037ad   Thumb Code   102  uldiv.o(.text)
    __aeabi_llsl                             0x08003813   Thumb Code    30  llshl.o(.text)
    _ll_shift_l                              0x08003813   Thumb Code     0  llshl.o(.text)
    __aeabi_lasr                             0x08003831   Thumb Code    36  llsshr.o(.text)
    _ll_sshift_r                             0x08003831   Thumb Code     0  llsshr.o(.text)
    __I$use$fp                               0x08003855   Thumb Code     0  iusefp.o(.text)
    _double_round                            0x08003855   Thumb Code    26  depilogue.o(.text)
    _double_epilogue                         0x0800386f   Thumb Code   168  depilogue.o(.text)
    __ARM_scalbn                             0x08003917   Thumb Code    46  dscalb.o(.text)
    scalbn                                   0x08003917   Thumb Code     0  dscalb.o(.text)
    __aeabi_d2ulz                            0x08003945   Thumb Code    48  dfixul.o(.text)
    __scatterload                            0x08003975   Thumb Code    28  init.o(.text)
    __scatterload_rt2                        0x08003975   Thumb Code     0  init.o(.text)
    __aeabi_llsr                             0x08003999   Thumb Code    32  llushr.o(.text)
    _ll_ushift_r                             0x08003999   Thumb Code     0  llushr.o(.text)
    __0printf                                0x080039b9   Thumb Code    22  printfa.o(i.__0printf)
    __1printf                                0x080039b9   Thumb Code     0  printfa.o(i.__0printf)
    __2printf                                0x080039b9   Thumb Code     0  printfa.o(i.__0printf)
    __c89printf                              0x080039b9   Thumb Code     0  printfa.o(i.__0printf)
    printf                                   0x080039b9   Thumb Code     0  printfa.o(i.__0printf)
    __kernel_poly                            0x080039d9   Thumb Code   170  poly.o(i.__kernel_poly)
    __scatterload_copy                       0x08003a83   Thumb Code    14  handlers.o(i.__scatterload_copy)
    __scatterload_null                       0x08003a91   Thumb Code     2  handlers.o(i.__scatterload_null)
    __scatterload_zeroinit                   0x08003a93   Thumb Code    14  handlers.o(i.__scatterload_zeroinit)
    __set_errno                              0x08003aa1   Thumb Code     6  errno.o(i.__set_errno)
    log                                      0x08004329   Thumb Code   818  log.o(i.log)
    __mathlib_zero                           0x080046d0   Data           8  qnan.o(.constdata)
    Region$$Table$$Base                      0x080046d8   Number         0  anon$$obj.o(Region$$Table)
    Region$$Table$$Limit                     0x080046f8   Number         0  anon$$obj.o(Region$$Table)
    ars_max                                  0x20000000   Data           1  stm32f10x_it.o(.data)
    tx_power                                 0x20000001   Data           1  stm32f10x_it.o(.data)
    tx_power_flag                            0x20000002   Data           1  stm32f10x_it.o(.data)
    distance_flag                            0x20000003   Data           1  stm32f10x_it.o(.data)
    ars_counter                              0x20000004   Data           1  stm32f10x_it.o(.data)
    usart_index                              0x20000005   Data           1  stm32f10x_it.o(.data)
    usart_status                             0x20000006   Data           1  stm32f10x_it.o(.data)
    vol_and_temp                             0x20000008   Data           2  stm32f10x_it.o(.data)
    Location_Number                          0x20000010   Data           1  dw1000.o(.data)
    time_offset                              0x20000014   Data           4  dw1000.o(.data)
    speed_offset                             0x20000018   Data           1  dw1000.o(.data)
    window_length                            0x2000001c   Data           4  dw1000.o(.data)
    window_index                             0x20000020   Data           4  dw1000.o(.data)
    Tx_stp_L                                 0x20000024   Data           4  dw1000.o(.data)
    Tx_stp_H                                 0x20000028   Data           1  dw1000.o(.data)
    Rx_stp_L                                 0x2000002c   Data           4  dw1000.o(.data)
    Rx_stp_H                                 0x20000030   Data           1  dw1000.o(.data)
    data                                     0x20000034   Data           4  dw1000.o(.data)
    tmp1                                     0x20000038   Data           4  dw1000.o(.data)
    tmp2                                     0x2000003c   Data           4  dw1000.o(.data)
    diff                                     0x20000040   Data           8  dw1000.o(.data)
    distance                                 0x20000048   Data           8  dw1000.o(.data)
    std_noise                                0x20000050   Data           2  dw1000.o(.data)
    fp_ampl1                                 0x20000052   Data           2  dw1000.o(.data)
    fp_ampl2                                 0x20000054   Data           2  dw1000.o(.data)
    fp_ampl3                                 0x20000056   Data           2  dw1000.o(.data)
    cir_mxg                                  0x20000058   Data           2  dw1000.o(.data)
    rxpacc                                   0x2000005a   Data           2  dw1000.o(.data)
    fppl                                     0x20000060   Data           8  dw1000.o(.data)
    rxl                                      0x20000068   Data           8  dw1000.o(.data)
    __stdout                                 0x20000084   Data           4  stdout.o(.data)
    usart_buffer                             0x2000008c   Data          64  stm32f10x_it.o(.bss)
    Receive_buffer                           0x200000cc   Data          14  stm32f10x_it.o(.bss)
    Tx_Buff                                  0x200000da   Data          12  dw1000.o(.bss)
    __initial_sp                             0x200002e8   Data           0  startup_stm32f10x_hd.o(STACK)



==============================================================================

Memory Map of the image

  Image Entry point : 0x08000131

  Load Region LR_IROM1 (Base: 0x08000000, Size: 0x00004784, Max: 0x00080000, ABSOLUTE)

    Execution Region ER_IROM1 (Base: 0x08000000, Size: 0x000046f8, Max: 0x00080000, ABSOLUTE)

    Base Addr    Size         Type   Attr      Idx    E Section Name        Object

    0x08000000   0x00000130   Data   RO            3    RESET               startup_stm32f10x_hd.o
    0x08000130   0x00000000   Code   RO          263  * .ARM.Collect$$$$00000000  mc_w.l(entry.o)
    0x08000130   0x00000004   Code   RO          544    .ARM.Collect$$$$00000001  mc_w.l(entry2.o)
    0x08000134   0x00000004   Code   RO          547    .ARM.Collect$$$$00000004  mc_w.l(entry5.o)
    0x08000138   0x00000008   Code   RO          548    .ARM.Collect$$$$00000007  mc_w.l(entry7.o)
    0x08000140   0x00000004   Code   RO          545    .ARM.Collect$$$$00002712  mc_w.l(entry2.o)
    0x08000144   0x00000030   Code   RO            4    .text               startup_stm32f10x_hd.o
    0x08000174   0x00000290   Code   RO           10    .text               main.o
    0x08000404   0x00000528   Code   RO           73    .text               stm32f10x_it.o
    0x0800092c   0x00000218   Code   RO           93    .text               spi.o
    0x08000b44   0x000003b8   Code   RO          105    .text               usart.o
    0x08000efc   0x000008c8   Code   RO          118    .text               dw1000.o
    0x080017c4   0x0000032c   Code   RO          139    .text               stm32f10x_gpio.o
    0x08001af0   0x00000304   Code   RO          151    .text               stm32f10x_spi.o
    0x08001df4   0x00000378   Code   RO          163    .text               stm32f10x_usart.o
    0x0800216c   0x000000f8   Code   RO          175    .text               misc.o
    0x08002264   0x000003a0   Code   RO          187    .text               stm32f10x_rcc.o
    0x08002604   0x0000015c   Code   RO          201    .text               stm32f10x_exti.o
    0x08002760   0x00000b64   Code   RO          213    .text               stm32f10x_tim.o
    0x080032c4   0x00000124   Code   RO          235    .text               system_stm32f10x.o
    0x080033e8   0x0000014a   Code   RO          527    .text               mf_w.l(dadd.o)
    0x08003532   0x000000e2   Code   RO          529    .text               mf_w.l(dmul.o)
    0x08003614   0x000000de   Code   RO          531    .text               mf_w.l(ddiv.o)
    0x080036f2   0x00000022   Code   RO          533    .text               mf_w.l(dflti.o)
    0x08003714   0x0000001a   Code   RO          535    .text               mf_w.l(dfltui.o)
    0x0800372e   0x00000002   PAD
    0x08003730   0x00000028   Code   RO          537    .text               mf_w.l(cdcmple.o)
    0x08003758   0x00000028   Code   RO          539    .text               mf_w.l(cdrcmple.o)
    0x08003780   0x0000002c   Code   RO          550    .text               mc_w.l(uidiv.o)
    0x080037ac   0x00000066   Code   RO          552    .text               mc_w.l(uldiv.o)
    0x08003812   0x0000001e   Code   RO          554    .text               mc_w.l(llshl.o)
    0x08003830   0x00000024   Code   RO          556    .text               mc_w.l(llsshr.o)
    0x08003854   0x00000000   Code   RO          565    .text               mc_w.l(iusefp.o)
    0x08003854   0x000000c2   Code   RO          566    .text               mf_w.l(depilogue.o)
    0x08003916   0x0000002e   Code   RO          568    .text               mf_w.l(dscalb.o)
    0x08003944   0x00000030   Code   RO          570    .text               mf_w.l(dfixul.o)
    0x08003974   0x00000024   Code   RO          572    .text               mc_w.l(init.o)
    0x08003998   0x00000020   Code   RO          574    .text               mc_w.l(llushr.o)
    0x080039b8   0x00000020   Code   RO          499    i.__0printf         mc_w.l(printfa.o)
    0x080039d8   0x000000aa   Code   RO          541    i.__kernel_poly     m_ws.l(poly.o)
    0x08003a82   0x0000000e   Code   RO          578    i.__scatterload_copy  mc_w.l(handlers.o)
    0x08003a90   0x00000002   Code   RO          579    i.__scatterload_null  mc_w.l(handlers.o)
    0x08003a92   0x0000000e   Code   RO          580    i.__scatterload_zeroinit  mc_w.l(handlers.o)
    0x08003aa0   0x0000000c   Code   RO          560    i.__set_errno       mc_w.l(errno.o)
    0x08003aac   0x00000154   Code   RO          506    i._fp_digits        mc_w.l(printfa.o)
    0x08003c00   0x000006d4   Code   RO          507    i._printf_core      mc_w.l(printfa.o)
    0x080042d4   0x00000026   Code   RO          508    i._printf_post_padding  mc_w.l(printfa.o)
    0x080042fa   0x0000002e   Code   RO          509    i._printf_pre_padding  mc_w.l(printfa.o)
    0x08004328   0x0000036c   Code   RO          254    i.log               m_ws.l(log.o)
    0x08004694   0x00000004   PAD
    0x08004698   0x00000038   Data   RO          255    .constdata          m_ws.l(log.o)
    0x080046d0   0x00000008   Data   RO          543    .constdata          m_ws.l(qnan.o)
    0x080046d8   0x00000020   Data   RO          576    Region$$Table       anon$$obj.o


    Execution Region RW_IRAM1 (Base: 0x20000000, Size: 0x000002e8, Max: 0x00010000, ABSOLUTE)

    Base Addr    Size         Type   Attr      Idx    E Section Name        Object

    0x20000000   0x0000000a   Data   RW           75    .data               stm32f10x_it.o
    0x2000000a   0x00000006   PAD
    0x20000010   0x00000060   Data   RW          120    .data               dw1000.o
    0x20000070   0x00000014   Data   RW          188    .data               stm32f10x_rcc.o
    0x20000084   0x00000004   Data   RW          549    .data               mc_w.l(stdout.o)
    0x20000088   0x00000004   Data   RW          561    .data               mc_w.l(errno.o)
    0x2000008c   0x0000004e   Zero   RW           74    .bss                stm32f10x_it.o
    0x200000da   0x0000000c   Zero   RW          119    .bss                dw1000.o
    0x200000e6   0x00000002   PAD
    0x200000e8   0x00000200   Zero   RW            1    STACK               startup_stm32f10x_hd.o


==============================================================================

Image component sizes


      Code (inc. data)   RO Data    RW Data    ZI Data      Debug   Object Name

      2248        318          0         96         12       3632   dw1000.o
       656        174          0          0          0     260455   main.o
       248         30          0          0          0       1665   misc.o
       536         28          0          0          0       1951   spi.o
        48         12        304          0        512        840   startup_stm32f10x_hd.o
       348         32          0          0          0       2063   stm32f10x_exti.o
       812         18          0          0          0       5115   stm32f10x_gpio.o
      1320        244          0         10         78       4275   stm32f10x_it.o
       928         52          0         20          0       8704   stm32f10x_rcc.o
       772          4          0          0          0       6282   stm32f10x_spi.o
      2916         16          0          0          0      24496   stm32f10x_tim.o
       888         14          0          0          0       7759   stm32f10x_usart.o
       292         18          0          0          0       1097   system_stm32f10x.o
       952        376          0          0          0       1241   usart.o

    ----------------------------------------------------------------------
     12964       1336        336        132        604     329575   Object Totals
         0          0         32          0          0          0   (incl. Generated)
         0          0          0          6          2          1   (incl. Padding)

    ----------------------------------------------------------------------

      Code (inc. data)   RO Data    RW Data    ZI Data      Debug   Library Member Name

       876         58         56          0          0        284   log.o
       170          0          0          0          0         96   poly.o
         0          0          8          0          0          0   qnan.o
         0          0          0          0          0          0   entry.o
         8          4          0          0          0          0   entry2.o
         4          0          0          0          0          0   entry5.o
         8          4          0          0          0          0   entry7.o
        12          6          0          4          0         68   errno.o
        30          0          0          0          0          0   handlers.o
        36          8          0          0          0         68   init.o
         0          0          0          0          0          0   iusefp.o
        30          0          0          0          0         68   llshl.o
        36          0          0          0          0         68   llsshr.o
        32          0          0          0          0         68   llushr.o
      2204         92          0          0          0        460   printfa.o
         0          0          0          4          0          0   stdout.o
        44          0          0          0          0         80   uidiv.o
       102          0          0          0          0         92   uldiv.o
        40          2          0          0          0         68   cdcmple.o
        40          2          0          0          0         68   cdrcmple.o
       330          0          0          0          0        148   dadd.o
       222          0          0          0          0        100   ddiv.o
       194          0          0          0          0        184   depilogue.o
        48          0          0          0          0         68   dfixul.o
        34          0          0          0          0         76   dflti.o
        26          0          0          0          0         76   dfltui.o
       226          0          0          0          0         96   dmul.o
        46          0          0          0          0         80   dscalb.o

    ----------------------------------------------------------------------
      4804        180         64          8          0       2316   Library Totals
         6          4          0          0          0          0   (incl. Padding)

    ----------------------------------------------------------------------

      Code (inc. data)   RO Data    RW Data    ZI Data      Debug   Library Name

      1046         58         64          0          0        380   m_ws.l
      2546        114          0          8          0        972   mc_w.l
      1206          4          0          0          0        964   mf_w.l

    ----------------------------------------------------------------------
      4804        180         64          8          0       2316   Library Totals

    ----------------------------------------------------------------------

==============================================================================


      Code (inc. data)   RO Data    RW Data    ZI Data      Debug   

     17768       1516        400        140        604     329448   Grand Totals
     17768       1516        400        140        604     329448   ELF Image Totals
     17768       1516        400        140          0          0   ROM Totals

==============================================================================

    Total RO  Size (Code + RO Data)                18168 (  17.74kB)
    Total RW  Size (RW Data + ZI Data)               744 (   0.73kB)
    Total ROM Size (Code + RO Data + RW Data)      18308 (  17.88kB)

==============================================================================

