<html>
<body>
<pre>
<h1>µVision Build Log</h1>
<h2>Project:</h2>
C:\Users\²»¹éÄñµÄ¹ÒÄî\Desktop\Ô´Âë 1.1\RX 1.1\USER\RX.uvproj
Project File Date:  10/17/2014

<h2>Output:</h2>
Build target 'RX'
assembling startup_stm32f10x_hd.s...
compiling main.c...
compiling stm32f10x_it.c...
compiling SPI.c...
compiling USART.c...
compiling DW1000.c...
compiling stm32f10x_gpio.c...
compiling stm32f10x_spi.c...
compiling stm32f10x_usart.c...
compiling misc.c...
compiling stm32f10x_rcc.c...
compiling stm32f10x_exti.c...
compiling stm32f10x_tim.c...
compiling core_cm3.c...
compiling system_stm32f10x.c...
linking...
Program Size: Code=14820 RO-data=336 RW-data=60 ZI-data=604  
FromELF: creating hex file...
"..\Output\RX.axf" - 0 Error(s), 0 Warning(s).
Build target 'RX'
assembling startup_stm32f10x_hd.s...
compiling main.c...
compiling stm32f10x_it.c...
compiling SPI.c...
compiling USART.c...
compiling DW1000.c...
compiling stm32f10x_gpio.c...
compiling stm32f10x_spi.c...
compiling stm32f10x_usart.c...
compiling misc.c...
compiling stm32f10x_rcc.c...
compiling stm32f10x_exti.c...
compiling stm32f10x_tim.c...
compiling core_cm3.c...
compiling system_stm32f10x.c...
linking...
Program Size: Code=14820 RO-data=336 RW-data=60 ZI-data=604  
FromELF: creating hex file...
"..\Output\RX.axf" - 0 Error(s), 0 Warning(s).
