ARM Linker, 4.1 [Build 567] [Standard]

==============================================================================

Section Cross References

    startup_stm32f10x_hd.o(RESET) refers to startup_stm32f10x_hd.o(.text) for Reset_Handler
    startup_stm32f10x_hd.o(RESET) refers to stm32f10x_it.o(.text) for NMI_Handler
    startup_stm32f10x_hd.o(.text) refers to startup_stm32f10x_hd.o(STACK) for __initial_sp
    startup_stm32f10x_hd.o(.text) refers to entry.o(.ARM.Collect$$$$00000000) for __main
    main.o(.text) refers to misc.o(.text) for NVIC_PriorityGroupConfig
    main.o(.text) refers to stm32f10x_rcc.o(.text) for RCC_APB2PeriphClockCmd
    main.o(.text) refers to stm32f10x_gpio.o(.text) for GPIO_Init
    main.o(.text) refers to stm32f10x_exti.o(.text) for EXTI_ClearITPendingBit
    main.o(.text) refers to printfa.o(i.__0printf) for __2printf
    main.o(.text) refers to stm32f10x_tim.o(.text) for TIM_DeInit
    main.o(.text) refers to system_stm32f10x.o(.text) for SystemInit
    main.o(.text) refers to usart.o(.text) for USART1_init
    main.o(.text) refers to spi.o(.text) for SPI1_init
    main.o(.text) refers to dw1000.o(.text) for DW1000_init
    stm32f10x_it.o(.text) refers to stm32f10x_tim.o(.text) for TIM_ITConfig
    stm32f10x_it.o(.text) refers to usart.o(.text) for usart_handle
    stm32f10x_it.o(.text) refers to stm32f10x_exti.o(.text) for EXTI_ClearITPendingBit
    stm32f10x_it.o(.text) refers to spi.o(.text) for Read_DW1000
    stm32f10x_it.o(.text) refers to dw1000.o(.text) for to_IDLE
    stm32f10x_it.o(.text) refers to printfa.o(i.__0printf) for __2printf
    stm32f10x_it.o(.text) refers to dflti.o(.text) for __aeabi_i2d
    stm32f10x_it.o(.text) refers to dmul.o(.text) for __aeabi_dmul
    stm32f10x_it.o(.text) refers to dadd.o(.text) for __aeabi_dadd
    stm32f10x_it.o(.text) refers to stm32f10x_gpio.o(.text) for GPIO_ReadInputDataBit
    stm32f10x_it.o(.text) refers to stm32f10x_usart.o(.text) for USART_GetITStatus
    stm32f10x_it.o(.text) refers to usart.o(.data) for usart_status
    stm32f10x_it.o(.text) refers to stm32f10x_it.o(.data) for tx_power_flag
    stm32f10x_it.o(.text) refers to stm32f10x_it.o(.bss) for Receive_buffer
    stm32f10x_it.o(.text) refers to dw1000.o(.data) for Location_Number
    stm32f10x_it.o(.text) refers to usart.o(.bss) for usart_buffer
    spi.o(.text) refers to stm32f10x_rcc.o(.text) for RCC_APB2PeriphClockCmd
    spi.o(.text) refers to stm32f10x_gpio.o(.text) for GPIO_Init
    spi.o(.text) refers to stm32f10x_spi.o(.text) for SPI_Init
    spi.o(.text) refers to printfa.o(i.__0printf) for __2printf
    usart.o(.text) refers to misc.o(.text) for NVIC_PriorityGroupConfig
    usart.o(.text) refers to stm32f10x_rcc.o(.text) for RCC_APB2PeriphClockCmd
    usart.o(.text) refers to stm32f10x_gpio.o(.text) for GPIO_Init
    usart.o(.text) refers to stm32f10x_usart.o(.text) for USART_Init
    usart.o(.text) refers to printfa.o(i.__0printf) for __2printf
    usart.o(.text) refers to spi.o(.text) for Read_DW1000
    usart.o(.text) refers to usart.o(.data) for usart_status
    usart.o(.text) refers to usart.o(.bss) for usart_buffer
    usart.o(.text) refers to stm32f10x_it.o(.data) for tx_power
    dw1000.o(.text) refers to spi.o(.text) for Write_DW1000
    dw1000.o(.text) refers to printfa.o(i.__0printf) for __2printf
    dw1000.o(.text) refers to stm32f10x_spi.o(.text) for SPI_Init
    dw1000.o(.text) refers to stm32f10x_gpio.o(.text) for GPIO_ReadInputDataBit
    dw1000.o(.text) refers to stm32f10x_it.o(.text) for TIMx_bezero
    dw1000.o(.text) refers to stm32f10x_it.o(.data) for distance_flag
    dw1000.o(.text) refers to dw1000.o(.data) for Tx_stp_L
    dw1000.o(.text) refers to dw1000.o(.bss) for Tx_Buff
    dw1000.o(.text) refers to stm32f10x_it.o(.bss) for Receive_buffer
    stm32f10x_gpio.o(.text) refers to stm32f10x_rcc.o(.text) for RCC_APB2PeriphResetCmd
    stm32f10x_spi.o(.text) refers to stm32f10x_rcc.o(.text) for RCC_APB2PeriphResetCmd
    stm32f10x_usart.o(.text) refers to stm32f10x_rcc.o(.text) for RCC_APB2PeriphResetCmd
    stm32f10x_rcc.o(.text) refers to stm32f10x_rcc.o(.data) for APBAHBPrescTable
    stm32f10x_tim.o(.text) refers to stm32f10x_rcc.o(.text) for RCC_APB2PeriphResetCmd
    entry.o(.ARM.Collect$$$$00000000) refers (Special) to entry7.o(.ARM.Collect$$$$00000007) for _main_init
    entry.o(.ARM.Collect$$$$00000000) refers (Special) to entry5.o(.ARM.Collect$$$$00000004) for _main_scatterload
    entry.o(.ARM.Collect$$$$00000000) refers (Special) to entry2.o(.ARM.Collect$$$$00000001) for _main_stk
    printfb.o(i.__0fprintf$bare) refers to printfb.o(i._printf_core) for _printf_core
    printfb.o(i.__0fprintf$bare) refers to usart.o(.text) for fputc
    printfb.o(i.__0printf$bare) refers to printfb.o(i._printf_core) for _printf_core
    printfb.o(i.__0printf$bare) refers to usart.o(.text) for fputc
    printfb.o(i.__0printf$bare) refers to stdout.o(.data) for __stdout
    printfb.o(i.__0snprintf$bare) refers to printfb.o(i._printf_core) for _printf_core
    printfb.o(i.__0snprintf$bare) refers to printfb.o(i._snputc) for _snputc
    printfb.o(i.__0sprintf$bare) refers to printfb.o(i._printf_core) for _printf_core
    printfb.o(i.__0sprintf$bare) refers to printfb.o(i._sputc) for _sputc
    printfb.o(i.__0vfprintf$bare) refers to printfb.o(i._printf_core) for _printf_core
    printfb.o(i.__0vfprintf$bare) refers to usart.o(.text) for fputc
    printfb.o(i.__0vprintf$bare) refers to printfb.o(i._printf_core) for _printf_core
    printfb.o(i.__0vprintf$bare) refers to usart.o(.text) for fputc
    printfb.o(i.__0vprintf$bare) refers to stdout.o(.data) for __stdout
    printfb.o(i.__0vsnprintf$bare) refers to printfb.o(i._printf_core) for _printf_core
    printfb.o(i.__0vsnprintf$bare) refers to printfb.o(i._snputc) for _snputc
    printfb.o(i.__0vsprintf$bare) refers to printfb.o(i._printf_core) for _printf_core
    printfb.o(i.__0vsprintf$bare) refers to printfb.o(i._sputc) for _sputc
    printf0.o(i.__0fprintf$0) refers to printf0.o(i._printf_core) for _printf_core
    printf0.o(i.__0fprintf$0) refers to usart.o(.text) for fputc
    printf0.o(i.__0printf$0) refers to printf0.o(i._printf_core) for _printf_core
    printf0.o(i.__0printf$0) refers to usart.o(.text) for fputc
    printf0.o(i.__0printf$0) refers to stdout.o(.data) for __stdout
    printf0.o(i.__0snprintf$0) refers to printf0.o(i._printf_core) for _printf_core
    printf0.o(i.__0snprintf$0) refers to printf0.o(i._snputc) for _snputc
    printf0.o(i.__0sprintf$0) refers to printf0.o(i._printf_core) for _printf_core
    printf0.o(i.__0sprintf$0) refers to printf0.o(i._sputc) for _sputc
    printf0.o(i.__0vfprintf$0) refers to printf0.o(i._printf_core) for _printf_core
    printf0.o(i.__0vfprintf$0) refers to usart.o(.text) for fputc
    printf0.o(i.__0vprintf$0) refers to printf0.o(i._printf_core) for _printf_core
    printf0.o(i.__0vprintf$0) refers to usart.o(.text) for fputc
    printf0.o(i.__0vprintf$0) refers to stdout.o(.data) for __stdout
    printf0.o(i.__0vsnprintf$0) refers to printf0.o(i._printf_core) for _printf_core
    printf0.o(i.__0vsnprintf$0) refers to printf0.o(i._snputc) for _snputc
    printf0.o(i.__0vsprintf$0) refers to printf0.o(i._printf_core) for _printf_core
    printf0.o(i.__0vsprintf$0) refers to printf0.o(i._sputc) for _sputc
    printf1.o(i.__0fprintf$1) refers to printf1.o(i._printf_core) for _printf_core
    printf1.o(i.__0fprintf$1) refers to usart.o(.text) for fputc
    printf1.o(i.__0printf$1) refers to printf1.o(i._printf_core) for _printf_core
    printf1.o(i.__0printf$1) refers to usart.o(.text) for fputc
    printf1.o(i.__0printf$1) refers to stdout.o(.data) for __stdout
    printf1.o(i.__0snprintf$1) refers to printf1.o(i._printf_core) for _printf_core
    printf1.o(i.__0snprintf$1) refers to printf1.o(i._snputc) for _snputc
    printf1.o(i.__0sprintf$1) refers to printf1.o(i._printf_core) for _printf_core
    printf1.o(i.__0sprintf$1) refers to printf1.o(i._sputc) for _sputc
    printf1.o(i.__0vfprintf$1) refers to printf1.o(i._printf_core) for _printf_core
    printf1.o(i.__0vfprintf$1) refers to usart.o(.text) for fputc
    printf1.o(i.__0vprintf$1) refers to printf1.o(i._printf_core) for _printf_core
    printf1.o(i.__0vprintf$1) refers to usart.o(.text) for fputc
    printf1.o(i.__0vprintf$1) refers to stdout.o(.data) for __stdout
    printf1.o(i.__0vsnprintf$1) refers to printf1.o(i._printf_core) for _printf_core
    printf1.o(i.__0vsnprintf$1) refers to printf1.o(i._snputc) for _snputc
    printf1.o(i.__0vsprintf$1) refers to printf1.o(i._printf_core) for _printf_core
    printf1.o(i.__0vsprintf$1) refers to printf1.o(i._sputc) for _sputc
    printf1.o(i._printf_core) refers to uidiv.o(.text) for __aeabi_uidivmod
    printf2.o(i.__0fprintf$2) refers to printf2.o(i._printf_core) for _printf_core
    printf2.o(i.__0fprintf$2) refers to usart.o(.text) for fputc
    printf2.o(i.__0printf$2) refers to printf2.o(i._printf_core) for _printf_core
    printf2.o(i.__0printf$2) refers to usart.o(.text) for fputc
    printf2.o(i.__0printf$2) refers to stdout.o(.data) for __stdout
    printf2.o(i.__0snprintf$2) refers to printf2.o(i._printf_core) for _printf_core
    printf2.o(i.__0snprintf$2) refers to printf2.o(i._snputc) for _snputc
    printf2.o(i.__0sprintf$2) refers to printf2.o(i._printf_core) for _printf_core
    printf2.o(i.__0sprintf$2) refers to printf2.o(i._sputc) for _sputc
    printf2.o(i.__0vfprintf$2) refers to printf2.o(i._printf_core) for _printf_core
    printf2.o(i.__0vfprintf$2) refers to usart.o(.text) for fputc
    printf2.o(i.__0vprintf$2) refers to printf2.o(i._printf_core) for _printf_core
    printf2.o(i.__0vprintf$2) refers to usart.o(.text) for fputc
    printf2.o(i.__0vprintf$2) refers to stdout.o(.data) for __stdout
    printf2.o(i.__0vsnprintf$2) refers to printf2.o(i._printf_core) for _printf_core
    printf2.o(i.__0vsnprintf$2) refers to printf2.o(i._snputc) for _snputc
    printf2.o(i.__0vsprintf$2) refers to printf2.o(i._printf_core) for _printf_core
    printf2.o(i.__0vsprintf$2) refers to printf2.o(i._sputc) for _sputc
    printf3.o(i.__0fprintf$3) refers to printf3.o(i._printf_core) for _printf_core
    printf3.o(i.__0fprintf$3) refers to usart.o(.text) for fputc
    printf3.o(i.__0printf$3) refers to printf3.o(i._printf_core) for _printf_core
    printf3.o(i.__0printf$3) refers to usart.o(.text) for fputc
    printf3.o(i.__0printf$3) refers to stdout.o(.data) for __stdout
    printf3.o(i.__0snprintf$3) refers to printf3.o(i._printf_core) for _printf_core
    printf3.o(i.__0snprintf$3) refers to printf3.o(i._snputc) for _snputc
    printf3.o(i.__0sprintf$3) refers to printf3.o(i._printf_core) for _printf_core
    printf3.o(i.__0sprintf$3) refers to printf3.o(i._sputc) for _sputc
    printf3.o(i.__0vfprintf$3) refers to printf3.o(i._printf_core) for _printf_core
    printf3.o(i.__0vfprintf$3) refers to usart.o(.text) for fputc
    printf3.o(i.__0vprintf$3) refers to printf3.o(i._printf_core) for _printf_core
    printf3.o(i.__0vprintf$3) refers to usart.o(.text) for fputc
    printf3.o(i.__0vprintf$3) refers to stdout.o(.data) for __stdout
    printf3.o(i.__0vsnprintf$3) refers to printf3.o(i._printf_core) for _printf_core
    printf3.o(i.__0vsnprintf$3) refers to printf3.o(i._snputc) for _snputc
    printf3.o(i.__0vsprintf$3) refers to printf3.o(i._printf_core) for _printf_core
    printf3.o(i.__0vsprintf$3) refers to printf3.o(i._sputc) for _sputc
    printf3.o(i._printf_core) refers to uidiv.o(.text) for __aeabi_uidivmod
    printf4.o(i.__0fprintf$4) refers to printf4.o(i._printf_core) for _printf_core
    printf4.o(i.__0fprintf$4) refers to usart.o(.text) for fputc
    printf4.o(i.__0printf$4) refers to printf4.o(i._printf_core) for _printf_core
    printf4.o(i.__0printf$4) refers to usart.o(.text) for fputc
    printf4.o(i.__0printf$4) refers to stdout.o(.data) for __stdout
    printf4.o(i.__0snprintf$4) refers to printf4.o(i._printf_core) for _printf_core
    printf4.o(i.__0snprintf$4) refers to printf4.o(i._snputc) for _snputc
    printf4.o(i.__0sprintf$4) refers to printf4.o(i._printf_core) for _printf_core
    printf4.o(i.__0sprintf$4) refers to printf4.o(i._sputc) for _sputc
    printf4.o(i.__0vfprintf$4) refers to printf4.o(i._printf_core) for _printf_core
    printf4.o(i.__0vfprintf$4) refers to usart.o(.text) for fputc
    printf4.o(i.__0vprintf$4) refers to printf4.o(i._printf_core) for _printf_core
    printf4.o(i.__0vprintf$4) refers to usart.o(.text) for fputc
    printf4.o(i.__0vprintf$4) refers to stdout.o(.data) for __stdout
    printf4.o(i.__0vsnprintf$4) refers to printf4.o(i._printf_core) for _printf_core
    printf4.o(i.__0vsnprintf$4) refers to printf4.o(i._snputc) for _snputc
    printf4.o(i.__0vsprintf$4) refers to printf4.o(i._printf_core) for _printf_core
    printf4.o(i.__0vsprintf$4) refers to printf4.o(i._sputc) for _sputc
    printf4.o(i._printf_core) refers to uldiv.o(.text) for __aeabi_uldivmod
    printf5.o(i.__0fprintf$5) refers to printf5.o(i._printf_core) for _printf_core
    printf5.o(i.__0fprintf$5) refers to usart.o(.text) for fputc
    printf5.o(i.__0printf$5) refers to printf5.o(i._printf_core) for _printf_core
    printf5.o(i.__0printf$5) refers to usart.o(.text) for fputc
    printf5.o(i.__0printf$5) refers to stdout.o(.data) for __stdout
    printf5.o(i.__0snprintf$5) refers to printf5.o(i._printf_core) for _printf_core
    printf5.o(i.__0snprintf$5) refers to printf5.o(i._snputc) for _snputc
    printf5.o(i.__0sprintf$5) refers to printf5.o(i._printf_core) for _printf_core
    printf5.o(i.__0sprintf$5) refers to printf5.o(i._sputc) for _sputc
    printf5.o(i.__0vfprintf$5) refers to printf5.o(i._printf_core) for _printf_core
    printf5.o(i.__0vfprintf$5) refers to usart.o(.text) for fputc
    printf5.o(i.__0vprintf$5) refers to printf5.o(i._printf_core) for _printf_core
    printf5.o(i.__0vprintf$5) refers to usart.o(.text) for fputc
    printf5.o(i.__0vprintf$5) refers to stdout.o(.data) for __stdout
    printf5.o(i.__0vsnprintf$5) refers to printf5.o(i._printf_core) for _printf_core
    printf5.o(i.__0vsnprintf$5) refers to printf5.o(i._snputc) for _snputc
    printf5.o(i.__0vsprintf$5) refers to printf5.o(i._printf_core) for _printf_core
    printf5.o(i.__0vsprintf$5) refers to printf5.o(i._sputc) for _sputc
    printf5.o(i._printf_core) refers to uldiv.o(.text) for __aeabi_uldivmod
    printf6.o(i.__0fprintf$6) refers to printf6.o(i._printf_core) for _printf_core
    printf6.o(i.__0fprintf$6) refers to usart.o(.text) for fputc
    printf6.o(i.__0printf$6) refers to printf6.o(i._printf_core) for _printf_core
    printf6.o(i.__0printf$6) refers to usart.o(.text) for fputc
    printf6.o(i.__0printf$6) refers to stdout.o(.data) for __stdout
    printf6.o(i.__0snprintf$6) refers to printf6.o(i._printf_core) for _printf_core
    printf6.o(i.__0snprintf$6) refers to printf6.o(i._snputc) for _snputc
    printf6.o(i.__0sprintf$6) refers to printf6.o(i._printf_core) for _printf_core
    printf6.o(i.__0sprintf$6) refers to printf6.o(i._sputc) for _sputc
    printf6.o(i.__0vfprintf$6) refers to printf6.o(i._printf_core) for _printf_core
    printf6.o(i.__0vfprintf$6) refers to usart.o(.text) for fputc
    printf6.o(i.__0vprintf$6) refers to printf6.o(i._printf_core) for _printf_core
    printf6.o(i.__0vprintf$6) refers to usart.o(.text) for fputc
    printf6.o(i.__0vprintf$6) refers to stdout.o(.data) for __stdout
    printf6.o(i.__0vsnprintf$6) refers to printf6.o(i._printf_core) for _printf_core
    printf6.o(i.__0vsnprintf$6) refers to printf6.o(i._snputc) for _snputc
    printf6.o(i.__0vsprintf$6) refers to printf6.o(i._printf_core) for _printf_core
    printf6.o(i.__0vsprintf$6) refers to printf6.o(i._sputc) for _sputc
    printf6.o(i._printf_core) refers to printf6.o(i._printf_pre_padding) for _printf_pre_padding
    printf6.o(i._printf_core) refers to uidiv.o(.text) for __aeabi_uidivmod
    printf6.o(i._printf_core) refers to printf6.o(i._printf_post_padding) for _printf_post_padding
    printf7.o(i.__0fprintf$7) refers to printf7.o(i._printf_core) for _printf_core
    printf7.o(i.__0fprintf$7) refers to usart.o(.text) for fputc
    printf7.o(i.__0printf$7) refers to printf7.o(i._printf_core) for _printf_core
    printf7.o(i.__0printf$7) refers to usart.o(.text) for fputc
    printf7.o(i.__0printf$7) refers to stdout.o(.data) for __stdout
    printf7.o(i.__0snprintf$7) refers to printf7.o(i._printf_core) for _printf_core
    printf7.o(i.__0snprintf$7) refers to printf7.o(i._snputc) for _snputc
    printf7.o(i.__0sprintf$7) refers to printf7.o(i._printf_core) for _printf_core
    printf7.o(i.__0sprintf$7) refers to printf7.o(i._sputc) for _sputc
    printf7.o(i.__0vfprintf$7) refers to printf7.o(i._printf_core) for _printf_core
    printf7.o(i.__0vfprintf$7) refers to usart.o(.text) for fputc
    printf7.o(i.__0vprintf$7) refers to printf7.o(i._printf_core) for _printf_core
    printf7.o(i.__0vprintf$7) refers to usart.o(.text) for fputc
    printf7.o(i.__0vprintf$7) refers to stdout.o(.data) for __stdout
    printf7.o(i.__0vsnprintf$7) refers to printf7.o(i._printf_core) for _printf_core
    printf7.o(i.__0vsnprintf$7) refers to printf7.o(i._snputc) for _snputc
    printf7.o(i.__0vsprintf$7) refers to printf7.o(i._printf_core) for _printf_core
    printf7.o(i.__0vsprintf$7) refers to printf7.o(i._sputc) for _sputc
    printf7.o(i._printf_core) refers to printf7.o(i._printf_pre_padding) for _printf_pre_padding
    printf7.o(i._printf_core) refers to uldiv.o(.text) for __aeabi_uldivmod
    printf7.o(i._printf_core) refers to printf7.o(i._printf_post_padding) for _printf_post_padding
    printf8.o(i.__0fprintf$8) refers to printf8.o(i._printf_core) for _printf_core
    printf8.o(i.__0fprintf$8) refers to usart.o(.text) for fputc
    printf8.o(i.__0printf$8) refers to printf8.o(i._printf_core) for _printf_core
    printf8.o(i.__0printf$8) refers to usart.o(.text) for fputc
    printf8.o(i.__0printf$8) refers to stdout.o(.data) for __stdout
    printf8.o(i.__0snprintf$8) refers to printf8.o(i._printf_core) for _printf_core
    printf8.o(i.__0snprintf$8) refers to printf8.o(i._snputc) for _snputc
    printf8.o(i.__0sprintf$8) refers to printf8.o(i._printf_core) for _printf_core
    printf8.o(i.__0sprintf$8) refers to printf8.o(i._sputc) for _sputc
    printf8.o(i.__0vfprintf$8) refers to printf8.o(i._printf_core) for _printf_core
    printf8.o(i.__0vfprintf$8) refers to usart.o(.text) for fputc
    printf8.o(i.__0vprintf$8) refers to printf8.o(i._printf_core) for _printf_core
    printf8.o(i.__0vprintf$8) refers to usart.o(.text) for fputc
    printf8.o(i.__0vprintf$8) refers to stdout.o(.data) for __stdout
    printf8.o(i.__0vsnprintf$8) refers to printf8.o(i._printf_core) for _printf_core
    printf8.o(i.__0vsnprintf$8) refers to printf8.o(i._snputc) for _snputc
    printf8.o(i.__0vsprintf$8) refers to printf8.o(i._printf_core) for _printf_core
    printf8.o(i.__0vsprintf$8) refers to printf8.o(i._sputc) for _sputc
    printf8.o(i._printf_core) refers to printf8.o(i._printf_pre_padding) for _printf_pre_padding
    printf8.o(i._printf_core) refers to uldiv.o(.text) for __aeabi_uldivmod
    printf8.o(i._printf_core) refers to printf8.o(i._printf_post_padding) for _printf_post_padding
    printfa.o(i.__0fprintf) refers (Special) to iusefp.o(.text) for __I$use$fp
    printfa.o(i.__0fprintf) refers to printfa.o(i._printf_core) for _printf_core
    printfa.o(i.__0fprintf) refers to usart.o(.text) for fputc
    printfa.o(i.__0printf) refers (Special) to iusefp.o(.text) for __I$use$fp
    printfa.o(i.__0printf) refers to printfa.o(i._printf_core) for _printf_core
    printfa.o(i.__0printf) refers to usart.o(.text) for fputc
    printfa.o(i.__0printf) refers to stdout.o(.data) for __stdout
    printfa.o(i.__0snprintf) refers (Special) to iusefp.o(.text) for __I$use$fp
    printfa.o(i.__0snprintf) refers to printfa.o(i._printf_core) for _printf_core
    printfa.o(i.__0snprintf) refers to printfa.o(i._snputc) for _snputc
    printfa.o(i.__0sprintf) refers (Special) to iusefp.o(.text) for __I$use$fp
    printfa.o(i.__0sprintf) refers to printfa.o(i._printf_core) for _printf_core
    printfa.o(i.__0sprintf) refers to printfa.o(i._sputc) for _sputc
    printfa.o(i.__0vfprintf) refers (Special) to iusefp.o(.text) for __I$use$fp
    printfa.o(i.__0vfprintf) refers to printfa.o(i._printf_core) for _printf_core
    printfa.o(i.__0vfprintf) refers to usart.o(.text) for fputc
    printfa.o(i.__0vprintf) refers (Special) to iusefp.o(.text) for __I$use$fp
    printfa.o(i.__0vprintf) refers to printfa.o(i._printf_core) for _printf_core
    printfa.o(i.__0vprintf) refers to usart.o(.text) for fputc
    printfa.o(i.__0vprintf) refers to stdout.o(.data) for __stdout
    printfa.o(i.__0vsnprintf) refers (Special) to iusefp.o(.text) for __I$use$fp
    printfa.o(i.__0vsnprintf) refers to printfa.o(i._printf_core) for _printf_core
    printfa.o(i.__0vsnprintf) refers to printfa.o(i._snputc) for _snputc
    printfa.o(i.__0vsprintf) refers (Special) to iusefp.o(.text) for __I$use$fp
    printfa.o(i.__0vsprintf) refers to printfa.o(i._printf_core) for _printf_core
    printfa.o(i.__0vsprintf) refers to printfa.o(i._sputc) for _sputc
    printfa.o(i._fp_digits) refers (Special) to iusefp.o(.text) for __I$use$fp
    printfa.o(i._fp_digits) refers to dmul.o(.text) for __aeabi_dmul
    printfa.o(i._fp_digits) refers to ddiv.o(.text) for __aeabi_ddiv
    printfa.o(i._fp_digits) refers to cdrcmple.o(.text) for __aeabi_cdrcmple
    printfa.o(i._fp_digits) refers to dadd.o(.text) for __aeabi_dadd
    printfa.o(i._fp_digits) refers to dfixul.o(.text) for __aeabi_d2ulz
    printfa.o(i._fp_digits) refers to uldiv.o(.text) for __aeabi_uldivmod
    printfa.o(i._printf_core) refers (Special) to iusefp.o(.text) for __I$use$fp
    printfa.o(i._printf_core) refers to printfa.o(i._printf_pre_padding) for _printf_pre_padding
    printfa.o(i._printf_core) refers to uldiv.o(.text) for __aeabi_uldivmod
    printfa.o(i._printf_core) refers to printfa.o(i._printf_post_padding) for _printf_post_padding
    printfa.o(i._printf_core) refers to printfa.o(i._fp_digits) for _fp_digits
    printfa.o(i._printf_core) refers to uidiv.o(.text) for __aeabi_uidivmod
    printfa.o(i._printf_post_padding) refers (Special) to iusefp.o(.text) for __I$use$fp
    printfa.o(i._printf_pre_padding) refers (Special) to iusefp.o(.text) for __I$use$fp
    printfa.o(i._snputc) refers (Special) to iusefp.o(.text) for __I$use$fp
    printfa.o(i._sputc) refers (Special) to iusefp.o(.text) for __I$use$fp
    dadd.o(.text) refers (Special) to iusefp.o(.text) for __I$use$fp
    dadd.o(.text) refers to llshl.o(.text) for __aeabi_llsl
    dadd.o(.text) refers to llsshr.o(.text) for __aeabi_lasr
    dadd.o(.text) refers to depilogue.o(.text) for _double_epilogue
    dmul.o(.text) refers (Special) to iusefp.o(.text) for __I$use$fp
    dmul.o(.text) refers to depilogue.o(.text) for _double_epilogue
    dflti.o(.text) refers (Special) to iusefp.o(.text) for __I$use$fp
    dflti.o(.text) refers to depilogue.o(.text) for _double_epilogue
    entry2.o(.ARM.Collect$$$$00000001) refers to entry2.o(.ARM.Collect$$$$00002712) for __lit__00000000
    entry2.o(.ARM.Collect$$$$00002712) refers to startup_stm32f10x_hd.o(STACK) for __initial_sp
    entry2.o(__vectab_stack_and_reset_area) refers to startup_stm32f10x_hd.o(STACK) for __initial_sp
    entry2.o(__vectab_stack_and_reset_area) refers to entry.o(.ARM.Collect$$$$00000000) for __main
    entry5.o(.ARM.Collect$$$$00000004) refers to init.o(.text) for __scatterload
    entry7.o(.ARM.Collect$$$$00000007) refers to main.o(.text) for main
    uldiv.o(.text) refers to llushr.o(.text) for __aeabi_llsr
    uldiv.o(.text) refers to llshl.o(.text) for __aeabi_llsl
    depilogue.o(.text) refers to llshl.o(.text) for __aeabi_llsl
    depilogue.o(.text) refers to llushr.o(.text) for __aeabi_llsr
    ddiv.o(.text) refers to depilogue.o(.text) for _double_round
    dfixul.o(.text) refers to llushr.o(.text) for __aeabi_llsr
    dfixul.o(.text) refers to llshl.o(.text) for __aeabi_llsl
    init.o(.text) refers to entry5.o(.ARM.Collect$$$$00000004) for __main_after_scatterload


==============================================================================

Removing Unused input sections from the image.

    Removing startup_stm32f10x_hd.o(HEAP), (0 bytes).
    Removing core_cm3.o(.emb_text), (32 bytes).
    Removing system_stm32f10x.o(.constdata), (20 bytes).

3 unused section(s) (total 52 bytes) removed from the image.

==============================================================================

Image Symbol Table

    Local Symbols

    Symbol Name                              Value     Ov Type        Size  Object(Section)

    ../../microlib/division.c                0x00000000   Number         0  uidiv.o ABSOLUTE
    ../../microlib/division.c                0x00000000   Number         0  uldiv.o ABSOLUTE
    ../../microlib/fpadd.c                   0x00000000   Number         0  dadd.o ABSOLUTE
    ../../microlib/fpdiv.c                   0x00000000   Number         0  ddiv.o ABSOLUTE
    ../../microlib/fpepilogue.c              0x00000000   Number         0  depilogue.o ABSOLUTE
    ../../microlib/fpfix.c                   0x00000000   Number         0  dfixul.o ABSOLUTE
    ../../microlib/fpflt.c                   0x00000000   Number         0  dflti.o ABSOLUTE
    ../../microlib/fpmul.c                   0x00000000   Number         0  dmul.o ABSOLUTE
    ../../microlib/init/entry.s              0x00000000   Number         0  entry7.o ABSOLUTE
    ../../microlib/init/entry.s              0x00000000   Number         0  entry5.o ABSOLUTE
    ../../microlib/init/entry.s              0x00000000   Number         0  entry2.o ABSOLUTE
    ../../microlib/init/entry.s              0x00000000   Number         0  entry.o ABSOLUTE
    ../../microlib/longlong.c                0x00000000   Number         0  llushr.o ABSOLUTE
    ../../microlib/longlong.c                0x00000000   Number         0  llsshr.o ABSOLUTE
    ../../microlib/longlong.c                0x00000000   Number         0  llshl.o ABSOLUTE
    ../../microlib/printf/printf.c           0x00000000   Number         0  printf7.o ABSOLUTE
    ../../microlib/printf/printf.c           0x00000000   Number         0  printf6.o ABSOLUTE
    ../../microlib/printf/printf.c           0x00000000   Number         0  printfb.o ABSOLUTE
    ../../microlib/printf/printf.c           0x00000000   Number         0  printf0.o ABSOLUTE
    ../../microlib/printf/printf.c           0x00000000   Number         0  printf1.o ABSOLUTE
    ../../microlib/printf/printf.c           0x00000000   Number         0  printf2.o ABSOLUTE
    ../../microlib/printf/printf.c           0x00000000   Number         0  printf3.o ABSOLUTE
    ../../microlib/printf/printf.c           0x00000000   Number         0  printf4.o ABSOLUTE
    ../../microlib/printf/printf.c           0x00000000   Number         0  printf5.o ABSOLUTE
    ../../microlib/printf/printf.c           0x00000000   Number         0  printfa.o ABSOLUTE
    ../../microlib/printf/printf.c           0x00000000   Number         0  printf8.o ABSOLUTE
    ../../microlib/printf/stubs.s            0x00000000   Number         0  stubs.o ABSOLUTE
    ../../microlib/stdio/streams.c           0x00000000   Number         0  stdout.o ABSOLUTE
    ../../microlib/stubs.s                   0x00000000   Number         0  iusefp.o ABSOLUTE
    ..\CMSIS\core_cm3.c                      0x00000000   Number         0  core_cm3.o ABSOLUTE
    ..\CMSIS\startup\startup_stm32f10x_hd.s  0x00000000   Number         0  startup_stm32f10x_hd.o ABSOLUTE
    ..\CMSIS\system_stm32f10x.c              0x00000000   Number         0  system_stm32f10x.o ABSOLUTE
    ..\FWlib\src\misc.c                      0x00000000   Number         0  misc.o ABSOLUTE
    ..\FWlib\src\stm32f10x_exti.c            0x00000000   Number         0  stm32f10x_exti.o ABSOLUTE
    ..\FWlib\src\stm32f10x_gpio.c            0x00000000   Number         0  stm32f10x_gpio.o ABSOLUTE
    ..\FWlib\src\stm32f10x_rcc.c             0x00000000   Number         0  stm32f10x_rcc.o ABSOLUTE
    ..\FWlib\src\stm32f10x_spi.c             0x00000000   Number         0  stm32f10x_spi.o ABSOLUTE
    ..\FWlib\src\stm32f10x_tim.c             0x00000000   Number         0  stm32f10x_tim.o ABSOLUTE
    ..\FWlib\src\stm32f10x_usart.c           0x00000000   Number         0  stm32f10x_usart.o ABSOLUTE
    ..\\CMSIS\\core_cm3.c                    0x00000000   Number         0  core_cm3.o ABSOLUTE
    DW1000.c                                 0x00000000   Number         0  dw1000.o ABSOLUTE
    SPI.c                                    0x00000000   Number         0  spi.o ABSOLUTE
    USART.c                                  0x00000000   Number         0  usart.o ABSOLUTE
    cdrcmple.s                               0x00000000   Number         0  cdrcmple.o ABSOLUTE
    dc.s                                     0x00000000   Number         0  dc.o ABSOLUTE
    handlers.s                               0x00000000   Number         0  handlers.o ABSOLUTE
    init.s                                   0x00000000   Number         0  init.o ABSOLUTE
    main.c                                   0x00000000   Number         0  main.o ABSOLUTE
    stm32f10x_it.c                           0x00000000   Number         0  stm32f10x_it.o ABSOLUTE
    RESET                                    0x08000000   Section      304  startup_stm32f10x_hd.o(RESET)
    .ARM.Collect$$$$00000000                 0x08000130   Section        0  entry.o(.ARM.Collect$$$$00000000)
    .ARM.Collect$$$$00000001                 0x08000130   Section        4  entry2.o(.ARM.Collect$$$$00000001)
    .ARM.Collect$$$$00000004                 0x08000134   Section        4  entry5.o(.ARM.Collect$$$$00000004)
    .ARM.Collect$$$$00000007                 0x08000138   Section        8  entry7.o(.ARM.Collect$$$$00000007)
    .ARM.Collect$$$$00002712                 0x08000140   Section        4  entry2.o(.ARM.Collect$$$$00002712)
    __lit__00000000                          0x08000140   Data           4  entry2.o(.ARM.Collect$$$$00002712)
    .text                                    0x08000144   Section       48  startup_stm32f10x_hd.o(.text)
    .text                                    0x08000174   Section        0  main.o(.text)
    .text                                    0x080003f4   Section        0  stm32f10x_it.o(.text)
    .text                                    0x08000890   Section        0  spi.o(.text)
    .text                                    0x08000a90   Section        0  usart.o(.text)
    .text                                    0x08000cc4   Section        0  dw1000.o(.text)
    .text                                    0x080010d4   Section        0  stm32f10x_gpio.o(.text)
    .text                                    0x08001400   Section        0  stm32f10x_spi.o(.text)
    .text                                    0x08001704   Section        0  stm32f10x_usart.o(.text)
    .text                                    0x08001a7c   Section        0  misc.o(.text)
    .text                                    0x08001b74   Section        0  stm32f10x_rcc.o(.text)
    .text                                    0x08001f14   Section        0  stm32f10x_exti.o(.text)
    .text                                    0x08002070   Section        0  stm32f10x_tim.o(.text)
    TI4_Config                               0x08002373   Thumb Code    70  stm32f10x_tim.o(.text)
    TI3_Config                               0x080023cb   Thumb Code    64  stm32f10x_tim.o(.text)
    TI2_Config                               0x08002421   Thumb Code    84  stm32f10x_tim.o(.text)
    TI1_Config                               0x08002487   Thumb Code    54  stm32f10x_tim.o(.text)
    .text                                    0x08002bd4   Section        0  system_stm32f10x.o(.text)
    SetSysClockTo72                          0x08002bd5   Thumb Code   198  system_stm32f10x.o(.text)
    SetSysClock                              0x08002c9b   Thumb Code     8  system_stm32f10x.o(.text)
    .text                                    0x08002cf8   Section        0  dadd.o(.text)
    .text                                    0x08002e42   Section        0  dmul.o(.text)
    .text                                    0x08002f24   Section        0  dflti.o(.text)
    .text                                    0x08002f46   Section        0  uidiv.o(.text)
    .text                                    0x08002f72   Section        0  uldiv.o(.text)
    .text                                    0x08002fd8   Section        0  llshl.o(.text)
    .text                                    0x08002ff6   Section        0  llsshr.o(.text)
    .text                                    0x0800301a   Section        0  depilogue.o(.text)
    .text                                    0x0800301a   Section        0  iusefp.o(.text)
    .text                                    0x080030dc   Section        0  ddiv.o(.text)
    .text                                    0x080031ba   Section        0  dfixul.o(.text)
    .text                                    0x080031ec   Section       40  cdrcmple.o(.text)
    .text                                    0x08003214   Section       36  init.o(.text)
    .text                                    0x08003238   Section        0  llushr.o(.text)
    i.__0printf                              0x08003258   Section        0  printfa.o(i.__0printf)
    i.__scatterload_copy                     0x08003278   Section       14  handlers.o(i.__scatterload_copy)
    i.__scatterload_null                     0x08003286   Section        2  handlers.o(i.__scatterload_null)
    i.__scatterload_zeroinit                 0x08003288   Section       14  handlers.o(i.__scatterload_zeroinit)
    i._fp_digits                             0x08003298   Section        0  printfa.o(i._fp_digits)
    _fp_digits                               0x08003299   Thumb Code   318  printfa.o(i._fp_digits)
    i._printf_core                           0x080033ec   Section        0  printfa.o(i._printf_core)
    _printf_core                             0x080033ed   Thumb Code  1734  printfa.o(i._printf_core)
    i._printf_post_padding                   0x08003ac0   Section        0  printfa.o(i._printf_post_padding)
    _printf_post_padding                     0x08003ac1   Thumb Code    38  printfa.o(i._printf_post_padding)
    i._printf_pre_padding                    0x08003ae6   Section        0  printfa.o(i._printf_pre_padding)
    _printf_pre_padding                      0x08003ae7   Thumb Code    46  printfa.o(i._printf_pre_padding)
    .data                                    0x20000000   Section        4  stm32f10x_it.o(.data)
    .data                                    0x20000004   Section        2  usart.o(.data)
    .data                                    0x20000008   Section       25  dw1000.o(.data)
    .data                                    0x20000021   Section       20  stm32f10x_rcc.o(.data)
    APBAHBPrescTable                         0x20000021   Data          16  stm32f10x_rcc.o(.data)
    ADCPrescTable                            0x20000031   Data           4  stm32f10x_rcc.o(.data)
    .data                                    0x20000038   Section        4  stdout.o(.data)
    .bss                                     0x2000003c   Section       14  stm32f10x_it.o(.bss)
    .bss                                     0x2000004a   Section       64  usart.o(.bss)
    .bss                                     0x2000008a   Section       13  dw1000.o(.bss)
    STACK                                    0x20000098   Section      512  startup_stm32f10x_hd.o(STACK)

    Global Symbols

    Symbol Name                              Value     Ov Type        Size  Object(Section)

    BuildAttributes$$THM_ISAv4$P$D$K$B$S$PE$A:L22UL41UL21$X:L11$S22US41US21$IEEE1$IW$USESV6$~STKCKD$USESV7$~SHL$OSPACE$ROPI$EBA8$MICROLIB$REQ8$PRES8$EABIv2 0x00000000   Number         0  anon$$obj.o ABSOLUTE
    __ARM_use_no_argv                        0x00000000   Number         0  main.o ABSOLUTE
    _printf_a                                0x00000000   Number         0  stubs.o ABSOLUTE
    _printf_c                                0x00000000   Number         0  stubs.o ABSOLUTE
    _printf_charcount                        0x00000000   Number         0  stubs.o ABSOLUTE
    _printf_d                                0x00000000   Number         0  stubs.o ABSOLUTE
    _printf_e                                0x00000000   Number         0  stubs.o ABSOLUTE
    _printf_f                                0x00000000   Number         0  stubs.o ABSOLUTE
    _printf_flags                            0x00000000   Number         0  stubs.o ABSOLUTE
    _printf_fp_dec                           0x00000000   Number         0  stubs.o ABSOLUTE
    _printf_fp_hex                           0x00000000   Number         0  stubs.o ABSOLUTE
    _printf_g                                0x00000000   Number         0  stubs.o ABSOLUTE
    _printf_i                                0x00000000   Number         0  stubs.o ABSOLUTE
    _printf_int_dec                          0x00000000   Number         0  stubs.o ABSOLUTE
    _printf_l                                0x00000000   Number         0  stubs.o ABSOLUTE
    _printf_lc                               0x00000000   Number         0  stubs.o ABSOLUTE
    _printf_ll                               0x00000000   Number         0  stubs.o ABSOLUTE
    _printf_lld                              0x00000000   Number         0  stubs.o ABSOLUTE
    _printf_lli                              0x00000000   Number         0  stubs.o ABSOLUTE
    _printf_llo                              0x00000000   Number         0  stubs.o ABSOLUTE
    _printf_llu                              0x00000000   Number         0  stubs.o ABSOLUTE
    _printf_llx                              0x00000000   Number         0  stubs.o ABSOLUTE
    _printf_longlong_dec                     0x00000000   Number         0  stubs.o ABSOLUTE
    _printf_longlong_hex                     0x00000000   Number         0  stubs.o ABSOLUTE
    _printf_longlong_oct                     0x00000000   Number         0  stubs.o ABSOLUTE
    _printf_ls                               0x00000000   Number         0  stubs.o ABSOLUTE
    _printf_mbtowc                           0x00000000   Number         0  stubs.o ABSOLUTE
    _printf_n                                0x00000000   Number         0  stubs.o ABSOLUTE
    _printf_o                                0x00000000   Number         0  stubs.o ABSOLUTE
    _printf_p                                0x00000000   Number         0  stubs.o ABSOLUTE
    _printf_percent                          0x00000000   Number         0  stubs.o ABSOLUTE
    _printf_pre_padding                      0x00000000   Number         0  stubs.o ABSOLUTE
    _printf_return_value                     0x00000000   Number         0  stubs.o ABSOLUTE
    _printf_s                                0x00000000   Number         0  stubs.o ABSOLUTE
    _printf_sizespec                         0x00000000   Number         0  stubs.o ABSOLUTE
    _printf_str                              0x00000000   Number         0  stubs.o ABSOLUTE
    _printf_truncate_signed                  0x00000000   Number         0  stubs.o ABSOLUTE
    _printf_truncate_unsigned                0x00000000   Number         0  stubs.o ABSOLUTE
    _printf_u                                0x00000000   Number         0  stubs.o ABSOLUTE
    _printf_wc                               0x00000000   Number         0  stubs.o ABSOLUTE
    _printf_wctomb                           0x00000000   Number         0  stubs.o ABSOLUTE
    _printf_widthprec                        0x00000000   Number         0  stubs.o ABSOLUTE
    _printf_x                                0x00000000   Number         0  stubs.o ABSOLUTE
    __decompress                              - Undefined Weak Reference
    __Vectors_Size                           0x00000130   Number         0  startup_stm32f10x_hd.o ABSOLUTE
    __Vectors                                0x08000000   Data           4  startup_stm32f10x_hd.o(RESET)
    __Vectors_End                            0x08000130   Data           0  startup_stm32f10x_hd.o(RESET)
    __main                                   0x08000131   Thumb Code     0  entry.o(.ARM.Collect$$$$00000000)
    _main_stk                                0x08000131   Thumb Code     0  entry2.o(.ARM.Collect$$$$00000001)
    _main_scatterload                        0x08000135   Thumb Code     0  entry5.o(.ARM.Collect$$$$00000004)
    __main_after_scatterload                 0x08000139   Thumb Code     0  entry5.o(.ARM.Collect$$$$00000004)
    _main_init                               0x08000139   Thumb Code     0  entry7.o(.ARM.Collect$$$$00000007)
    SystemInit_ExtMemCtl                     0x08000145   Thumb Code     2  startup_stm32f10x_hd.o(.text)
    Reset_Handler                            0x08000147   Thumb Code    14  startup_stm32f10x_hd.o(.text)
    ADC1_2_IRQHandler                        0x08000167   Thumb Code     0  startup_stm32f10x_hd.o(.text)
    ADC3_IRQHandler                          0x08000167   Thumb Code     0  startup_stm32f10x_hd.o(.text)
    CAN1_RX1_IRQHandler                      0x08000167   Thumb Code     0  startup_stm32f10x_hd.o(.text)
    CAN1_SCE_IRQHandler                      0x08000167   Thumb Code     0  startup_stm32f10x_hd.o(.text)
    DMA1_Channel1_IRQHandler                 0x08000167   Thumb Code     0  startup_stm32f10x_hd.o(.text)
    DMA1_Channel2_IRQHandler                 0x08000167   Thumb Code     0  startup_stm32f10x_hd.o(.text)
    DMA1_Channel3_IRQHandler                 0x08000167   Thumb Code     0  startup_stm32f10x_hd.o(.text)
    DMA1_Channel4_IRQHandler                 0x08000167   Thumb Code     0  startup_stm32f10x_hd.o(.text)
    DMA1_Channel5_IRQHandler                 0x08000167   Thumb Code     0  startup_stm32f10x_hd.o(.text)
    DMA1_Channel6_IRQHandler                 0x08000167   Thumb Code     0  startup_stm32f10x_hd.o(.text)
    DMA1_Channel7_IRQHandler                 0x08000167   Thumb Code     0  startup_stm32f10x_hd.o(.text)
    DMA2_Channel1_IRQHandler                 0x08000167   Thumb Code     0  startup_stm32f10x_hd.o(.text)
    DMA2_Channel2_IRQHandler                 0x08000167   Thumb Code     0  startup_stm32f10x_hd.o(.text)
    DMA2_Channel3_IRQHandler                 0x08000167   Thumb Code     0  startup_stm32f10x_hd.o(.text)
    DMA2_Channel4_5_IRQHandler               0x08000167   Thumb Code     0  startup_stm32f10x_hd.o(.text)
    EXTI0_IRQHandler                         0x08000167   Thumb Code     0  startup_stm32f10x_hd.o(.text)
    EXTI15_10_IRQHandler                     0x08000167   Thumb Code     0  startup_stm32f10x_hd.o(.text)
    EXTI2_IRQHandler                         0x08000167   Thumb Code     0  startup_stm32f10x_hd.o(.text)
    EXTI3_IRQHandler                         0x08000167   Thumb Code     0  startup_stm32f10x_hd.o(.text)
    EXTI4_IRQHandler                         0x08000167   Thumb Code     0  startup_stm32f10x_hd.o(.text)
    EXTI9_5_IRQHandler                       0x08000167   Thumb Code     0  startup_stm32f10x_hd.o(.text)
    FLASH_IRQHandler                         0x08000167   Thumb Code     0  startup_stm32f10x_hd.o(.text)
    FSMC_IRQHandler                          0x08000167   Thumb Code     0  startup_stm32f10x_hd.o(.text)
    I2C1_ER_IRQHandler                       0x08000167   Thumb Code     0  startup_stm32f10x_hd.o(.text)
    I2C1_EV_IRQHandler                       0x08000167   Thumb Code     0  startup_stm32f10x_hd.o(.text)
    I2C2_ER_IRQHandler                       0x08000167   Thumb Code     0  startup_stm32f10x_hd.o(.text)
    I2C2_EV_IRQHandler                       0x08000167   Thumb Code     0  startup_stm32f10x_hd.o(.text)
    PVD_IRQHandler                           0x08000167   Thumb Code     0  startup_stm32f10x_hd.o(.text)
    RCC_IRQHandler                           0x08000167   Thumb Code     0  startup_stm32f10x_hd.o(.text)
    RTCAlarm_IRQHandler                      0x08000167   Thumb Code     0  startup_stm32f10x_hd.o(.text)
    RTC_IRQHandler                           0x08000167   Thumb Code     0  startup_stm32f10x_hd.o(.text)
    SDIO_IRQHandler                          0x08000167   Thumb Code     0  startup_stm32f10x_hd.o(.text)
    SPI1_IRQHandler                          0x08000167   Thumb Code     0  startup_stm32f10x_hd.o(.text)
    SPI2_IRQHandler                          0x08000167   Thumb Code     0  startup_stm32f10x_hd.o(.text)
    SPI3_IRQHandler                          0x08000167   Thumb Code     0  startup_stm32f10x_hd.o(.text)
    TAMPER_IRQHandler                        0x08000167   Thumb Code     0  startup_stm32f10x_hd.o(.text)
    TIM1_BRK_IRQHandler                      0x08000167   Thumb Code     0  startup_stm32f10x_hd.o(.text)
    TIM1_CC_IRQHandler                       0x08000167   Thumb Code     0  startup_stm32f10x_hd.o(.text)
    TIM1_TRG_COM_IRQHandler                  0x08000167   Thumb Code     0  startup_stm32f10x_hd.o(.text)
    TIM1_UP_IRQHandler                       0x08000167   Thumb Code     0  startup_stm32f10x_hd.o(.text)
    TIM2_IRQHandler                          0x08000167   Thumb Code     0  startup_stm32f10x_hd.o(.text)
    TIM5_IRQHandler                          0x08000167   Thumb Code     0  startup_stm32f10x_hd.o(.text)
    TIM6_IRQHandler                          0x08000167   Thumb Code     0  startup_stm32f10x_hd.o(.text)
    TIM7_IRQHandler                          0x08000167   Thumb Code     0  startup_stm32f10x_hd.o(.text)
    TIM8_BRK_IRQHandler                      0x08000167   Thumb Code     0  startup_stm32f10x_hd.o(.text)
    TIM8_CC_IRQHandler                       0x08000167   Thumb Code     0  startup_stm32f10x_hd.o(.text)
    TIM8_TRG_COM_IRQHandler                  0x08000167   Thumb Code     0  startup_stm32f10x_hd.o(.text)
    TIM8_UP_IRQHandler                       0x08000167   Thumb Code     0  startup_stm32f10x_hd.o(.text)
    UART4_IRQHandler                         0x08000167   Thumb Code     0  startup_stm32f10x_hd.o(.text)
    UART5_IRQHandler                         0x08000167   Thumb Code     0  startup_stm32f10x_hd.o(.text)
    USART2_IRQHandler                        0x08000167   Thumb Code     0  startup_stm32f10x_hd.o(.text)
    USART3_IRQHandler                        0x08000167   Thumb Code     0  startup_stm32f10x_hd.o(.text)
    USBWakeUp_IRQHandler                     0x08000167   Thumb Code     0  startup_stm32f10x_hd.o(.text)
    USB_HP_CAN1_TX_IRQHandler                0x08000167   Thumb Code     0  startup_stm32f10x_hd.o(.text)
    USB_LP_CAN1_RX0_IRQHandler               0x08000167   Thumb Code     0  startup_stm32f10x_hd.o(.text)
    WWDG_IRQHandler                          0x08000167   Thumb Code     0  startup_stm32f10x_hd.o(.text)
    EXTI_init                                0x08000175   Thumb Code   130  main.o(.text)
    TIM2_init                                0x080001f7   Thumb Code    96  main.o(.text)
    TIM3_init                                0x08000257   Thumb Code    98  main.o(.text)
    TIM4_init                                0x080002b9   Thumb Code    92  main.o(.text)
    main                                     0x08000315   Thumb Code    48  main.o(.text)
    NMI_Handler                              0x080003f5   Thumb Code     2  stm32f10x_it.o(.text)
    HardFault_Handler                        0x080003f7   Thumb Code     4  stm32f10x_it.o(.text)
    MemManage_Handler                        0x080003fb   Thumb Code     4  stm32f10x_it.o(.text)
    BusFault_Handler                         0x080003ff   Thumb Code     4  stm32f10x_it.o(.text)
    UsageFault_Handler                       0x08000403   Thumb Code     4  stm32f10x_it.o(.text)
    SVC_Handler                              0x08000407   Thumb Code     2  stm32f10x_it.o(.text)
    DebugMon_Handler                         0x08000409   Thumb Code     2  stm32f10x_it.o(.text)
    PendSV_Handler                           0x0800040b   Thumb Code     2  stm32f10x_it.o(.text)
    SysTick_Handler                          0x0800040d   Thumb Code     2  stm32f10x_it.o(.text)
    TIMx_stop                                0x0800040f   Thumb Code    50  stm32f10x_it.o(.text)
    TIM4_IRQHandler                          0x08000441   Thumb Code    38  stm32f10x_it.o(.text)
    TIMx_bezero                              0x08000467   Thumb Code    42  stm32f10x_it.o(.text)
    EXTI1_IRQHandler                         0x08000491   Thumb Code   462  stm32f10x_it.o(.text)
    TIM3_IRQHandler                          0x0800065f   Thumb Code   202  stm32f10x_it.o(.text)
    TIMx_work                                0x08000729   Thumb Code    42  stm32f10x_it.o(.text)
    USART1_IRQHandler                        0x08000753   Thumb Code   128  stm32f10x_it.o(.text)
    SPI1_init                                0x08000891   Thumb Code   148  spi.o(.text)
    SPI_send_and_receive_byte                0x08000925   Thumb Code    50  spi.o(.text)
    Write_DW1000                             0x08000957   Thumb Code   140  spi.o(.text)
    Read_DW1000                              0x080009e3   Thumb Code   146  spi.o(.text)
    USART1_init                              0x08000a91   Thumb Code   182  usart.o(.text)
    fputc                                    0x08000b47   Thumb Code    32  usart.o(.text)
    usart_handle                             0x08000b67   Thumb Code   182  usart.o(.text)
    DW1000_init                              0x08000cc5   Thumb Code   490  dw1000.o(.text)
    to_IDLE                                  0x08000eaf   Thumb Code    20  dw1000.o(.text)
    data_response                            0x08000ec3   Thumb Code   322  dw1000.o(.text)
    RX_mode_enable                           0x08001005   Thumb Code    20  dw1000.o(.text)
    ACK_send                                 0x08001019   Thumb Code    78  dw1000.o(.text)
    GPIO_DeInit                              0x080010d5   Thumb Code   188  stm32f10x_gpio.o(.text)
    GPIO_AFIODeInit                          0x08001191   Thumb Code    20  stm32f10x_gpio.o(.text)
    GPIO_Init                                0x080011a5   Thumb Code   274  stm32f10x_gpio.o(.text)
    GPIO_StructInit                          0x080012b7   Thumb Code    16  stm32f10x_gpio.o(.text)
    GPIO_ReadInputDataBit                    0x080012c7   Thumb Code    18  stm32f10x_gpio.o(.text)
    GPIO_ReadInputData                       0x080012d9   Thumb Code     8  stm32f10x_gpio.o(.text)
    GPIO_ReadOutputDataBit                   0x080012e1   Thumb Code    18  stm32f10x_gpio.o(.text)
    GPIO_ReadOutputData                      0x080012f3   Thumb Code     8  stm32f10x_gpio.o(.text)
    GPIO_SetBits                             0x080012fb   Thumb Code     4  stm32f10x_gpio.o(.text)
    GPIO_ResetBits                           0x080012ff   Thumb Code     4  stm32f10x_gpio.o(.text)
    GPIO_WriteBit                            0x08001303   Thumb Code    10  stm32f10x_gpio.o(.text)
    GPIO_Write                               0x0800130d   Thumb Code     4  stm32f10x_gpio.o(.text)
    GPIO_PinLockConfig                       0x08001311   Thumb Code    18  stm32f10x_gpio.o(.text)
    GPIO_EventOutputConfig                   0x08001323   Thumb Code    26  stm32f10x_gpio.o(.text)
    GPIO_EventOutputCmd                      0x0800133d   Thumb Code     6  stm32f10x_gpio.o(.text)
    GPIO_PinRemapConfig                      0x08001343   Thumb Code   106  stm32f10x_gpio.o(.text)
    GPIO_EXTILineConfig                      0x080013ad   Thumb Code    66  stm32f10x_gpio.o(.text)
    SPI_I2S_DeInit                           0x08001401   Thumb Code    88  stm32f10x_spi.o(.text)
    SPI_Init                                 0x08001459   Thumb Code    60  stm32f10x_spi.o(.text)
    I2S_Init                                 0x08001495   Thumb Code   206  stm32f10x_spi.o(.text)
    SPI_StructInit                           0x08001563   Thumb Code    24  stm32f10x_spi.o(.text)
    I2S_StructInit                           0x0800157b   Thumb Code    20  stm32f10x_spi.o(.text)
    SPI_Cmd                                  0x0800158f   Thumb Code    24  stm32f10x_spi.o(.text)
    I2S_Cmd                                  0x080015a7   Thumb Code    24  stm32f10x_spi.o(.text)
    SPI_I2S_ITConfig                         0x080015bf   Thumb Code    36  stm32f10x_spi.o(.text)
    SPI_I2S_DMACmd                           0x080015e3   Thumb Code    24  stm32f10x_spi.o(.text)
    SPI_I2S_SendData                         0x080015fb   Thumb Code     4  stm32f10x_spi.o(.text)
    SPI_I2S_ReceiveData                      0x080015ff   Thumb Code     6  stm32f10x_spi.o(.text)
    SPI_NSSInternalSoftwareConfig            0x08001605   Thumb Code    30  stm32f10x_spi.o(.text)
    SPI_SSOutputCmd                          0x08001623   Thumb Code    24  stm32f10x_spi.o(.text)
    SPI_DataSizeConfig                       0x0800163b   Thumb Code    18  stm32f10x_spi.o(.text)
    SPI_TransmitCRC                          0x0800164d   Thumb Code    10  stm32f10x_spi.o(.text)
    SPI_CalculateCRC                         0x08001657   Thumb Code    24  stm32f10x_spi.o(.text)
    SPI_GetCRC                               0x0800166f   Thumb Code    16  stm32f10x_spi.o(.text)
    SPI_GetCRCPolynomial                     0x0800167f   Thumb Code     6  stm32f10x_spi.o(.text)
    SPI_BiDirectionalLineConfig              0x08001685   Thumb Code    28  stm32f10x_spi.o(.text)
    SPI_I2S_GetFlagStatus                    0x080016a1   Thumb Code    18  stm32f10x_spi.o(.text)
    SPI_I2S_ClearFlag                        0x080016b3   Thumb Code     6  stm32f10x_spi.o(.text)
    SPI_I2S_GetITStatus                      0x080016b9   Thumb Code    52  stm32f10x_spi.o(.text)
    SPI_I2S_ClearITPendingBit                0x080016ed   Thumb Code    20  stm32f10x_spi.o(.text)
    USART_DeInit                             0x08001705   Thumb Code   146  stm32f10x_usart.o(.text)
    USART_Init                               0x08001797   Thumb Code   150  stm32f10x_usart.o(.text)
    USART_StructInit                         0x0800182d   Thumb Code    24  stm32f10x_usart.o(.text)
    USART_ClockInit                          0x08001845   Thumb Code    34  stm32f10x_usart.o(.text)
    USART_ClockStructInit                    0x08001867   Thumb Code    12  stm32f10x_usart.o(.text)
    USART_Cmd                                0x08001873   Thumb Code    24  stm32f10x_usart.o(.text)
    USART_ITConfig                           0x0800188b   Thumb Code    64  stm32f10x_usart.o(.text)
    USART_DMACmd                             0x080018cb   Thumb Code    24  stm32f10x_usart.o(.text)
    USART_SetAddress                         0x080018e3   Thumb Code    18  stm32f10x_usart.o(.text)
    USART_WakeUpConfig                       0x080018f5   Thumb Code    18  stm32f10x_usart.o(.text)
    USART_ReceiverWakeUpCmd                  0x08001907   Thumb Code    24  stm32f10x_usart.o(.text)
    USART_LINBreakDetectLengthConfig         0x0800191f   Thumb Code    18  stm32f10x_usart.o(.text)
    USART_LINCmd                             0x08001931   Thumb Code    24  stm32f10x_usart.o(.text)
    USART_SendData                           0x08001949   Thumb Code     8  stm32f10x_usart.o(.text)
    USART_ReceiveData                        0x08001951   Thumb Code    10  stm32f10x_usart.o(.text)
    USART_SendBreak                          0x0800195b   Thumb Code    10  stm32f10x_usart.o(.text)
    USART_SetGuardTime                       0x08001965   Thumb Code    16  stm32f10x_usart.o(.text)
    USART_SetPrescaler                       0x08001975   Thumb Code    16  stm32f10x_usart.o(.text)
    USART_SmartCardCmd                       0x08001985   Thumb Code    24  stm32f10x_usart.o(.text)
    USART_SmartCardNACKCmd                   0x0800199d   Thumb Code    24  stm32f10x_usart.o(.text)
    USART_HalfDuplexCmd                      0x080019b5   Thumb Code    24  stm32f10x_usart.o(.text)
    USART_IrDAConfig                         0x080019cd   Thumb Code    18  stm32f10x_usart.o(.text)
    USART_IrDACmd                            0x080019df   Thumb Code    24  stm32f10x_usart.o(.text)
    USART_GetFlagStatus                      0x080019f7   Thumb Code    18  stm32f10x_usart.o(.text)
    USART_ClearFlag                          0x08001a09   Thumb Code     6  stm32f10x_usart.o(.text)
    USART_GetITStatus                        0x08001a0f   Thumb Code    76  stm32f10x_usart.o(.text)
    USART_ClearITPendingBit                  0x08001a5b   Thumb Code    20  stm32f10x_usart.o(.text)
    NVIC_PriorityGroupConfig                 0x08001a7d   Thumb Code    10  misc.o(.text)
    NVIC_Init                                0x08001a87   Thumb Code   118  misc.o(.text)
    NVIC_SetVectorTable                      0x08001afd   Thumb Code    12  misc.o(.text)
    NVIC_SystemLPConfig                      0x08001b09   Thumb Code    38  misc.o(.text)
    SysTick_CLKSourceConfig                  0x08001b2f   Thumb Code    40  misc.o(.text)
    RCC_DeInit                               0x08001b75   Thumb Code    62  stm32f10x_rcc.o(.text)
    RCC_HSEConfig                            0x08001bb3   Thumb Code    70  stm32f10x_rcc.o(.text)
    RCC_GetFlagStatus                        0x08001bf9   Thumb Code    56  stm32f10x_rcc.o(.text)
    RCC_WaitForHSEStartUp                    0x08001c31   Thumb Code    46  stm32f10x_rcc.o(.text)
    RCC_AdjustHSICalibrationValue            0x08001c5f   Thumb Code    20  stm32f10x_rcc.o(.text)
    RCC_HSICmd                               0x08001c73   Thumb Code     6  stm32f10x_rcc.o(.text)
    RCC_PLLConfig                            0x08001c79   Thumb Code    24  stm32f10x_rcc.o(.text)
    RCC_PLLCmd                               0x08001c91   Thumb Code     6  stm32f10x_rcc.o(.text)
    RCC_SYSCLKConfig                         0x08001c97   Thumb Code    18  stm32f10x_rcc.o(.text)
    RCC_GetSYSCLKSource                      0x08001ca9   Thumb Code    10  stm32f10x_rcc.o(.text)
    RCC_HCLKConfig                           0x08001cb3   Thumb Code    18  stm32f10x_rcc.o(.text)
    RCC_PCLK1Config                          0x08001cc5   Thumb Code    18  stm32f10x_rcc.o(.text)
    RCC_PCLK2Config                          0x08001cd7   Thumb Code    20  stm32f10x_rcc.o(.text)
    RCC_ITConfig                             0x08001ceb   Thumb Code    30  stm32f10x_rcc.o(.text)
    RCC_USBCLKConfig                         0x08001d09   Thumb Code     6  stm32f10x_rcc.o(.text)
    RCC_ADCCLKConfig                         0x08001d0f   Thumb Code    18  stm32f10x_rcc.o(.text)
    RCC_LSEConfig                            0x08001d21   Thumb Code    44  stm32f10x_rcc.o(.text)
    RCC_LSICmd                               0x08001d4d   Thumb Code     6  stm32f10x_rcc.o(.text)
    RCC_RTCCLKConfig                         0x08001d53   Thumb Code    12  stm32f10x_rcc.o(.text)
    RCC_RTCCLKCmd                            0x08001d5f   Thumb Code     6  stm32f10x_rcc.o(.text)
    RCC_GetClocksFreq                        0x08001d65   Thumb Code   192  stm32f10x_rcc.o(.text)
    RCC_AHBPeriphClockCmd                    0x08001e25   Thumb Code    26  stm32f10x_rcc.o(.text)
    RCC_APB2PeriphClockCmd                   0x08001e3f   Thumb Code    26  stm32f10x_rcc.o(.text)
    RCC_APB1PeriphClockCmd                   0x08001e59   Thumb Code    26  stm32f10x_rcc.o(.text)
    RCC_APB2PeriphResetCmd                   0x08001e73   Thumb Code    26  stm32f10x_rcc.o(.text)
    RCC_APB1PeriphResetCmd                   0x08001e8d   Thumb Code    26  stm32f10x_rcc.o(.text)
    RCC_BackupResetCmd                       0x08001ea7   Thumb Code     6  stm32f10x_rcc.o(.text)
    RCC_ClockSecuritySystemCmd               0x08001ead   Thumb Code     6  stm32f10x_rcc.o(.text)
    RCC_MCOConfig                            0x08001eb3   Thumb Code     6  stm32f10x_rcc.o(.text)
    RCC_ClearFlag                            0x08001eb9   Thumb Code    14  stm32f10x_rcc.o(.text)
    RCC_GetITStatus                          0x08001ec7   Thumb Code    20  stm32f10x_rcc.o(.text)
    RCC_ClearITPendingBit                    0x08001edb   Thumb Code     6  stm32f10x_rcc.o(.text)
    EXTI_DeInit                              0x08001f15   Thumb Code    30  stm32f10x_exti.o(.text)
    EXTI_Init                                0x08001f33   Thumb Code   188  stm32f10x_exti.o(.text)
    EXTI_StructInit                          0x08001fef   Thumb Code    16  stm32f10x_exti.o(.text)
    EXTI_GenerateSWInterrupt                 0x08001fff   Thumb Code    16  stm32f10x_exti.o(.text)
    EXTI_GetFlagStatus                       0x0800200f   Thumb Code    20  stm32f10x_exti.o(.text)
    EXTI_ClearFlag                           0x08002023   Thumb Code     6  stm32f10x_exti.o(.text)
    EXTI_GetITStatus                         0x08002029   Thumb Code    34  stm32f10x_exti.o(.text)
    EXTI_ClearITPendingBit                   0x0800204b   Thumb Code     6  stm32f10x_exti.o(.text)
    TIM_DeInit                               0x08002071   Thumb Code   214  stm32f10x_tim.o(.text)
    TIM_TimeBaseInit                         0x08002147   Thumb Code    50  stm32f10x_tim.o(.text)
    TIM_OC1Init                              0x08002179   Thumb Code   110  stm32f10x_tim.o(.text)
    TIM_OC2Init                              0x080021e7   Thumb Code   140  stm32f10x_tim.o(.text)
    TIM_OC3Init                              0x08002273   Thumb Code   136  stm32f10x_tim.o(.text)
    TIM_OC4Init                              0x080022fb   Thumb Code    98  stm32f10x_tim.o(.text)
    TIM_SetIC4Prescaler                      0x0800235d   Thumb Code    22  stm32f10x_tim.o(.text)
    TIM_SetIC3Prescaler                      0x080023b9   Thumb Code    18  stm32f10x_tim.o(.text)
    TIM_SetIC2Prescaler                      0x0800240b   Thumb Code    22  stm32f10x_tim.o(.text)
    TIM_SetIC1Prescaler                      0x08002475   Thumb Code    18  stm32f10x_tim.o(.text)
    TIM_ICInit                               0x080024bd   Thumb Code   110  stm32f10x_tim.o(.text)
    TIM_PWMIConfig                           0x0800252b   Thumb Code   124  stm32f10x_tim.o(.text)
    TIM_BDTRConfig                           0x080025a7   Thumb Code    32  stm32f10x_tim.o(.text)
    TIM_TimeBaseStructInit                   0x080025c7   Thumb Code    18  stm32f10x_tim.o(.text)
    TIM_OCStructInit                         0x080025d9   Thumb Code    20  stm32f10x_tim.o(.text)
    TIM_ICStructInit                         0x080025ed   Thumb Code    18  stm32f10x_tim.o(.text)
    TIM_BDTRStructInit                       0x080025ff   Thumb Code    18  stm32f10x_tim.o(.text)
    TIM_Cmd                                  0x08002611   Thumb Code    24  stm32f10x_tim.o(.text)
    TIM_CtrlPWMOutputs                       0x08002629   Thumb Code    30  stm32f10x_tim.o(.text)
    TIM_ITConfig                             0x08002647   Thumb Code    24  stm32f10x_tim.o(.text)
    TIM_GenerateEvent                        0x0800265f   Thumb Code     4  stm32f10x_tim.o(.text)
    TIM_DMAConfig                            0x08002663   Thumb Code    10  stm32f10x_tim.o(.text)
    TIM_DMACmd                               0x0800266d   Thumb Code    24  stm32f10x_tim.o(.text)
    TIM_InternalClockConfig                  0x08002685   Thumb Code    12  stm32f10x_tim.o(.text)
    TIM_SelectInputTrigger                   0x08002691   Thumb Code    18  stm32f10x_tim.o(.text)
    TIM_ITRxExternalClockConfig              0x080026a3   Thumb Code    24  stm32f10x_tim.o(.text)
    TIM_TIxExternalClockConfig               0x080026bb   Thumb Code    62  stm32f10x_tim.o(.text)
    TIM_ETRConfig                            0x080026f9   Thumb Code    26  stm32f10x_tim.o(.text)
    TIM_ETRClockMode1Config                  0x08002713   Thumb Code    54  stm32f10x_tim.o(.text)
    TIM_ETRClockMode2Config                  0x08002749   Thumb Code    32  stm32f10x_tim.o(.text)
    TIM_PrescalerConfig                      0x08002769   Thumb Code     6  stm32f10x_tim.o(.text)
    TIM_CounterModeConfig                    0x0800276f   Thumb Code    18  stm32f10x_tim.o(.text)
    TIM_EncoderInterfaceConfig               0x08002781   Thumb Code    62  stm32f10x_tim.o(.text)
    TIM_ForcedOC1Config                      0x080027bf   Thumb Code    18  stm32f10x_tim.o(.text)
    TIM_ForcedOC2Config                      0x080027d1   Thumb Code    22  stm32f10x_tim.o(.text)
    TIM_ForcedOC3Config                      0x080027e7   Thumb Code    18  stm32f10x_tim.o(.text)
    TIM_ForcedOC4Config                      0x080027f9   Thumb Code    22  stm32f10x_tim.o(.text)
    TIM_ARRPreloadConfig                     0x0800280f   Thumb Code    24  stm32f10x_tim.o(.text)
    TIM_SelectCOM                            0x08002827   Thumb Code    24  stm32f10x_tim.o(.text)
    TIM_SelectCCDMA                          0x0800283f   Thumb Code    24  stm32f10x_tim.o(.text)
    TIM_CCPreloadControl                     0x08002857   Thumb Code    24  stm32f10x_tim.o(.text)
    TIM_OC1PreloadConfig                     0x0800286f   Thumb Code    18  stm32f10x_tim.o(.text)
    TIM_OC2PreloadConfig                     0x08002881   Thumb Code    22  stm32f10x_tim.o(.text)
    TIM_OC3PreloadConfig                     0x08002897   Thumb Code    18  stm32f10x_tim.o(.text)
    TIM_OC4PreloadConfig                     0x080028a9   Thumb Code    22  stm32f10x_tim.o(.text)
    TIM_OC1FastConfig                        0x080028bf   Thumb Code    18  stm32f10x_tim.o(.text)
    TIM_OC2FastConfig                        0x080028d1   Thumb Code    22  stm32f10x_tim.o(.text)
    TIM_OC3FastConfig                        0x080028e7   Thumb Code    18  stm32f10x_tim.o(.text)
    TIM_OC4FastConfig                        0x080028f9   Thumb Code    22  stm32f10x_tim.o(.text)
    TIM_ClearOC1Ref                          0x0800290f   Thumb Code    18  stm32f10x_tim.o(.text)
    TIM_ClearOC2Ref                          0x08002921   Thumb Code    20  stm32f10x_tim.o(.text)
    TIM_ClearOC3Ref                          0x08002935   Thumb Code    18  stm32f10x_tim.o(.text)
    TIM_ClearOC4Ref                          0x08002947   Thumb Code    20  stm32f10x_tim.o(.text)
    TIM_OC1PolarityConfig                    0x0800295b   Thumb Code    18  stm32f10x_tim.o(.text)
    TIM_OC1NPolarityConfig                   0x0800296d   Thumb Code    18  stm32f10x_tim.o(.text)
    TIM_OC2PolarityConfig                    0x0800297f   Thumb Code    22  stm32f10x_tim.o(.text)
    TIM_OC2NPolarityConfig                   0x08002995   Thumb Code    22  stm32f10x_tim.o(.text)
    TIM_OC3PolarityConfig                    0x080029ab   Thumb Code    22  stm32f10x_tim.o(.text)
    TIM_OC3NPolarityConfig                   0x080029c1   Thumb Code    22  stm32f10x_tim.o(.text)
    TIM_OC4PolarityConfig                    0x080029d7   Thumb Code    22  stm32f10x_tim.o(.text)
    TIM_CCxCmd                               0x080029ed   Thumb Code    30  stm32f10x_tim.o(.text)
    TIM_CCxNCmd                              0x08002a0b   Thumb Code    30  stm32f10x_tim.o(.text)
    TIM_SelectOCxM                           0x08002a29   Thumb Code   142  stm32f10x_tim.o(.text)
    TIM_UpdateDisableConfig                  0x08002ab7   Thumb Code    24  stm32f10x_tim.o(.text)
    TIM_UpdateRequestConfig                  0x08002acf   Thumb Code    24  stm32f10x_tim.o(.text)
    TIM_SelectHallSensor                     0x08002ae7   Thumb Code    24  stm32f10x_tim.o(.text)
    TIM_SelectOnePulseMode                   0x08002aff   Thumb Code    18  stm32f10x_tim.o(.text)
    TIM_SelectOutputTrigger                  0x08002b11   Thumb Code    18  stm32f10x_tim.o(.text)
    TIM_SelectSlaveMode                      0x08002b23   Thumb Code    18  stm32f10x_tim.o(.text)
    TIM_SelectMasterSlaveMode                0x08002b35   Thumb Code    18  stm32f10x_tim.o(.text)
    TIM_SetCounter                           0x08002b47   Thumb Code     4  stm32f10x_tim.o(.text)
    TIM_SetAutoreload                        0x08002b4b   Thumb Code     4  stm32f10x_tim.o(.text)
    TIM_SetCompare1                          0x08002b4f   Thumb Code     4  stm32f10x_tim.o(.text)
    TIM_SetCompare2                          0x08002b53   Thumb Code     4  stm32f10x_tim.o(.text)
    TIM_SetCompare3                          0x08002b57   Thumb Code     4  stm32f10x_tim.o(.text)
    TIM_SetCompare4                          0x08002b5b   Thumb Code     6  stm32f10x_tim.o(.text)
    TIM_SetClockDivision                     0x08002b61   Thumb Code    14  stm32f10x_tim.o(.text)
    TIM_GetCapture1                          0x08002b6f   Thumb Code     6  stm32f10x_tim.o(.text)
    TIM_GetCapture2                          0x08002b75   Thumb Code     6  stm32f10x_tim.o(.text)
    TIM_GetCapture3                          0x08002b7b   Thumb Code     6  stm32f10x_tim.o(.text)
    TIM_GetCapture4                          0x08002b81   Thumb Code     8  stm32f10x_tim.o(.text)
    TIM_GetCounter                           0x08002b89   Thumb Code     6  stm32f10x_tim.o(.text)
    TIM_GetPrescaler                         0x08002b8f   Thumb Code     6  stm32f10x_tim.o(.text)
    TIM_GetFlagStatus                        0x08002b95   Thumb Code    18  stm32f10x_tim.o(.text)
    TIM_ClearFlag                            0x08002ba7   Thumb Code     6  stm32f10x_tim.o(.text)
    TIM_GetITStatus                          0x08002bad   Thumb Code    34  stm32f10x_tim.o(.text)
    TIM_ClearITPendingBit                    0x08002bcf   Thumb Code     6  stm32f10x_tim.o(.text)
    SystemInit                               0x08002ca3   Thumb Code    68  system_stm32f10x.o(.text)
    __aeabi_dadd                             0x08002cf9   Thumb Code   318  dadd.o(.text)
    __aeabi_dsub                             0x08002e37   Thumb Code     6  dadd.o(.text)
    __aeabi_drsub                            0x08002e3d   Thumb Code     6  dadd.o(.text)
    __aeabi_dmul                             0x08002e43   Thumb Code   226  dmul.o(.text)
    __aeabi_i2d                              0x08002f25   Thumb Code    34  dflti.o(.text)
    __aeabi_uidiv                            0x08002f47   Thumb Code     0  uidiv.o(.text)
    __aeabi_uidivmod                         0x08002f47   Thumb Code    44  uidiv.o(.text)
    __aeabi_uldivmod                         0x08002f73   Thumb Code   102  uldiv.o(.text)
    __aeabi_llsl                             0x08002fd9   Thumb Code    30  llshl.o(.text)
    _ll_shift_l                              0x08002fd9   Thumb Code     0  llshl.o(.text)
    __aeabi_lasr                             0x08002ff7   Thumb Code    36  llsshr.o(.text)
    _ll_sshift_r                             0x08002ff7   Thumb Code     0  llsshr.o(.text)
    __I$use$fp                               0x0800301b   Thumb Code     0  iusefp.o(.text)
    _double_round                            0x0800301b   Thumb Code    26  depilogue.o(.text)
    _double_epilogue                         0x08003035   Thumb Code   168  depilogue.o(.text)
    __aeabi_ddiv                             0x080030dd   Thumb Code   222  ddiv.o(.text)
    __aeabi_d2ulz                            0x080031bb   Thumb Code    48  dfixul.o(.text)
    __aeabi_cdrcmple                         0x080031ed   Thumb Code    38  cdrcmple.o(.text)
    __scatterload                            0x08003215   Thumb Code    28  init.o(.text)
    __scatterload_rt2                        0x08003215   Thumb Code     0  init.o(.text)
    __aeabi_llsr                             0x08003239   Thumb Code    32  llushr.o(.text)
    _ll_ushift_r                             0x08003239   Thumb Code     0  llushr.o(.text)
    __0printf                                0x08003259   Thumb Code    22  printfa.o(i.__0printf)
    __1printf                                0x08003259   Thumb Code     0  printfa.o(i.__0printf)
    __2printf                                0x08003259   Thumb Code     0  printfa.o(i.__0printf)
    __c89printf                              0x08003259   Thumb Code     0  printfa.o(i.__0printf)
    printf                                   0x08003259   Thumb Code     0  printfa.o(i.__0printf)
    __scatterload_copy                       0x08003279   Thumb Code    14  handlers.o(i.__scatterload_copy)
    __scatterload_null                       0x08003287   Thumb Code     2  handlers.o(i.__scatterload_null)
    __scatterload_zeroinit                   0x08003289   Thumb Code    14  handlers.o(i.__scatterload_zeroinit)
    Region$$Table$$Base                      0x08003b14   Number         0  anon$$obj.o(Region$$Table)
    Region$$Table$$Limit                     0x08003b34   Number         0  anon$$obj.o(Region$$Table)
    distance_flag                            0x20000000   Data           1  stm32f10x_it.o(.data)
    tx_power                                 0x20000001   Data           1  stm32f10x_it.o(.data)
    tx_power_flag                            0x20000002   Data           1  stm32f10x_it.o(.data)
    ars_counter                              0x20000003   Data           1  stm32f10x_it.o(.data)
    usart_index                              0x20000004   Data           1  usart.o(.data)
    usart_status                             0x20000005   Data           1  usart.o(.data)
    Location_Number                          0x20000008   Data           1  dw1000.o(.data)
    Tx_stp_L                                 0x2000000c   Data           4  dw1000.o(.data)
    Tx_stp_H                                 0x20000010   Data           1  dw1000.o(.data)
    Rx_stp_L                                 0x20000014   Data           4  dw1000.o(.data)
    Rx_stp_H                                 0x20000018   Data           1  dw1000.o(.data)
    diff                                     0x2000001c   Data           4  dw1000.o(.data)
    tmp                                      0x20000020   Data           1  dw1000.o(.data)
    __stdout                                 0x20000038   Data           4  stdout.o(.data)
    Receive_buffer                           0x2000003c   Data          14  stm32f10x_it.o(.bss)
    usart_buffer                             0x2000004a   Data          64  usart.o(.bss)
    Tx_Buff                                  0x2000008a   Data          13  dw1000.o(.bss)
    __initial_sp                             0x20000298   Data           0  startup_stm32f10x_hd.o(STACK)



==============================================================================

Memory Map of the image

  Image Entry point : 0x08000131

  Load Region LR_IROM1 (Base: 0x08000000, Size: 0x00003b70, Max: 0x00020000, ABSOLUTE)

    Execution Region ER_IROM1 (Base: 0x08000000, Size: 0x00003b34, Max: 0x00020000, ABSOLUTE)

    Base Addr    Size         Type   Attr      Idx    E Section Name        Object

    0x08000000   0x00000130   Data   RO            3    RESET               startup_stm32f10x_hd.o
    0x08000130   0x00000000   Code   RO          247  * .ARM.Collect$$$$00000000  mc_w.l(entry.o)
    0x08000130   0x00000004   Code   RO          517    .ARM.Collect$$$$00000001  mc_w.l(entry2.o)
    0x08000134   0x00000004   Code   RO          520    .ARM.Collect$$$$00000004  mc_w.l(entry5.o)
    0x08000138   0x00000008   Code   RO          521    .ARM.Collect$$$$00000007  mc_w.l(entry7.o)
    0x08000140   0x00000004   Code   RO          518    .ARM.Collect$$$$00002712  mc_w.l(entry2.o)
    0x08000144   0x00000030   Code   RO            4    .text               startup_stm32f10x_hd.o
    0x08000174   0x00000280   Code   RO           10    .text               main.o
    0x080003f4   0x0000049c   Code   RO           67    .text               stm32f10x_it.o
    0x08000890   0x00000200   Code   RO           87    .text               spi.o
    0x08000a90   0x00000234   Code   RO           99    .text               usart.o
    0x08000cc4   0x00000410   Code   RO          116    .text               dw1000.o
    0x080010d4   0x0000032c   Code   RO          133    .text               stm32f10x_gpio.o
    0x08001400   0x00000304   Code   RO          145    .text               stm32f10x_spi.o
    0x08001704   0x00000378   Code   RO          157    .text               stm32f10x_usart.o
    0x08001a7c   0x000000f8   Code   RO          169    .text               misc.o
    0x08001b74   0x000003a0   Code   RO          181    .text               stm32f10x_rcc.o
    0x08001f14   0x0000015c   Code   RO          195    .text               stm32f10x_exti.o
    0x08002070   0x00000b64   Code   RO          207    .text               stm32f10x_tim.o
    0x08002bd4   0x00000124   Code   RO          229    .text               system_stm32f10x.o
    0x08002cf8   0x0000014a   Code   RO          511    .text               mf_w.l(dadd.o)
    0x08002e42   0x000000e2   Code   RO          513    .text               mf_w.l(dmul.o)
    0x08002f24   0x00000022   Code   RO          515    .text               mf_w.l(dflti.o)
    0x08002f46   0x0000002c   Code   RO          523    .text               mc_w.l(uidiv.o)
    0x08002f72   0x00000066   Code   RO          525    .text               mc_w.l(uldiv.o)
    0x08002fd8   0x0000001e   Code   RO          527    .text               mc_w.l(llshl.o)
    0x08002ff6   0x00000024   Code   RO          529    .text               mc_w.l(llsshr.o)
    0x0800301a   0x00000000   Code   RO          531    .text               mc_w.l(iusefp.o)
    0x0800301a   0x000000c2   Code   RO          532    .text               mf_w.l(depilogue.o)
    0x080030dc   0x000000de   Code   RO          534    .text               mf_w.l(ddiv.o)
    0x080031ba   0x00000030   Code   RO          536    .text               mf_w.l(dfixul.o)
    0x080031ea   0x00000002   PAD
    0x080031ec   0x00000028   Code   RO          538    .text               mf_w.l(cdrcmple.o)
    0x08003214   0x00000024   Code   RO          540    .text               mc_w.l(init.o)
    0x08003238   0x00000020   Code   RO          542    .text               mc_w.l(llushr.o)
    0x08003258   0x00000020   Code   RO          483    i.__0printf         mc_w.l(printfa.o)
    0x08003278   0x0000000e   Code   RO          546    i.__scatterload_copy  mc_w.l(handlers.o)
    0x08003286   0x00000002   Code   RO          547    i.__scatterload_null  mc_w.l(handlers.o)
    0x08003288   0x0000000e   Code   RO          548    i.__scatterload_zeroinit  mc_w.l(handlers.o)
    0x08003296   0x00000002   PAD
    0x08003298   0x00000154   Code   RO          490    i._fp_digits        mc_w.l(printfa.o)
    0x080033ec   0x000006d4   Code   RO          491    i._printf_core      mc_w.l(printfa.o)
    0x08003ac0   0x00000026   Code   RO          492    i._printf_post_padding  mc_w.l(printfa.o)
    0x08003ae6   0x0000002e   Code   RO          493    i._printf_pre_padding  mc_w.l(printfa.o)
    0x08003b14   0x00000020   Data   RO          544    Region$$Table       anon$$obj.o


    Execution Region RW_IRAM1 (Base: 0x20000000, Size: 0x00000298, Max: 0x00005000, ABSOLUTE)

    Base Addr    Size         Type   Attr      Idx    E Section Name        Object

    0x20000000   0x00000004   Data   RW           69    .data               stm32f10x_it.o
    0x20000004   0x00000002   Data   RW          101    .data               usart.o
    0x20000006   0x00000002   PAD
    0x20000008   0x00000019   Data   RW          118    .data               dw1000.o
    0x20000021   0x00000014   Data   RW          182    .data               stm32f10x_rcc.o
    0x20000035   0x00000003   PAD
    0x20000038   0x00000004   Data   RW          522    .data               mc_w.l(stdout.o)
    0x2000003c   0x0000000e   Zero   RW           68    .bss                stm32f10x_it.o
    0x2000004a   0x00000040   Zero   RW          100    .bss                usart.o
    0x2000008a   0x0000000d   Zero   RW          117    .bss                dw1000.o
    0x20000097   0x00000001   PAD
    0x20000098   0x00000200   Zero   RW            1    STACK               startup_stm32f10x_hd.o


==============================================================================

Image component sizes


      Code (inc. data)   RO Data    RW Data    ZI Data      Debug   Object Name

      1040        110          0         25         13       2166   dw1000.o
       640        176          0          0          0     260459   main.o
       248         30          0          0          0       1665   misc.o
       512         28          0          0          0       1923   spi.o
        48         12        304          0        512        840   startup_stm32f10x_hd.o
       348         32          0          0          0       2063   stm32f10x_exti.o
       812         18          0          0          0       5115   stm32f10x_gpio.o
      1180        190          0          4         14       3563   stm32f10x_it.o
       928         52          0         20          0       8704   stm32f10x_rcc.o
       772          4          0          0          0       6282   stm32f10x_spi.o
      2916         16          0          0          0      24496   stm32f10x_tim.o
       888         14          0          0          0       7759   stm32f10x_usart.o
       292         18          0          0          0       1097   system_stm32f10x.o
       564        168          0          2         64       1843   usart.o

    ----------------------------------------------------------------------
     11188        868        336         56        604     327975   Object Totals
         0          0         32          0          0          0   (incl. Generated)
         0          0          0          5          1          1   (incl. Padding)

    ----------------------------------------------------------------------

      Code (inc. data)   RO Data    RW Data    ZI Data      Debug   Library Member Name

         0          0          0          0          0          0   entry.o
         8          4          0          0          0          0   entry2.o
         4          0          0          0          0          0   entry5.o
         8          4          0          0          0          0   entry7.o
        30          0          0          0          0          0   handlers.o
        36          8          0          0          0         68   init.o
         0          0          0          0          0          0   iusefp.o
        30          0          0          0          0         68   llshl.o
        36          0          0          0          0         68   llsshr.o
        32          0          0          0          0         68   llushr.o
      2204         92          0          0          0        460   printfa.o
         0          0          0          4          0          0   stdout.o
        44          0          0          0          0         80   uidiv.o
       102          0          0          0          0         92   uldiv.o
        40          2          0          0          0         68   cdrcmple.o
       330          0          0          0          0        148   dadd.o
       222          0          0          0          0        100   ddiv.o
       194          0          0          0          0        184   depilogue.o
        48          0          0          0          0         68   dfixul.o
        34          0          0          0          0         76   dflti.o
       226          0          0          0          0         96   dmul.o

    ----------------------------------------------------------------------
      3632        110          0          4          0       1644   Library Totals
         4          0          0          0          0          0   (incl. Padding)

    ----------------------------------------------------------------------

      Code (inc. data)   RO Data    RW Data    ZI Data      Debug   Library Name

      2534        108          0          4          0        904   mc_w.l
      1094          2          0          0          0        740   mf_w.l

    ----------------------------------------------------------------------
      3632        110          0          4          0       1644   Library Totals

    ----------------------------------------------------------------------

==============================================================================


      Code (inc. data)   RO Data    RW Data    ZI Data      Debug   

     14820        978        336         60        604     327488   Grand Totals
     14820        978        336         60        604     327488   ELF Image Totals
     14820        978        336         60          0          0   ROM Totals

==============================================================================

    Total RO  Size (Code + RO Data)                15156 (  14.80kB)
    Total RW  Size (RW Data + ZI Data)               664 (   0.65kB)
    Total ROM Size (Code + RO Data + RW Data)      15216 (  14.86kB)

==============================================================================

