ARM Linker, 4.1 [Build 567] [Standard]

==============================================================================

Section Cross References

    startup_stm32f10x_hd.o(RESET) refers to startup_stm32f10x_hd.o(.text) for Reset_Handler
    startup_stm32f10x_hd.o(RESET) refers to stm32f10x_it.o(.text) for NMI_Handler
    startup_stm32f10x_hd.o(.text) refers to startup_stm32f10x_hd.o(STACK) for __initial_sp
    startup_stm32f10x_hd.o(.text) refers to entry.o(.ARM.Collect$$$$00000000) for __main
    main.o(.text) refers to misc.o(.text) for NVIC_PriorityGroupConfig
    main.o(.text) refers to stm32f10x_rcc.o(.text) for RCC_APB2PeriphClockCmd
    main.o(.text) refers to stm32f10x_gpio.o(.text) for GPIO_Init
    main.o(.text) refers to stm32f10x_exti.o(.text) for EXTI_ClearITPendingBit
    main.o(.text) refers to spi.o(.text) for SPI1_init
    main.o(.text) refers to usart.o(.text) for USART1_init
    main.o(.text) refers to dw1000.o(.text) for DW1000_init
    stm32f10x_it.o(.text) refers to stm32f10x_exti.o(.text) for EXTI_ClearITPendingBit
    stm32f10x_it.o(.text) refers to spi.o(.text) for Read_DW1000
    stm32f10x_it.o(.text) refers to usart.o(.text) for USART1_send
    spi.o(.text) refers to stm32f10x_rcc.o(.text) for RCC_APB2PeriphClockCmd
    spi.o(.text) refers to stm32f10x_gpio.o(.text) for GPIO_Init
    spi.o(.text) refers to stm32f10x_spi.o(.text) for SPI_Init
    usart.o(.text) refers to stm32f10x_rcc.o(.text) for RCC_APB2PeriphClockCmd
    usart.o(.text) refers to stm32f10x_gpio.o(.text) for GPIO_Init
    usart.o(.text) refers to stm32f10x_usart.o(.text) for USART_Init
    dw1000.o(.text) refers to spi.o(.text) for Write_DW1000
    dw1000.o(.text) refers to dw1000.o(.data) for Sequence_Number
    stm32f10x_gpio.o(.text) refers to stm32f10x_rcc.o(.text) for RCC_APB2PeriphResetCmd
    stm32f10x_spi.o(.text) refers to stm32f10x_rcc.o(.text) for RCC_APB2PeriphResetCmd
    stm32f10x_usart.o(.text) refers to stm32f10x_rcc.o(.text) for RCC_APB2PeriphResetCmd
    stm32f10x_rcc.o(.text) refers to stm32f10x_rcc.o(.data) for APBAHBPrescTable
    entry.o(.ARM.Collect$$$$00000000) refers (Special) to entry7.o(.ARM.Collect$$$$00000007) for _main_init
    entry.o(.ARM.Collect$$$$00000000) refers (Special) to entry5.o(.ARM.Collect$$$$00000004) for _main_scatterload
    entry.o(.ARM.Collect$$$$00000000) refers (Special) to entry2.o(.ARM.Collect$$$$00000001) for _main_stk
    entry2.o(.ARM.Collect$$$$00000001) refers to entry2.o(.ARM.Collect$$$$00002712) for __lit__00000000
    entry2.o(.ARM.Collect$$$$00002712) refers to startup_stm32f10x_hd.o(STACK) for __initial_sp
    entry2.o(__vectab_stack_and_reset_area) refers to startup_stm32f10x_hd.o(STACK) for __initial_sp
    entry2.o(__vectab_stack_and_reset_area) refers to entry.o(.ARM.Collect$$$$00000000) for __main
    entry5.o(.ARM.Collect$$$$00000004) refers to init.o(.text) for __scatterload
    entry7.o(.ARM.Collect$$$$00000007) refers to main.o(.text) for main
    init.o(.text) refers to entry5.o(.ARM.Collect$$$$00000004) for __main_after_scatterload


==============================================================================

Removing Unused input sections from the image.

    Removing startup_stm32f10x_hd.o(HEAP), (0 bytes).
    Removing core_cm3.o(.emb_text), (32 bytes).
    Removing system_stm32f10x.o(.text), (292 bytes).
    Removing system_stm32f10x.o(.constdata), (20 bytes).

4 unused section(s) (total 344 bytes) removed from the image.

==============================================================================

Image Symbol Table

    Local Symbols

    Symbol Name                              Value     Ov Type        Size  Object(Section)

    ../../microlib/init/entry.s              0x00000000   Number         0  entry5.o ABSOLUTE
    ../../microlib/init/entry.s              0x00000000   Number         0  entry2.o ABSOLUTE
    ../../microlib/init/entry.s              0x00000000   Number         0  entry.o ABSOLUTE
    ../../microlib/init/entry.s              0x00000000   Number         0  entry7.o ABSOLUTE
    ..\CMSIS\core_cm3.c                      0x00000000   Number         0  core_cm3.o ABSOLUTE
    ..\CMSIS\startup\startup_stm32f10x_hd.s  0x00000000   Number         0  startup_stm32f10x_hd.o ABSOLUTE
    ..\CMSIS\system_stm32f10x.c              0x00000000   Number         0  system_stm32f10x.o ABSOLUTE
    ..\FWlib\src\misc.c                      0x00000000   Number         0  misc.o ABSOLUTE
    ..\FWlib\src\stm32f10x_exti.c            0x00000000   Number         0  stm32f10x_exti.o ABSOLUTE
    ..\FWlib\src\stm32f10x_gpio.c            0x00000000   Number         0  stm32f10x_gpio.o ABSOLUTE
    ..\FWlib\src\stm32f10x_rcc.c             0x00000000   Number         0  stm32f10x_rcc.o ABSOLUTE
    ..\FWlib\src\stm32f10x_spi.c             0x00000000   Number         0  stm32f10x_spi.o ABSOLUTE
    ..\FWlib\src\stm32f10x_usart.c           0x00000000   Number         0  stm32f10x_usart.o ABSOLUTE
    ..\\CMSIS\\core_cm3.c                    0x00000000   Number         0  core_cm3.o ABSOLUTE
    DW1000.c                                 0x00000000   Number         0  dw1000.o ABSOLUTE
    SPI.c                                    0x00000000   Number         0  spi.o ABSOLUTE
    USART.c                                  0x00000000   Number         0  usart.o ABSOLUTE
    dc.s                                     0x00000000   Number         0  dc.o ABSOLUTE
    handlers.s                               0x00000000   Number         0  handlers.o ABSOLUTE
    init.s                                   0x00000000   Number         0  init.o ABSOLUTE
    main.c                                   0x00000000   Number         0  main.o ABSOLUTE
    stm32f10x_it.c                           0x00000000   Number         0  stm32f10x_it.o ABSOLUTE
    RESET                                    0x08000000   Section      304  startup_stm32f10x_hd.o(RESET)
    .ARM.Collect$$$$00000000                 0x08000130   Section        0  entry.o(.ARM.Collect$$$$00000000)
    .ARM.Collect$$$$00000001                 0x08000130   Section        4  entry2.o(.ARM.Collect$$$$00000001)
    .ARM.Collect$$$$00000004                 0x08000134   Section        4  entry5.o(.ARM.Collect$$$$00000004)
    .ARM.Collect$$$$00000007                 0x08000138   Section        8  entry7.o(.ARM.Collect$$$$00000007)
    .ARM.Collect$$$$00002712                 0x08000140   Section        4  entry2.o(.ARM.Collect$$$$00002712)
    __lit__00000000                          0x08000140   Data           4  entry2.o(.ARM.Collect$$$$00002712)
    .text                                    0x08000144   Section       48  startup_stm32f10x_hd.o(.text)
    .text                                    0x08000174   Section        0  main.o(.text)
    .text                                    0x0800020c   Section        0  stm32f10x_it.o(.text)
    .text                                    0x080002e4   Section        0  spi.o(.text)
    .text                                    0x080004c8   Section        0  usart.o(.text)
    .text                                    0x08000570   Section        0  dw1000.o(.text)
    .text                                    0x080006f4   Section        0  stm32f10x_gpio.o(.text)
    .text                                    0x08000a20   Section        0  stm32f10x_spi.o(.text)
    .text                                    0x08000d24   Section        0  stm32f10x_usart.o(.text)
    .text                                    0x0800109c   Section        0  misc.o(.text)
    .text                                    0x08001194   Section        0  stm32f10x_rcc.o(.text)
    .text                                    0x08001534   Section        0  stm32f10x_exti.o(.text)
    .text                                    0x08001690   Section       36  init.o(.text)
    i.__scatterload_copy                     0x080016b4   Section       14  handlers.o(i.__scatterload_copy)
    i.__scatterload_null                     0x080016c2   Section        2  handlers.o(i.__scatterload_null)
    i.__scatterload_zeroinit                 0x080016c4   Section       14  handlers.o(i.__scatterload_zeroinit)
    .data                                    0x20000000   Section        1  dw1000.o(.data)
    .data                                    0x20000001   Section       20  stm32f10x_rcc.o(.data)
    APBAHBPrescTable                         0x20000001   Data          16  stm32f10x_rcc.o(.data)
    ADCPrescTable                            0x20000011   Data           4  stm32f10x_rcc.o(.data)
    STACK                                    0x20000018   Section      512  startup_stm32f10x_hd.o(STACK)

    Global Symbols

    Symbol Name                              Value     Ov Type        Size  Object(Section)

    BuildAttributes$$THM_ISAv4$P$D$K$B$S$PE$A:L22UL41UL21$X:L11$S22US41US21$IEEE1$IW$USESV6$~STKCKD$USESV7$~SHL$OSPACE$EBA8$MICROLIB$REQ8$PRES8$EABIv2 0x00000000   Number         0  anon$$obj.o ABSOLUTE
    __ARM_use_no_argv                        0x00000000   Number         0  main.o ABSOLUTE
    __decompress                              - Undefined Weak Reference
    __Vectors_Size                           0x00000130   Number         0  startup_stm32f10x_hd.o ABSOLUTE
    __Vectors                                0x08000000   Data           4  startup_stm32f10x_hd.o(RESET)
    __Vectors_End                            0x08000130   Data           0  startup_stm32f10x_hd.o(RESET)
    __main                                   0x08000131   Thumb Code     0  entry.o(.ARM.Collect$$$$00000000)
    _main_stk                                0x08000131   Thumb Code     0  entry2.o(.ARM.Collect$$$$00000001)
    _main_scatterload                        0x08000135   Thumb Code     0  entry5.o(.ARM.Collect$$$$00000004)
    __main_after_scatterload                 0x08000139   Thumb Code     0  entry5.o(.ARM.Collect$$$$00000004)
    _main_init                               0x08000139   Thumb Code     0  entry7.o(.ARM.Collect$$$$00000007)
    SystemInit_ExtMemCtl                     0x08000145   Thumb Code     2  startup_stm32f10x_hd.o(.text)
    Reset_Handler                            0x08000147   Thumb Code    14  startup_stm32f10x_hd.o(.text)
    ADC1_2_IRQHandler                        0x08000167   Thumb Code     0  startup_stm32f10x_hd.o(.text)
    ADC3_IRQHandler                          0x08000167   Thumb Code     0  startup_stm32f10x_hd.o(.text)
    CAN1_RX1_IRQHandler                      0x08000167   Thumb Code     0  startup_stm32f10x_hd.o(.text)
    CAN1_SCE_IRQHandler                      0x08000167   Thumb Code     0  startup_stm32f10x_hd.o(.text)
    DMA1_Channel1_IRQHandler                 0x08000167   Thumb Code     0  startup_stm32f10x_hd.o(.text)
    DMA1_Channel2_IRQHandler                 0x08000167   Thumb Code     0  startup_stm32f10x_hd.o(.text)
    DMA1_Channel3_IRQHandler                 0x08000167   Thumb Code     0  startup_stm32f10x_hd.o(.text)
    DMA1_Channel4_IRQHandler                 0x08000167   Thumb Code     0  startup_stm32f10x_hd.o(.text)
    DMA1_Channel5_IRQHandler                 0x08000167   Thumb Code     0  startup_stm32f10x_hd.o(.text)
    DMA1_Channel6_IRQHandler                 0x08000167   Thumb Code     0  startup_stm32f10x_hd.o(.text)
    DMA1_Channel7_IRQHandler                 0x08000167   Thumb Code     0  startup_stm32f10x_hd.o(.text)
    DMA2_Channel1_IRQHandler                 0x08000167   Thumb Code     0  startup_stm32f10x_hd.o(.text)
    DMA2_Channel2_IRQHandler                 0x08000167   Thumb Code     0  startup_stm32f10x_hd.o(.text)
    DMA2_Channel3_IRQHandler                 0x08000167   Thumb Code     0  startup_stm32f10x_hd.o(.text)
    DMA2_Channel4_5_IRQHandler               0x08000167   Thumb Code     0  startup_stm32f10x_hd.o(.text)
    EXTI0_IRQHandler                         0x08000167   Thumb Code     0  startup_stm32f10x_hd.o(.text)
    EXTI15_10_IRQHandler                     0x08000167   Thumb Code     0  startup_stm32f10x_hd.o(.text)
    EXTI2_IRQHandler                         0x08000167   Thumb Code     0  startup_stm32f10x_hd.o(.text)
    EXTI3_IRQHandler                         0x08000167   Thumb Code     0  startup_stm32f10x_hd.o(.text)
    EXTI4_IRQHandler                         0x08000167   Thumb Code     0  startup_stm32f10x_hd.o(.text)
    EXTI9_5_IRQHandler                       0x08000167   Thumb Code     0  startup_stm32f10x_hd.o(.text)
    FLASH_IRQHandler                         0x08000167   Thumb Code     0  startup_stm32f10x_hd.o(.text)
    FSMC_IRQHandler                          0x08000167   Thumb Code     0  startup_stm32f10x_hd.o(.text)
    I2C1_ER_IRQHandler                       0x08000167   Thumb Code     0  startup_stm32f10x_hd.o(.text)
    I2C1_EV_IRQHandler                       0x08000167   Thumb Code     0  startup_stm32f10x_hd.o(.text)
    I2C2_ER_IRQHandler                       0x08000167   Thumb Code     0  startup_stm32f10x_hd.o(.text)
    I2C2_EV_IRQHandler                       0x08000167   Thumb Code     0  startup_stm32f10x_hd.o(.text)
    PVD_IRQHandler                           0x08000167   Thumb Code     0  startup_stm32f10x_hd.o(.text)
    RCC_IRQHandler                           0x08000167   Thumb Code     0  startup_stm32f10x_hd.o(.text)
    RTCAlarm_IRQHandler                      0x08000167   Thumb Code     0  startup_stm32f10x_hd.o(.text)
    RTC_IRQHandler                           0x08000167   Thumb Code     0  startup_stm32f10x_hd.o(.text)
    SDIO_IRQHandler                          0x08000167   Thumb Code     0  startup_stm32f10x_hd.o(.text)
    SPI1_IRQHandler                          0x08000167   Thumb Code     0  startup_stm32f10x_hd.o(.text)
    SPI2_IRQHandler                          0x08000167   Thumb Code     0  startup_stm32f10x_hd.o(.text)
    SPI3_IRQHandler                          0x08000167   Thumb Code     0  startup_stm32f10x_hd.o(.text)
    TAMPER_IRQHandler                        0x08000167   Thumb Code     0  startup_stm32f10x_hd.o(.text)
    TIM1_BRK_IRQHandler                      0x08000167   Thumb Code     0  startup_stm32f10x_hd.o(.text)
    TIM1_CC_IRQHandler                       0x08000167   Thumb Code     0  startup_stm32f10x_hd.o(.text)
    TIM1_TRG_COM_IRQHandler                  0x08000167   Thumb Code     0  startup_stm32f10x_hd.o(.text)
    TIM1_UP_IRQHandler                       0x08000167   Thumb Code     0  startup_stm32f10x_hd.o(.text)
    TIM2_IRQHandler                          0x08000167   Thumb Code     0  startup_stm32f10x_hd.o(.text)
    TIM3_IRQHandler                          0x08000167   Thumb Code     0  startup_stm32f10x_hd.o(.text)
    TIM4_IRQHandler                          0x08000167   Thumb Code     0  startup_stm32f10x_hd.o(.text)
    TIM5_IRQHandler                          0x08000167   Thumb Code     0  startup_stm32f10x_hd.o(.text)
    TIM6_IRQHandler                          0x08000167   Thumb Code     0  startup_stm32f10x_hd.o(.text)
    TIM7_IRQHandler                          0x08000167   Thumb Code     0  startup_stm32f10x_hd.o(.text)
    TIM8_BRK_IRQHandler                      0x08000167   Thumb Code     0  startup_stm32f10x_hd.o(.text)
    TIM8_CC_IRQHandler                       0x08000167   Thumb Code     0  startup_stm32f10x_hd.o(.text)
    TIM8_TRG_COM_IRQHandler                  0x08000167   Thumb Code     0  startup_stm32f10x_hd.o(.text)
    TIM8_UP_IRQHandler                       0x08000167   Thumb Code     0  startup_stm32f10x_hd.o(.text)
    UART4_IRQHandler                         0x08000167   Thumb Code     0  startup_stm32f10x_hd.o(.text)
    UART5_IRQHandler                         0x08000167   Thumb Code     0  startup_stm32f10x_hd.o(.text)
    USART1_IRQHandler                        0x08000167   Thumb Code     0  startup_stm32f10x_hd.o(.text)
    USART2_IRQHandler                        0x08000167   Thumb Code     0  startup_stm32f10x_hd.o(.text)
    USART3_IRQHandler                        0x08000167   Thumb Code     0  startup_stm32f10x_hd.o(.text)
    USBWakeUp_IRQHandler                     0x08000167   Thumb Code     0  startup_stm32f10x_hd.o(.text)
    USB_HP_CAN1_TX_IRQHandler                0x08000167   Thumb Code     0  startup_stm32f10x_hd.o(.text)
    USB_LP_CAN1_RX0_IRQHandler               0x08000167   Thumb Code     0  startup_stm32f10x_hd.o(.text)
    WWDG_IRQHandler                          0x08000167   Thumb Code     0  startup_stm32f10x_hd.o(.text)
    EXTI_init                                0x08000175   Thumb Code   124  main.o(.text)
    main                                     0x080001f1   Thumb Code    24  main.o(.text)
    NMI_Handler                              0x0800020d   Thumb Code     2  stm32f10x_it.o(.text)
    HardFault_Handler                        0x0800020f   Thumb Code     4  stm32f10x_it.o(.text)
    MemManage_Handler                        0x08000213   Thumb Code     4  stm32f10x_it.o(.text)
    BusFault_Handler                         0x08000217   Thumb Code     4  stm32f10x_it.o(.text)
    UsageFault_Handler                       0x0800021b   Thumb Code     4  stm32f10x_it.o(.text)
    SVC_Handler                              0x0800021f   Thumb Code     2  stm32f10x_it.o(.text)
    DebugMon_Handler                         0x08000221   Thumb Code     2  stm32f10x_it.o(.text)
    PendSV_Handler                           0x08000223   Thumb Code     2  stm32f10x_it.o(.text)
    SysTick_Handler                          0x08000225   Thumb Code     2  stm32f10x_it.o(.text)
    EXTI1_IRQHandler                         0x08000227   Thumb Code   190  stm32f10x_it.o(.text)
    SPI1_init                                0x080002e5   Thumb Code   142  spi.o(.text)
    SPI_send_and_receive_byte                0x08000373   Thumb Code    50  spi.o(.text)
    Write_DW1000                             0x080003a5   Thumb Code   140  spi.o(.text)
    Read_DW1000                              0x08000431   Thumb Code   142  spi.o(.text)
    USART1_init                              0x080004c9   Thumb Code   114  usart.o(.text)
    USART1_send                              0x0800053b   Thumb Code    44  usart.o(.text)
    DW1000_init                              0x08000571   Thumb Code   238  dw1000.o(.text)
    Location_polling                         0x0800065f   Thumb Code   104  dw1000.o(.text)
    RX_mode_enable                           0x080006c7   Thumb Code    20  dw1000.o(.text)
    GPIO_DeInit                              0x080006f5   Thumb Code   188  stm32f10x_gpio.o(.text)
    GPIO_AFIODeInit                          0x080007b1   Thumb Code    20  stm32f10x_gpio.o(.text)
    GPIO_Init                                0x080007c5   Thumb Code   274  stm32f10x_gpio.o(.text)
    GPIO_StructInit                          0x080008d7   Thumb Code    16  stm32f10x_gpio.o(.text)
    GPIO_ReadInputDataBit                    0x080008e7   Thumb Code    18  stm32f10x_gpio.o(.text)
    GPIO_ReadInputData                       0x080008f9   Thumb Code     8  stm32f10x_gpio.o(.text)
    GPIO_ReadOutputDataBit                   0x08000901   Thumb Code    18  stm32f10x_gpio.o(.text)
    GPIO_ReadOutputData                      0x08000913   Thumb Code     8  stm32f10x_gpio.o(.text)
    GPIO_SetBits                             0x0800091b   Thumb Code     4  stm32f10x_gpio.o(.text)
    GPIO_ResetBits                           0x0800091f   Thumb Code     4  stm32f10x_gpio.o(.text)
    GPIO_WriteBit                            0x08000923   Thumb Code    10  stm32f10x_gpio.o(.text)
    GPIO_Write                               0x0800092d   Thumb Code     4  stm32f10x_gpio.o(.text)
    GPIO_PinLockConfig                       0x08000931   Thumb Code    18  stm32f10x_gpio.o(.text)
    GPIO_EventOutputConfig                   0x08000943   Thumb Code    26  stm32f10x_gpio.o(.text)
    GPIO_EventOutputCmd                      0x0800095d   Thumb Code     6  stm32f10x_gpio.o(.text)
    GPIO_PinRemapConfig                      0x08000963   Thumb Code   106  stm32f10x_gpio.o(.text)
    GPIO_EXTILineConfig                      0x080009cd   Thumb Code    66  stm32f10x_gpio.o(.text)
    SPI_I2S_DeInit                           0x08000a21   Thumb Code    88  stm32f10x_spi.o(.text)
    SPI_Init                                 0x08000a79   Thumb Code    60  stm32f10x_spi.o(.text)
    I2S_Init                                 0x08000ab5   Thumb Code   206  stm32f10x_spi.o(.text)
    SPI_StructInit                           0x08000b83   Thumb Code    24  stm32f10x_spi.o(.text)
    I2S_StructInit                           0x08000b9b   Thumb Code    20  stm32f10x_spi.o(.text)
    SPI_Cmd                                  0x08000baf   Thumb Code    24  stm32f10x_spi.o(.text)
    I2S_Cmd                                  0x08000bc7   Thumb Code    24  stm32f10x_spi.o(.text)
    SPI_I2S_ITConfig                         0x08000bdf   Thumb Code    36  stm32f10x_spi.o(.text)
    SPI_I2S_DMACmd                           0x08000c03   Thumb Code    24  stm32f10x_spi.o(.text)
    SPI_I2S_SendData                         0x08000c1b   Thumb Code     4  stm32f10x_spi.o(.text)
    SPI_I2S_ReceiveData                      0x08000c1f   Thumb Code     6  stm32f10x_spi.o(.text)
    SPI_NSSInternalSoftwareConfig            0x08000c25   Thumb Code    30  stm32f10x_spi.o(.text)
    SPI_SSOutputCmd                          0x08000c43   Thumb Code    24  stm32f10x_spi.o(.text)
    SPI_DataSizeConfig                       0x08000c5b   Thumb Code    18  stm32f10x_spi.o(.text)
    SPI_TransmitCRC                          0x08000c6d   Thumb Code    10  stm32f10x_spi.o(.text)
    SPI_CalculateCRC                         0x08000c77   Thumb Code    24  stm32f10x_spi.o(.text)
    SPI_GetCRC                               0x08000c8f   Thumb Code    16  stm32f10x_spi.o(.text)
    SPI_GetCRCPolynomial                     0x08000c9f   Thumb Code     6  stm32f10x_spi.o(.text)
    SPI_BiDirectionalLineConfig              0x08000ca5   Thumb Code    28  stm32f10x_spi.o(.text)
    SPI_I2S_GetFlagStatus                    0x08000cc1   Thumb Code    18  stm32f10x_spi.o(.text)
    SPI_I2S_ClearFlag                        0x08000cd3   Thumb Code     6  stm32f10x_spi.o(.text)
    SPI_I2S_GetITStatus                      0x08000cd9   Thumb Code    52  stm32f10x_spi.o(.text)
    SPI_I2S_ClearITPendingBit                0x08000d0d   Thumb Code    20  stm32f10x_spi.o(.text)
    USART_DeInit                             0x08000d25   Thumb Code   146  stm32f10x_usart.o(.text)
    USART_Init                               0x08000db7   Thumb Code   150  stm32f10x_usart.o(.text)
    USART_StructInit                         0x08000e4d   Thumb Code    24  stm32f10x_usart.o(.text)
    USART_ClockInit                          0x08000e65   Thumb Code    34  stm32f10x_usart.o(.text)
    USART_ClockStructInit                    0x08000e87   Thumb Code    12  stm32f10x_usart.o(.text)
    USART_Cmd                                0x08000e93   Thumb Code    24  stm32f10x_usart.o(.text)
    USART_ITConfig                           0x08000eab   Thumb Code    64  stm32f10x_usart.o(.text)
    USART_DMACmd                             0x08000eeb   Thumb Code    24  stm32f10x_usart.o(.text)
    USART_SetAddress                         0x08000f03   Thumb Code    18  stm32f10x_usart.o(.text)
    USART_WakeUpConfig                       0x08000f15   Thumb Code    18  stm32f10x_usart.o(.text)
    USART_ReceiverWakeUpCmd                  0x08000f27   Thumb Code    24  stm32f10x_usart.o(.text)
    USART_LINBreakDetectLengthConfig         0x08000f3f   Thumb Code    18  stm32f10x_usart.o(.text)
    USART_LINCmd                             0x08000f51   Thumb Code    24  stm32f10x_usart.o(.text)
    USART_SendData                           0x08000f69   Thumb Code     8  stm32f10x_usart.o(.text)
    USART_ReceiveData                        0x08000f71   Thumb Code    10  stm32f10x_usart.o(.text)
    USART_SendBreak                          0x08000f7b   Thumb Code    10  stm32f10x_usart.o(.text)
    USART_SetGuardTime                       0x08000f85   Thumb Code    16  stm32f10x_usart.o(.text)
    USART_SetPrescaler                       0x08000f95   Thumb Code    16  stm32f10x_usart.o(.text)
    USART_SmartCardCmd                       0x08000fa5   Thumb Code    24  stm32f10x_usart.o(.text)
    USART_SmartCardNACKCmd                   0x08000fbd   Thumb Code    24  stm32f10x_usart.o(.text)
    USART_HalfDuplexCmd                      0x08000fd5   Thumb Code    24  stm32f10x_usart.o(.text)
    USART_IrDAConfig                         0x08000fed   Thumb Code    18  stm32f10x_usart.o(.text)
    USART_IrDACmd                            0x08000fff   Thumb Code    24  stm32f10x_usart.o(.text)
    USART_GetFlagStatus                      0x08001017   Thumb Code    18  stm32f10x_usart.o(.text)
    USART_ClearFlag                          0x08001029   Thumb Code     6  stm32f10x_usart.o(.text)
    USART_GetITStatus                        0x0800102f   Thumb Code    76  stm32f10x_usart.o(.text)
    USART_ClearITPendingBit                  0x0800107b   Thumb Code    20  stm32f10x_usart.o(.text)
    NVIC_PriorityGroupConfig                 0x0800109d   Thumb Code    10  misc.o(.text)
    NVIC_Init                                0x080010a7   Thumb Code   118  misc.o(.text)
    NVIC_SetVectorTable                      0x0800111d   Thumb Code    12  misc.o(.text)
    NVIC_SystemLPConfig                      0x08001129   Thumb Code    38  misc.o(.text)
    SysTick_CLKSourceConfig                  0x0800114f   Thumb Code    40  misc.o(.text)
    RCC_DeInit                               0x08001195   Thumb Code    62  stm32f10x_rcc.o(.text)
    RCC_HSEConfig                            0x080011d3   Thumb Code    70  stm32f10x_rcc.o(.text)
    RCC_GetFlagStatus                        0x08001219   Thumb Code    56  stm32f10x_rcc.o(.text)
    RCC_WaitForHSEStartUp                    0x08001251   Thumb Code    46  stm32f10x_rcc.o(.text)
    RCC_AdjustHSICalibrationValue            0x0800127f   Thumb Code    20  stm32f10x_rcc.o(.text)
    RCC_HSICmd                               0x08001293   Thumb Code     6  stm32f10x_rcc.o(.text)
    RCC_PLLConfig                            0x08001299   Thumb Code    24  stm32f10x_rcc.o(.text)
    RCC_PLLCmd                               0x080012b1   Thumb Code     6  stm32f10x_rcc.o(.text)
    RCC_SYSCLKConfig                         0x080012b7   Thumb Code    18  stm32f10x_rcc.o(.text)
    RCC_GetSYSCLKSource                      0x080012c9   Thumb Code    10  stm32f10x_rcc.o(.text)
    RCC_HCLKConfig                           0x080012d3   Thumb Code    18  stm32f10x_rcc.o(.text)
    RCC_PCLK1Config                          0x080012e5   Thumb Code    18  stm32f10x_rcc.o(.text)
    RCC_PCLK2Config                          0x080012f7   Thumb Code    20  stm32f10x_rcc.o(.text)
    RCC_ITConfig                             0x0800130b   Thumb Code    30  stm32f10x_rcc.o(.text)
    RCC_USBCLKConfig                         0x08001329   Thumb Code     6  stm32f10x_rcc.o(.text)
    RCC_ADCCLKConfig                         0x0800132f   Thumb Code    18  stm32f10x_rcc.o(.text)
    RCC_LSEConfig                            0x08001341   Thumb Code    44  stm32f10x_rcc.o(.text)
    RCC_LSICmd                               0x0800136d   Thumb Code     6  stm32f10x_rcc.o(.text)
    RCC_RTCCLKConfig                         0x08001373   Thumb Code    12  stm32f10x_rcc.o(.text)
    RCC_RTCCLKCmd                            0x0800137f   Thumb Code     6  stm32f10x_rcc.o(.text)
    RCC_GetClocksFreq                        0x08001385   Thumb Code   192  stm32f10x_rcc.o(.text)
    RCC_AHBPeriphClockCmd                    0x08001445   Thumb Code    26  stm32f10x_rcc.o(.text)
    RCC_APB2PeriphClockCmd                   0x0800145f   Thumb Code    26  stm32f10x_rcc.o(.text)
    RCC_APB1PeriphClockCmd                   0x08001479   Thumb Code    26  stm32f10x_rcc.o(.text)
    RCC_APB2PeriphResetCmd                   0x08001493   Thumb Code    26  stm32f10x_rcc.o(.text)
    RCC_APB1PeriphResetCmd                   0x080014ad   Thumb Code    26  stm32f10x_rcc.o(.text)
    RCC_BackupResetCmd                       0x080014c7   Thumb Code     6  stm32f10x_rcc.o(.text)
    RCC_ClockSecuritySystemCmd               0x080014cd   Thumb Code     6  stm32f10x_rcc.o(.text)
    RCC_MCOConfig                            0x080014d3   Thumb Code     6  stm32f10x_rcc.o(.text)
    RCC_ClearFlag                            0x080014d9   Thumb Code    14  stm32f10x_rcc.o(.text)
    RCC_GetITStatus                          0x080014e7   Thumb Code    20  stm32f10x_rcc.o(.text)
    RCC_ClearITPendingBit                    0x080014fb   Thumb Code     6  stm32f10x_rcc.o(.text)
    EXTI_DeInit                              0x08001535   Thumb Code    30  stm32f10x_exti.o(.text)
    EXTI_Init                                0x08001553   Thumb Code   188  stm32f10x_exti.o(.text)
    EXTI_StructInit                          0x0800160f   Thumb Code    16  stm32f10x_exti.o(.text)
    EXTI_GenerateSWInterrupt                 0x0800161f   Thumb Code    16  stm32f10x_exti.o(.text)
    EXTI_GetFlagStatus                       0x0800162f   Thumb Code    20  stm32f10x_exti.o(.text)
    EXTI_ClearFlag                           0x08001643   Thumb Code     6  stm32f10x_exti.o(.text)
    EXTI_GetITStatus                         0x08001649   Thumb Code    34  stm32f10x_exti.o(.text)
    EXTI_ClearITPendingBit                   0x0800166b   Thumb Code     6  stm32f10x_exti.o(.text)
    __scatterload                            0x08001691   Thumb Code    28  init.o(.text)
    __scatterload_rt2                        0x08001691   Thumb Code     0  init.o(.text)
    __scatterload_copy                       0x080016b5   Thumb Code    14  handlers.o(i.__scatterload_copy)
    __scatterload_null                       0x080016c3   Thumb Code     2  handlers.o(i.__scatterload_null)
    __scatterload_zeroinit                   0x080016c5   Thumb Code    14  handlers.o(i.__scatterload_zeroinit)
    Region$$Table$$Base                      0x080016d4   Number         0  anon$$obj.o(Region$$Table)
    Region$$Table$$Limit                     0x080016f4   Number         0  anon$$obj.o(Region$$Table)
    Sequence_Number                          0x20000000   Data           1  dw1000.o(.data)
    __initial_sp                             0x20000218   Data           0  startup_stm32f10x_hd.o(STACK)



==============================================================================

Memory Map of the image

  Image Entry point : 0x08000131

  Load Region LR_IROM1 (Base: 0x08000000, Size: 0x0000170c, Max: 0x00080000, ABSOLUTE)

    Execution Region ER_IROM1 (Base: 0x08000000, Size: 0x000016f4, Max: 0x00080000, ABSOLUTE)

    Base Addr    Size         Type   Attr      Idx    E Section Name        Object

    0x08000000   0x00000130   Data   RO            3    RESET               startup_stm32f10x_hd.o
    0x08000130   0x00000000   Code   RO          216  * .ARM.Collect$$$$00000000  mc_w.l(entry.o)
    0x08000130   0x00000004   Code   RO          219    .ARM.Collect$$$$00000001  mc_w.l(entry2.o)
    0x08000134   0x00000004   Code   RO          222    .ARM.Collect$$$$00000004  mc_w.l(entry5.o)
    0x08000138   0x00000008   Code   RO          223    .ARM.Collect$$$$00000007  mc_w.l(entry7.o)
    0x08000140   0x00000004   Code   RO          220    .ARM.Collect$$$$00002712  mc_w.l(entry2.o)
    0x08000144   0x00000030   Code   RO            4    .text               startup_stm32f10x_hd.o
    0x08000174   0x00000098   Code   RO           10    .text               main.o
    0x0800020c   0x000000d8   Code   RO           60    .text               stm32f10x_it.o
    0x080002e4   0x000001e4   Code   RO           75    .text               spi.o
    0x080004c8   0x000000a8   Code   RO           87    .text               usart.o
    0x08000570   0x00000184   Code   RO           99    .text               dw1000.o
    0x080006f4   0x0000032c   Code   RO          114    .text               stm32f10x_gpio.o
    0x08000a20   0x00000304   Code   RO          126    .text               stm32f10x_spi.o
    0x08000d24   0x00000378   Code   RO          138    .text               stm32f10x_usart.o
    0x0800109c   0x000000f8   Code   RO          150    .text               misc.o
    0x08001194   0x000003a0   Code   RO          162    .text               stm32f10x_rcc.o
    0x08001534   0x0000015c   Code   RO          176    .text               stm32f10x_exti.o
    0x08001690   0x00000024   Code   RO          224    .text               mc_w.l(init.o)
    0x080016b4   0x0000000e   Code   RO          228    i.__scatterload_copy  mc_w.l(handlers.o)
    0x080016c2   0x00000002   Code   RO          229    i.__scatterload_null  mc_w.l(handlers.o)
    0x080016c4   0x0000000e   Code   RO          230    i.__scatterload_zeroinit  mc_w.l(handlers.o)
    0x080016d2   0x00000002   PAD
    0x080016d4   0x00000020   Data   RO          226    Region$$Table       anon$$obj.o


    Execution Region RW_IRAM1 (Base: 0x20000000, Size: 0x00000218, Max: 0x00010000, ABSOLUTE)

    Base Addr    Size         Type   Attr      Idx    E Section Name        Object

    0x20000000   0x00000001   Data   RW          100    .data               dw1000.o
    0x20000001   0x00000014   Data   RW          163    .data               stm32f10x_rcc.o
    0x20000015   0x00000003   PAD
    0x20000018   0x00000200   Zero   RW            1    STACK               startup_stm32f10x_hd.o


==============================================================================

Image component sizes


      Code (inc. data)   RO Data    RW Data    ZI Data      Debug   Object Name

       388         26          0          1          0       1008   dw1000.o
       152          4          0          0          0     234913   main.o
       248         30          0          0          0       1649   misc.o
       484         10          0          0          0       1895   spi.o
        48         12        304          0        512        832   startup_stm32f10x_hd.o
       348         32          0          0          0       2051   stm32f10x_exti.o
       812         18          0          0          0       5099   stm32f10x_gpio.o
       216          0          0          0          0       1471   stm32f10x_it.o
       928         52          0         20          0       8684   stm32f10x_rcc.o
       772          4          0          0          0       6266   stm32f10x_spi.o
       888         14          0          0          0       7751   stm32f10x_usart.o
       168         10          0          0          0        958   usart.o

    ----------------------------------------------------------------------
      5452        212        336         24        512     272577   Object Totals
         0          0         32          0          0          0   (incl. Generated)
         0          0          0          3          0          3   (incl. Padding)

    ----------------------------------------------------------------------

      Code (inc. data)   RO Data    RW Data    ZI Data      Debug   Library Member Name

         0          0          0          0          0          0   entry.o
         8          4          0          0          0          0   entry2.o
         4          0          0          0          0          0   entry5.o
         8          4          0          0          0          0   entry7.o
        30          0          0          0          0          0   handlers.o
        36          8          0          0          0         68   init.o

    ----------------------------------------------------------------------
        88         16          0          0          0         68   Library Totals
         2          0          0          0          0          0   (incl. Padding)

    ----------------------------------------------------------------------

      Code (inc. data)   RO Data    RW Data    ZI Data      Debug   Library Name

        86         16          0          0          0         68   mc_w.l

    ----------------------------------------------------------------------
        88         16          0          0          0         68   Library Totals

    ----------------------------------------------------------------------

==============================================================================


      Code (inc. data)   RO Data    RW Data    ZI Data      Debug   

      5540        228        336         24        512     271608   Grand Totals
      5540        228        336         24        512     271608   ELF Image Totals
      5540        228        336         24          0          0   ROM Totals

==============================================================================

    Total RO  Size (Code + RO Data)                 5876 (   5.74kB)
    Total RW  Size (RW Data + ZI Data)               536 (   0.52kB)
    Total ROM Size (Code + RO Data + RW Data)       5900 (   5.76kB)

==============================================================================

